Archive member included to satisfy reference by file (symbol)

app/libapp.a(main.c.obj)      (--whole-archive)
zephyr/libzephyr.a(validate_libc.c.obj)
                              (--whole-archive)
zephyr/libzephyr.a(heap.c.obj)
                              (--whole-archive)
zephyr/libzephyr.a(cbprintf_packaged.c.obj)
                              (--whole-archive)
zephyr/libzephyr.a(clock.c.obj)
                              (--whole-archive)
zephyr/libzephyr.a(printk.c.obj)
                              (--whole-archive)
zephyr/libzephyr.a(sem.c.obj)
                              (--whole-archive)
zephyr/libzephyr.a(thread_entry.c.obj)
                              (--whole-archive)
zephyr/libzephyr.a(cbprintf_complete.c.obj)
                              (--whole-archive)
zephyr/libzephyr.a(assert.c.obj)
                              (--whole-archive)
zephyr/libzephyr.a(dec.c.obj)
                              (--whole-archive)
zephyr/libzephyr.a(hex.c.obj)
                              (--whole-archive)
zephyr/libzephyr.a(rb.c.obj)  (--whole-archive)
zephyr/libzephyr.a(timeutil.c.obj)
                              (--whole-archive)
zephyr/libzephyr.a(bitarray.c.obj)
                              (--whole-archive)
zephyr/libzephyr.a(bitmask.c.obj)
                              (--whole-archive)
zephyr/libzephyr.a(ring_buffer.c.obj)
                              (--whole-archive)
zephyr/libzephyr.a(last_section_id.c.obj)
                              (--whole-archive)
zephyr/libzephyr.a(configs.c.obj)
                              (--whole-archive)
zephyr/libzephyr.a(stm32cube_hal.c.obj)
                              (--whole-archive)
zephyr/libzephyr.a(soc_config.c.obj)
                              (--whole-archive)
zephyr/libzephyr.a(stm32_backup_domain.c.obj)
                              (--whole-archive)
zephyr/libzephyr.a(soc.c.obj)
                              (--whole-archive)
zephyr/libzephyr.a(log_core.c.obj)
                              (--whole-archive)
zephyr/libzephyr.a(log_mgmt.c.obj)
                              (--whole-archive)
zephyr/libzephyr.a(log_cache.c.obj)
                              (--whole-archive)
zephyr/libzephyr.a(log_msg.c.obj)
                              (--whole-archive)
zephyr/libzephyr.a(log_output.c.obj)
                              (--whole-archive)
zephyr/libzephyr.a(log_backend_uart.c.obj)
                              (--whole-archive)
zephyr/libzephyr.a(mem_attr.c.obj)
                              (--whole-archive)
zephyr/libzephyr.a(tracing_none.c.obj)
                              (--whole-archive)
zephyr/arch/common/libarch__common.a(sw_isr_common.c.obj)
                              (--whole-archive)
zephyr/arch/common/libarch__common.a(init.c.obj)
                              (--whole-archive)
zephyr/arch/common/libarch__common.a(xip.c.obj)
                              (--whole-archive)
zephyr/arch/arch/arm/core/libarch__arm__core.a(fatal.c.obj)
                              (--whole-archive)
zephyr/arch/arch/arm/core/libarch__arm__core.a(nmi.c.obj)
                              (--whole-archive)
zephyr/arch/arch/arm/core/libarch__arm__core.a(nmi_on_reset.S.obj)
                              (--whole-archive)
zephyr/arch/arch/arm/core/libarch__arm__core.a(tls.c.obj)
                              (--whole-archive)
zephyr/arch/arch/arm/core/cortex_m/libarch__arm__core__cortex_m.a(exc_exit.c.obj)
                              (--whole-archive)
zephyr/arch/arch/arm/core/cortex_m/libarch__arm__core__cortex_m.a(fault.c.obj)
                              (--whole-archive)
zephyr/arch/arch/arm/core/cortex_m/libarch__arm__core__cortex_m.a(fault_s.S.obj)
                              (--whole-archive)
zephyr/arch/arch/arm/core/cortex_m/libarch__arm__core__cortex_m.a(fpu.c.obj)
                              (--whole-archive)
zephyr/arch/arch/arm/core/cortex_m/libarch__arm__core__cortex_m.a(reset.S.obj)
                              (--whole-archive)
zephyr/arch/arch/arm/core/cortex_m/libarch__arm__core__cortex_m.a(scb.c.obj)
                              (--whole-archive)
zephyr/arch/arch/arm/core/cortex_m/libarch__arm__core__cortex_m.a(thread_abort.c.obj)
                              (--whole-archive)
zephyr/arch/arch/arm/core/cortex_m/libarch__arm__core__cortex_m.a(vector_table.S.obj)
                              (--whole-archive)
zephyr/arch/arch/arm/core/cortex_m/libarch__arm__core__cortex_m.a(swap_helper.S.obj)
                              (--whole-archive)
zephyr/arch/arch/arm/core/cortex_m/libarch__arm__core__cortex_m.a(irq_manage.c.obj)
                              (--whole-archive)
zephyr/arch/arch/arm/core/cortex_m/libarch__arm__core__cortex_m.a(prep_c.c.obj)
                              (--whole-archive)
zephyr/arch/arch/arm/core/cortex_m/libarch__arm__core__cortex_m.a(thread.c.obj)
                              (--whole-archive)
zephyr/arch/arch/arm/core/cortex_m/libarch__arm__core__cortex_m.a(cpu_idle.c.obj)
[...]
Memory Configuration

Name             Origin             Length             Attributes
FLASH            0x0000000008000000 0x0000000000040000 xr
RAM              0x0000000020000000 0x0000000000010000 xw
SRAM0            0x0000000020000000 0x0000000000010000 rw
IDT_LIST         0x00000000ffff7fff 0x0000000000008000 xw
*default*        0x0000000000000000 0xffffffffffffffff

Linker script and memory map

                0x0000000008006e78                vfprintf = __d_vfprintf
                0x0000000000000000                vfscanf = __d_vfscanf
LOAD zephyr/CMakeFiles/zephyr_final.dir/misc/empty_file.c.obj
LOAD zephyr/CMakeFiles/zephyr_final.dir/isr_tables.c.obj
LOAD zephyr/CMakeFiles/offsets.dir/./arch/arm/core/offsets/offsets.c.obj
LOAD app/libapp.a
LOAD zephyr/libzephyr.a
LOAD zephyr/arch/common/libarch__common.a
LOAD zephyr/arch/arch/arm/core/libarch__arm__core.a
LOAD zephyr/arch/arch/arm/core/cortex_m/libarch__arm__core__cortex_m.a
LOAD zephyr/arch/arch/arm/core/mpu/libarch__arm__core__mpu.a
LOAD zephyr/lib/libc/picolibc/liblib__libc__picolibc.a
LOAD zephyr/lib/libc/common/liblib__libc__common.a
LOAD zephyr/drivers/interrupt_controller/libdrivers__interrupt_controller.a
LOAD zephyr/drivers/clock_control/libdrivers__clock_control.a
LOAD zephyr/drivers/console/libdrivers__console.a
LOAD zephyr/drivers/gpio/libdrivers__gpio.a
LOAD zephyr/drivers/i2c/libdrivers__i2c.a
LOAD zephyr/drivers/pinctrl/libdrivers__pinctrl.a
LOAD zephyr/drivers/reset/libdrivers__reset.a
LOAD zephyr/drivers/serial/libdrivers__serial.a
LOAD zephyr/drivers/timer/libdrivers__timer.a
LOAD modules/hal_stm32/stm32cube/lib..__modules__hal__stm32__stm32cube.a
LOAD zephyr/kernel/libkernel.a
LOAD zephyr/arch/common/libisr_tables.a
LOAD c:\users\javie\zephyr-sdk-0.17.4\arm-zephyr-eabi\bin\../lib/gcc/../../picolibc/arm-zephyr-eabi/lib/thumb/v7e-m/nofp\libc.a
LOAD c:/users/javie/zephyr-sdk-0.17.4/arm-zephyr-eabi/bin/../lib/gcc/arm-zephyr-eabi/12.2.0/thumb/v7e-m/nofp\libgcc.a
                0x0000000000000020                _region_min_align = 0x20

.rel.plt        0x0000000008000000        0x0
 *(SORT_BY_ALIGNMENT(.rel.plt))
                [!provide]                        PROVIDE (__rel_iplt_start = .)
 *(SORT_BY_ALIGNMENT(.rel.iplt))
 .rel.iplt      0x0000000008000000        0x0 zephyr/CMakeFiles/zephyr_final.dir/isr_tables.c.obj
                [!provide]                        PROVIDE (__rel_iplt_end = .)

.rela.plt       0x0000000000000000        0x0
 *(SORT_BY_ALIGNMENT(.rela.plt))
                [!provide]                        PROVIDE (__rela_iplt_start = .)
 *(SORT_BY_ALIGNMENT(.rela.iplt))
                [!provide]                        PROVIDE (__rela_iplt_end = .)

.rel.dyn
 *(SORT_BY_ALIGNMENT(.rel.*))

.rela.dyn
 *(SORT_BY_ALIGNMENT(.rela.*))

/DISCARD/
 *(SORT_BY_ALIGNMENT(.plt))

/DISCARD/
 *(SORT_BY_ALIGNMENT(.iplt))
                0x0000000008000000                __rom_region_start = 0x8000000

rom_start       0x0000000008000000      0x138
                0x0000000008000000                __rom_start_address = .
 FILL mask 0x00
                0x0000000008000000                . = (. + (0x0 - (. - __rom_start_address)))
                0x0000000008000000                . = ALIGN (0x4)
                0x0000000008000000                . = ALIGN (0x80)
                0x0000000008000000                . = ALIGN (0x200)
                0x0000000008000000                _vector_start = .
 *(SORT_BY_ALIGNMENT(.exc_vector_table))
 *(SORT_BY_ALIGNMENT(.exc_vector_table.*))
 .exc_vector_table._vector_table_section
                0x0000000008000000       0x40 zephyr/arch/arch/arm/core/cortex_m/libarch__arm__core__cortex_m.a(vector_table.S.obj)
                0x0000000008000000                _vector_table
 *(SORT_BY_ALIGNMENT(.vectors))
                0x0000000008000138                _vector_end = .
                0x0000000008000040                . = ALIGN (0x4)
 *(SORT_BY_ALIGNMENT(.gnu.linkonce.irq_vector_table*))
 .gnu.linkonce.irq_vector_table
                0x0000000008000040       0xf8 zephyr/CMakeFiles/zephyr_final.dir/isr_tables.c.obj
                0x0000000008000040                _irq_vector_table
                0x0000000008000138                _vector_end = .

text            0x0000000008000138     0x9bc8
                0x0000000008000138                __text_region_start = .
 *(SORT_BY_ALIGNMENT(.text))
 .text          0x0000000008000138      0x378 c:/users/javie/zephyr-sdk-0.17.4/arm-zephyr-eabi/bin/../lib/gcc/arm-zephyr-eabi/12.2.0/thumb/v7e-m/nofp\libgcc.a(_arm_addsubdf3.o)
                0x0000000008000138                __aeabi_drsub
                0x0000000008000140                __aeabi_dsub
                0x0000000008000140                __subdf3
                0x0000000008000144                __aeabi_dadd
                0x0000000008000144                __adddf3
                0x00000000080003bc                __floatunsidf
                0x00000000080003bc                __aeabi_ui2d
                0x00000000080003dc                __floatsidf
                0x00000000080003dc                __aeabi_i2d
                0x0000000008000400                __aeabi_f2d
                0x0000000008000400                __extendsfdf2
                0x0000000008000444                __floatundidf
                0x0000000008000444                __aeabi_ul2d
                0x0000000008000454                __floatdidf
                0x0000000008000454                __aeabi_l2d
 .text          0x00000000080004b0      0x21c c:/users/javie/zephyr-sdk-0.17.4/arm-zephyr-eabi/bin/../lib/gcc/arm-zephyr-eabi/12.2.0/thumb/v7e-m/nofp\libgcc.a(_arm_addsubsf3.o)
                0x00000000080004b0                __aeabi_frsub
                0x00000000080004b8                __subsf3
                0x00000000080004b8                __aeabi_fsub
                0x00000000080004bc                __aeabi_fadd
                0x00000000080004bc                __addsf3
                0x000000000800061c                __aeabi_ui2f
                0x000000000800061c                __floatunsisf
                0x0000000008000624                __aeabi_i2f
                0x0000000008000624                __floatsisf
                0x0000000008000640                __aeabi_ul2f
                0x0000000008000640                __floatundisf
                0x0000000008000650                __aeabi_l2f
                0x0000000008000650                __floatdisf
 .text          0x00000000080006cc      0x2a0 c:/users/javie/zephyr-sdk-0.17.4/arm-zephyr-eabi/bin/../lib/gcc/arm-zephyr-eabi/12.2.0/thumb/v7e-m/nofp\libgcc.a(_arm_muldivsf3.o)
                0x00000000080006cc                __mulsf3
                0x00000000080006cc                __aeabi_fmul
                0x0000000008000834                __aeabi_fdiv
                0x0000000008000834                __divsf3
 .text          0x000000000800096c       0x30 c:/users/javie/zephyr-sdk-0.17.4/arm-zephyr-eabi/bin/../lib/gcc/arm-zephyr-eabi/12.2.0/thumb/v7e-m/nofp\libgcc.a(_aeabi_uldivmod.o)
                0x000000000800096c                __aeabi_uldivmod
 .text          0x000000000800099c        0x4 c:/users/javie/zephyr-sdk-0.17.4/arm-zephyr-eabi/bin/../lib/gcc/arm-zephyr-eabi/12.2.0/thumb/v7e-m/nofp\libgcc.a(_dvmd_tls.o)
                0x000000000800099c                __aeabi_idiv0
                0x000000000800099c                __aeabi_ldiv0
 .text          0x00000000080009a0       0x10 c:\users\javie\zephyr-sdk-0.17.4\arm-zephyr-eabi\bin\../lib/gcc/../../picolibc/arm-zephyr-eabi/lib/thumb/v7e-m/nofp\libc.a(strlen.S.o)
                0x00000000080009a0                strlen
 .text          0x00000000080009b0      0x2a0 c:/users/javie/zephyr-sdk-0.17.4/arm-zephyr-eabi/bin/../lib/gcc/arm-zephyr-eabi/12.2.0/thumb/v7e-m/nofp\libgcc.a(_udivmoddi4.o)
                0x00000000080009b0                __udivmoddi4
 *(SORT_BY_ALIGNMENT(.text.*))
 .text.mma8451_check_id
                0x0000000008000c50       0x5c app/libapp.a(main.c.obj)
 .text.mma8451_read_xyz
                0x0000000008000cac       0x60 app/libapp.a(main.c.obj)
 .text.mma8451_init
                0x0000000008000d0c      0x11c app/libapp.a(main.c.obj)
 .text.main     0x0000000008000e28       0xf4 app/libapp.a(main.c.obj)
                0x0000000008000e28                main
 .text.sys_heap_init
                0x0000000008000f1c      0x13c zephyr/libzephyr.a(heap.c.obj)
                0x0000000008000f1c                sys_heap_init
 .text.cbvprintf_package
                0x0000000008001058      0x540 zephyr/libzephyr.a(cbprintf_packaged.c.obj)
                0x0000000008001058                cbvprintf_package
 .text.__printk_hook_install
                0x0000000008001598        0xc zephyr/libzephyr.a(printk.c.obj)
                0x0000000008001598                __printk_hook_install
 .text.z_thread_entry
                0x00000000080015a4       0x34 zephyr/libzephyr.a(thread_entry.c.obj)
                0x00000000080015a4                z_thread_entry
 .text.st_stm32_common_config
                0x00000000080015d8       0x14 zephyr/libzephyr.a(soc_config.c.obj)
 .text.stm32_backup_domain_enable_access
                0x00000000080015ec       0xc0 zephyr/libzephyr.a(stm32_backup_domain.c.obj)
                0x00000000080015ec                stm32_backup_domain_enable_access
 .text.stm32_backup_domain_disable_access
                0x00000000080016ac       0xf8 zephyr/libzephyr.a(stm32_backup_domain.c.obj)
                0x00000000080016ac                stm32_backup_domain_disable_access
 .text.soc_early_init_hook
                0x00000000080017a4       0x30 zephyr/libzephyr.a(soc.c.obj)
                0x00000000080017a4                soc_early_init_hook
 .text.log_backend_is_active
                0x00000000080017d4       0x30 zephyr/libzephyr.a(log_core.c.obj)
 .text.log_backend_id_set
                0x0000000008001804       0x2c zephyr/libzephyr.a(log_core.c.obj)
 .text.log_backend_init
                0x0000000008001830       0x38 zephyr/libzephyr.a(log_core.c.obj)
 .text.log_backend_is_ready
                0x0000000008001868       0x34 zephyr/libzephyr.a(log_core.c.obj)
 .text.log_backend_panic
                0x000000000800189c       0x30 zephyr/libzephyr.a(log_core.c.obj)
 .text.log_backend_msg_process
                0x00000000080018cc       0x4c zephyr/libzephyr.a(log_core.c.obj)
 .text.msg_process
                0x0000000008001918       0x70 zephyr/libzephyr.a(log_core.c.obj)
 .text.default_lf_get_timestamp
                0x0000000008001988       0x48 zephyr/libzephyr.a(log_core.c.obj)
 .text.activate_foreach_backend
                0x00000000080019d0       0x50 zephyr/libzephyr.a(log_core.c.obj)
 .text.z_log_init
                0x0000000008001a20       0xec zephyr/libzephyr.a(log_core.c.obj)
 .text.log_format_func_t_get
                0x0000000008001b0c        0xc zephyr/libzephyr.a(log_core.c.obj)
                0x0000000008001b0c                log_format_func_t_get
 .text.log_set_timestamp_func
                0x0000000008001b18       0x24 zephyr/libzephyr.a(log_core.c.obj)
                0x0000000008001b18                log_set_timestamp_func
 .text.log_core_init
                0x0000000008001b3c       0x88 zephyr/libzephyr.a(log_core.c.obj)
                0x0000000008001b3c                log_core_init
 .text.z_impl_log_panic
                0x0000000008001bc4       0x7c zephyr/libzephyr.a(log_core.c.obj)
                0x0000000008001bc4                z_impl_log_panic
 .text.z_log_notify_backend_enabled
                0x0000000008001c40        0xc zephyr/libzephyr.a(log_core.c.obj)
                0x0000000008001c40                z_log_notify_backend_enabled
 .text.z_log_dropped
                0x0000000008001c4c       0x40 zephyr/libzephyr.a(log_core.c.obj)
                0x0000000008001c4c                z_log_dropped
 .text.z_log_msg_commit
                0x0000000008001c8c       0x20 zephyr/libzephyr.a(log_core.c.obj)
                0x0000000008001c8c                z_log_msg_commit
 .text.log_backend_activate
                0x0000000008001cac       0x38 zephyr/libzephyr.a(log_mgmt.c.obj)
 .text.log_src_cnt_get
                0x0000000008001ce4       0x14 zephyr/libzephyr.a(log_mgmt.c.obj)
                0x0000000008001ce4                log_src_cnt_get
 .text.log_source_name_get
                0x0000000008001cf8       0x1c zephyr/libzephyr.a(log_mgmt.c.obj)
                0x0000000008001cf8                log_source_name_get
 .text.z_log_msg_runtime_vcreate
                0x0000000008001d14      0x104 zephyr/libzephyr.a(log_msg.c.obj)
                0x0000000008001d14                z_log_msg_runtime_vcreate
 .text.log_msg_get_source_id
                0x0000000008001e18       0x18 zephyr/libzephyr.a(log_msg.c.obj)
                0x0000000008001e18                log_msg_get_source_id
 .text.print_formatted
                0x0000000008001e30       0x24 zephyr/libzephyr.a(log_output.c.obj)
 .text.timestamp_print
                0x0000000008001e54       0x8c zephyr/libzephyr.a(log_output.c.obj)
 .text.color_print
                0x0000000008001ee0       0x2c zephyr/libzephyr.a(log_output.c.obj)
 .text.ids_print
                0x0000000008001f0c       0x70 zephyr/libzephyr.a(log_output.c.obj)
 .text.prefix_print
                0x0000000008001f7c       0xb0 zephyr/libzephyr.a(log_output.c.obj)
 .text.newline_print
                0x000000000800202c       0x28 zephyr/libzephyr.a(log_output.c.obj)
 .text.hexdump_line_print
                0x0000000008002054       0xc4 zephyr/libzephyr.a(log_output.c.obj)
 .text.log_output_process
                0x0000000008002118       0xb0 zephyr/libzephyr.a(log_output.c.obj)
                0x0000000008002118                log_output_process
 .text.log_output_timestamp_freq_set
                0x00000000080021c8       0x2c zephyr/libzephyr.a(log_output.c.obj)
                0x00000000080021c8                log_output_timestamp_freq_set
 .text.char_out
                0x00000000080021f4       0x24 zephyr/libzephyr.a(log_backend_uart.c.obj)
 .text.log_backend_uart_init
                0x0000000008002218       0x3c zephyr/libzephyr.a(log_backend_uart.c.obj)
 .text.mem_attr_get_regions
                0x0000000008002254        0xc zephyr/libzephyr.a(mem_attr.c.obj)
                0x0000000008002254                mem_attr_get_regions
 .text.arch_bss_zero
                0x0000000008002260       0x18 zephyr/arch/common/libarch__common.a(init.c.obj)
                0x0000000008002260                arch_bss_zero
 .text.arch_data_copy
                0x0000000008002278       0x34 zephyr/arch/common/libarch__common.a(xip.c.obj)
                0x0000000008002278                arch_data_copy
 .text.esf_dump
                0x00000000080022ac       0x94 zephyr/arch/arch/arm/core/libarch__arm__core.a(fatal.c.obj)
 .text.z_arm_fatal_error
                0x0000000008002340       0x48 zephyr/arch/arch/arm/core/libarch__arm__core.a(fatal.c.obj)
                0x0000000008002340                z_arm_fatal_error
 .text.z_SysNmiOnReset
                0x0000000008002388        0x8 zephyr/arch/arch/arm/core/libarch__arm__core.a(nmi_on_reset.S.obj)
                0x0000000008002388                z_SysNmiOnReset
 .text.z_tls_copy
                0x0000000008002390       0x28 zephyr/arch/arch/arm/core/libarch__arm__core.a(tls.c.obj)
 .text.arch_tls_stack_setup
                0x00000000080023b8       0x24 zephyr/arch/arch/arm/core/libarch__arm__core.a(tls.c.obj)
                0x00000000080023b8                arch_tls_stack_setup
 .text._HandlerModeExit
                0x00000000080023dc       0x20 zephyr/arch/arch/arm/core/cortex_m/libarch__arm__core__cortex_m.a(exc_exit.c.obj)
                0x00000000080023dc                z_arm_int_exit
                0x00000000080023dc                z_arm_exc_exit
 .text.z_arm_is_synchronous_svc
                0x00000000080023fc       0x3c zephyr/arch/arch/arm/core/cortex_m/libarch__arm__core__cortex_m.a(fault.c.obj)
 .text.get_esf  0x0000000008002438       0x54 zephyr/arch/arch/arm/core/cortex_m/libarch__arm__core__cortex_m.a(fault.c.obj)
 .text.bus_fault
                0x000000000800248c      0x140 zephyr/arch/arch/arm/core/cortex_m/libarch__arm__core__cortex_m.a(fault.c.obj)
 .text.usage_fault
                0x00000000080025cc      0x120 zephyr/arch/arch/arm/core/cortex_m/libarch__arm__core__cortex_m.a(fault.c.obj)
 .text.debug_monitor
                0x00000000080026ec       0x28 zephyr/arch/arch/arm/core/cortex_m/libarch__arm__core__cortex_m.a(fault.c.obj)
 .text.reserved_exception
                0x0000000008002714       0x40 zephyr/arch/arch/arm/core/cortex_m/libarch__arm__core__cortex_m.a(fault.c.obj)
 .text.mem_manage_fault
                0x0000000008002754      0x194 zephyr/arch/arch/arm/core/cortex_m/libarch__arm__core__cortex_m.a(fault.c.obj)
 .text.hard_fault
                0x00000000080028e8      0x15c zephyr/arch/arch/arm/core/cortex_m/libarch__arm__core__cortex_m.a(fault.c.obj)
 .text.z_arm_fault
                0x0000000008002a44       0xb8 zephyr/arch/arch/arm/core/cortex_m/libarch__arm__core__cortex_m.a(fault.c.obj)
                0x0000000008002a44                z_arm_fault
 .text.z_arm_fault_init
                0x0000000008002afc       0x18 zephyr/arch/arch/arm/core/cortex_m/libarch__arm__core__cortex_m.a(fault.c.obj)
                0x0000000008002afc                z_arm_fault_init
 .text.__fault  0x0000000008002b14       0x14 zephyr/arch/arch/arm/core/cortex_m/libarch__arm__core__cortex_m.a(fault_s.S.obj)
                0x0000000008002b14                z_arm_usage_fault
                0x0000000008002b14                z_arm_mpu_fault
                0x0000000008002b14                z_arm_exc_spurious
                0x0000000008002b14                z_arm_debug_monitor
                0x0000000008002b14                z_arm_hard_fault
                0x0000000008002b14                z_arm_bus_fault
 .text._reset_section
                0x0000000008002b28       0x34 zephyr/arch/arch/arm/core/cortex_m/libarch__arm__core__cortex_m.a(reset.S.obj)
                0x0000000008002b28                __start
                0x0000000008002b28                z_arm_reset
 .text.z_impl_k_thread_abort
                0x0000000008002b5c       0x34 zephyr/arch/arch/arm/core/cortex_m/libarch__arm__core__cortex_m.a(thread_abort.c.obj)
                0x0000000008002b5c                z_impl_k_thread_abort
 .text.z_arm_pendsv
                0x0000000008002b90       0x60 zephyr/arch/arch/arm/core/cortex_m/libarch__arm__core__cortex_m.a(swap_helper.S.obj)
                0x0000000008002b90                z_arm_pendsv
 .text.z_arm_svc
                0x0000000008002bf0       0x24 zephyr/arch/arch/arm/core/cortex_m/libarch__arm__core__cortex_m.a(swap_helper.S.obj)
                0x0000000008002bf0                z_arm_svc
 .text.__NVIC_EnableIRQ
                0x0000000008002c14       0x1c zephyr/arch/arch/arm/core/cortex_m/libarch__arm__core__cortex_m.a(irq_manage.c.obj)
 .text.__NVIC_SetPriority
                0x0000000008002c30       0x28 zephyr/arch/arch/arm/core/cortex_m/libarch__arm__core__cortex_m.a(irq_manage.c.obj)
 .text.arm_irq_priority_set
                0x0000000008002c58       0x48 zephyr/arch/arch/arm/core/cortex_m/libarch__arm__core__cortex_m.a(irq_manage.c.obj)
                0x0000000008002c58                arm_irq_priority_set
 .text.relocate_vector_table
                0x0000000008002ca0       0x1c zephyr/arch/arch/arm/core/cortex_m/libarch__arm__core__cortex_m.a(prep_c.c.obj)
                0x0000000008002ca0                relocate_vector_table
 .text.arch_new_thread
                0x0000000008002cbc       0x40 zephyr/arch/arch/arm/core/cortex_m/libarch__arm__core__cortex_m.a(thread.c.obj)
                0x0000000008002cbc                arch_new_thread
 .text.z_check_thread_stack_fail
                0x0000000008002cfc       0x40 zephyr/arch/arch/arm/core/cortex_m/libarch__arm__core__cortex_m.a(thread.c.obj)
                0x0000000008002cfc                z_check_thread_stack_fail
 .text.arch_switch_to_main_thread
                0x0000000008002d3c       0x3c zephyr/arch/arch/arm/core/cortex_m/libarch__arm__core__cortex_m.a(thread.c.obj)
                0x0000000008002d3c                arch_switch_to_main_thread
 .text.z_arm_cpu_idle_init
                0x0000000008002d78        0xc zephyr/arch/arch/arm/core/cortex_m/libarch__arm__core__cortex_m.a(cpu_idle.c.obj)
                0x0000000008002d78                z_arm_cpu_idle_init
 .text.z_arm_interrupt_init
                0x0000000008002d84       0x34 zephyr/arch/arch/arm/core/cortex_m/libarch__arm__core__cortex_m.a(irq_init.c.obj)
                0x0000000008002d84                z_arm_interrupt_init
 .text._isr_wrapper
                0x0000000008002db8       0x20 zephyr/arch/arch/arm/core/cortex_m/libarch__arm__core__cortex_m.a(isr_wrapper.c.obj)
                0x0000000008002db8                _isr_wrapper
 .text.z_arm_configure_static_mpu_regions
                0x0000000008002dd8       0x1c zephyr/arch/arch/arm/core/mpu/libarch__arm__core__mpu.a(arm_core_mpu.c.obj)
                0x0000000008002dd8                z_arm_configure_static_mpu_regions
 .text.z_arm_configure_dynamic_mpu_regions
                0x0000000008002df4       0x24 zephyr/arch/arch/arm/core/mpu/libarch__arm__core__mpu.a(arm_core_mpu.c.obj)
                0x0000000008002df4                z_arm_configure_dynamic_mpu_regions
 .text.region_init
                0x0000000008002e18       0x28 zephyr/arch/arch/arm/core/mpu/libarch__arm__core__mpu.a(arm_mpu.c.obj)
 .text.region_allocate_and_init
                0x0000000008002e40       0x48 zephyr/arch/arch/arm/core/mpu/libarch__arm__core__mpu.a(arm_mpu.c.obj)
 .text.mpu_configure_regions
                0x0000000008002e88       0x70 zephyr/arch/arch/arm/core/mpu/libarch__arm__core__mpu.a(arm_mpu.c.obj)
 .text.mpu_configure_static_mpu_regions
                0x0000000008002ef8       0x14 zephyr/arch/arch/arm/core/mpu/libarch__arm__core__mpu.a(arm_mpu.c.obj)
 .text.mpu_configure_dynamic_mpu_regions
                0x0000000008002f0c       0x3c zephyr/arch/arch/arm/core/mpu/libarch__arm__core__mpu.a(arm_mpu.c.obj)
 .text.mpu_configure_regions_from_dt
                0x0000000008002f48      0x1f0 zephyr/arch/arch/arm/core/mpu/libarch__arm__core__mpu.a(arm_mpu.c.obj)
 .text.arm_core_mpu_enable
                0x0000000008003138       0x18 zephyr/arch/arch/arm/core/mpu/libarch__arm__core__mpu.a(arm_mpu.c.obj)
                0x0000000008003138                arm_core_mpu_enable
 .text.arm_core_mpu_disable
                0x0000000008003150       0x14 zephyr/arch/arch/arm/core/mpu/libarch__arm__core__mpu.a(arm_mpu.c.obj)
                0x0000000008003150                arm_core_mpu_disable
 .text.arm_core_mpu_configure_static_mpu_regions
                0x0000000008003164       0x44 zephyr/arch/arch/arm/core/mpu/libarch__arm__core__mpu.a(arm_mpu.c.obj)
                0x0000000008003164                arm_core_mpu_configure_static_mpu_regions
 .text.arm_core_mpu_configure_dynamic_mpu_regions
                0x00000000080031a8       0x44 zephyr/arch/arch/arm/core/mpu/libarch__arm__core__mpu.a(arm_mpu.c.obj)
                0x00000000080031a8                arm_core_mpu_configure_dynamic_mpu_regions
 .text.z_arm_mpu_init
                0x00000000080031ec      0x110 zephyr/arch/arch/arm/core/mpu/libarch__arm__core__mpu.a(arm_mpu.c.obj)
                0x00000000080031ec                z_arm_mpu_init
 .text.cbvprintf
                0x00000000080032fc       0x34 zephyr/lib/libc/picolibc/liblib__libc__picolibc.a(cbprintf.c.obj)
                0x00000000080032fc                cbvprintf
 .text.z_impl_zephyr_fputc
                0x0000000008003330       0x10 zephyr/lib/libc/picolibc/liblib__libc__picolibc.a(stdio.c.obj)
                0x0000000008003330                z_impl_zephyr_fputc
 .text.__stdout_hook_install
                0x0000000008003340       0x18 zephyr/lib/libc/picolibc/liblib__libc__picolibc.a(stdio.c.obj)
                0x0000000008003340                __stdout_hook_install
 .text.malloc_prepare
                0x0000000008003358       0x24 zephyr/lib/libc/common/liblib__libc__common.a(malloc.c.obj)
 .text.stm32_fill_irq_table
                0x000000000800337c       0x24 zephyr/drivers/interrupt_controller/libdrivers__interrupt_controller.a(intc_gpio_stm32.c.obj)
 .text.stm32_intc_gpio_isr
                0x00000000080033a0       0x48 zephyr/drivers/interrupt_controller/libdrivers__interrupt_controller.a(intc_gpio_stm32.c.obj)
 .text.LL_SYSCFG_SetEXTISource
                0x00000000080033e8       0x3c zephyr/drivers/interrupt_controller/libdrivers__interrupt_controller.a(intc_gpio_stm32.c.obj)
 .text.LL_SYSCFG_GetEXTISource
                0x0000000008003424       0x28 zephyr/drivers/interrupt_controller/libdrivers__interrupt_controller.a(intc_gpio_stm32.c.obj)
 .text.stm32_gpio_intc_enable_line
                0x000000000800344c       0x54 zephyr/drivers/interrupt_controller/libdrivers__interrupt_controller.a(intc_gpio_stm32.c.obj)
                0x000000000800344c                stm32_gpio_intc_enable_line
 .text.stm32_gpio_intc_disable_line
                0x00000000080034a0       0x14 zephyr/drivers/interrupt_controller/libdrivers__interrupt_controller.a(intc_gpio_stm32.c.obj)
                0x00000000080034a0                stm32_gpio_intc_disable_line
 .text.stm32_gpio_intc_select_line_trigger
                0x00000000080034b4       0x7c zephyr/drivers/interrupt_controller/libdrivers__interrupt_controller.a(intc_gpio_stm32.c.obj)
                0x00000000080034b4                stm32_gpio_intc_select_line_trigger
 .text.stm32_gpio_intc_set_irq_callback
                0x0000000008003530       0x4c zephyr/drivers/interrupt_controller/libdrivers__interrupt_controller.a(intc_gpio_stm32.c.obj)
                0x0000000008003530                stm32_gpio_intc_set_irq_callback
 .text.stm32_gpio_intc_remove_irq_callback
                0x000000000800357c       0x24 zephyr/drivers/interrupt_controller/libdrivers__interrupt_controller.a(intc_gpio_stm32.c.obj)
                0x000000000800357c                stm32_gpio_intc_remove_irq_callback
 .text.stm32_exti_enable_clocks
                0x00000000080035a0       0x64 zephyr/drivers/interrupt_controller/libdrivers__interrupt_controller.a(intc_exti_stm32.c.obj)
 .text.stm32_exti_is_pending
                0x0000000008003604       0x60 zephyr/drivers/interrupt_controller/libdrivers__interrupt_controller.a(intc_exti_stm32.c.obj)
                0x0000000008003604                stm32_exti_is_pending
 .text.stm32_exti_clear_pending
                0x0000000008003664       0x50 zephyr/drivers/interrupt_controller/libdrivers__interrupt_controller.a(intc_exti_stm32.c.obj)
                0x0000000008003664                stm32_exti_clear_pending
 .text.get_pll_div_frequency
                0x00000000080036b4       0x38 zephyr/drivers/clock_control/libdrivers__clock_control.a(clock_stm32_ll_common.c.obj)
 .text.stm32_clock_control_get_subsys_rate
                0x00000000080036ec      0x114 zephyr/drivers/clock_control/libdrivers__clock_control.a(clock_stm32_ll_common.c.obj)
 .text.stm32_clock_control_init
                0x0000000008003800       0xb4 zephyr/drivers/clock_control/libdrivers__clock_control.a(clock_stm32_ll_common.c.obj)
                0x0000000008003800                stm32_clock_control_init
 .text.get_pllsrc_frequency
                0x00000000080038b4        0x8 zephyr/drivers/clock_control/libdrivers__clock_control.a(clock_stm32l4_l5_wb_wl.c.obj)
                0x00000000080038b4                get_pllsrc_frequency
 .text.config_pll_sysclock
                0x00000000080038bc       0x2c zephyr/drivers/clock_control/libdrivers__clock_control.a(clock_stm32l4_l5_wb_wl.c.obj)
                0x00000000080038bc                config_pll_sysclock
 .text.console_out
                0x00000000080038e8       0x28 zephyr/drivers/console/libdrivers__console.a(uart_console.c.obj)
 .text.uart_console_hook_install
                0x0000000008003910       0x18 zephyr/drivers/console/libdrivers__console.a(uart_console.c.obj)
 .text.uart_console_init
                0x0000000008003928       0x1c zephyr/drivers/console/libdrivers__console.a(uart_console.c.obj)
 .text.gpio_stm32_clock_request
                0x0000000008003944       0x3c zephyr/drivers/gpio/libdrivers__gpio.a(gpio_stm32.c.obj)
 .text.gpio_manage_callback
                0x0000000008003980       0x94 zephyr/drivers/gpio/libdrivers__gpio.a(gpio_stm32.c.obj)
 .text.gpio_fire_callbacks
                0x0000000008003a14       0x70 zephyr/drivers/gpio/libdrivers__gpio.a(gpio_stm32.c.obj)
 .text.gpio_stm32_pin_interrupt_configure
                0x0000000008003a84       0x94 zephyr/drivers/gpio/libdrivers__gpio.a(gpio_stm32.c.obj)
 .text.gpio_stm32_init
                0x0000000008003b18       0x28 zephyr/drivers/gpio/libdrivers__gpio.a(gpio_stm32.c.obj)
 .text.i2c_stm32_get_config
                0x0000000008003b40       0x3c zephyr/drivers/i2c/libdrivers__i2c.a(i2c_ll_stm32.c.obj)
                0x0000000008003b40                i2c_stm32_get_config
 .text.i2c_map_dt_bitrate
                0x0000000008003b7c       0x74 zephyr/drivers/i2c/libdrivers__i2c.a(i2c_ll_stm32.c.obj)
 .text.i2c_stm32_set_smbus_mode
                0x0000000008003bf0       0x44 zephyr/drivers/i2c/libdrivers__i2c.a(i2c_ll_stm32.c.obj)
                0x0000000008003bf0                i2c_stm32_set_smbus_mode
 .text.i2c_stm32_runtime_configure
                0x0000000008003c34       0x98 zephyr/drivers/i2c/libdrivers__i2c.a(i2c_ll_stm32.c.obj)
                0x0000000008003c34                i2c_stm32_runtime_configure
 .text.i2c_stm32_init
                0x0000000008003ccc       0xa0 zephyr/drivers/i2c/libdrivers__i2c.a(i2c_ll_stm32.c.obj)
 .text.i2c_stm32_activate
                0x0000000008003d6c       0x6c zephyr/drivers/i2c/libdrivers__i2c.a(i2c_ll_stm32_common.c.obj)
                0x0000000008003d6c                i2c_stm32_activate
 .text.i2c_map_dt_bitrate
                0x0000000008003dd8       0x74 zephyr/drivers/i2c/libdrivers__i2c.a(i2c_ll_stm32_v2.c.obj)
 .text.i2c_stm32_configure_timing
                0x0000000008003e4c      0x13c zephyr/drivers/i2c/libdrivers__i2c.a(i2c_ll_stm32_v2.c.obj)
                0x0000000008003e4c                i2c_stm32_configure_timing
 .text.stm32_pin_configure
                0x0000000008003f88       0x40 zephyr/drivers/pinctrl/libdrivers__pinctrl.a(pinctrl_stm32.c.obj)
 .text.pinctrl_configure_pins
                0x0000000008003fc8       0x88 zephyr/drivers/pinctrl/libdrivers__pinctrl.a(pinctrl_stm32.c.obj)
                0x0000000008003fc8                pinctrl_configure_pins
 .text.LL_LPUART_SetBaudRate
                0x0000000008004050       0x44 zephyr/drivers/serial/libdrivers__serial.a(uart_stm32.c.obj)
 .text.uart_stm32_cfg2ll_stopbits
                0x0000000008004094       0x40 zephyr/drivers/serial/libdrivers__serial.a(uart_stm32.c.obj)
 .text.uart_stm32_poll_in
                0x00000000080040d4       0x10 zephyr/drivers/serial/libdrivers__serial.a(uart_stm32.c.obj)
 .text.uart_stm32_poll_out
                0x00000000080040e4       0x10 zephyr/drivers/serial/libdrivers__serial.a(uart_stm32.c.obj)
 .text.uart_stm32_clocks_enable
                0x00000000080040f4       0x6c zephyr/drivers/serial/libdrivers__serial.a(uart_stm32.c.obj)
 .text.lpuartdiv_calc
                0x0000000008004160       0x30 zephyr/drivers/serial/libdrivers__serial.a(uart_stm32.c.obj)
                0x0000000008004160                lpuartdiv_calc
 .text.uart_stm32_set_baudrate
                0x0000000008004190      0x190 zephyr/drivers/serial/libdrivers__serial.a(uart_stm32.c.obj)
 .text.uart_stm32_configure
                0x0000000008004320      0x134 zephyr/drivers/serial/libdrivers__serial.a(uart_stm32.c.obj)
 .text.uart_stm32_registers_configure
                0x0000000008004454      0x148 zephyr/drivers/serial/libdrivers__serial.a(uart_stm32.c.obj)
 .text.elapsed  0x000000000800459c       0x48 zephyr/drivers/timer/libdrivers__timer.a(cortex_m_systick.c.obj)
 .text.sys_clock_driver_init
                0x00000000080045e4       0x38 zephyr/drivers/timer/libdrivers__timer.a(cortex_m_systick.c.obj)
 .text.sys_clock_isr
                0x000000000800461c       0x58 zephyr/drivers/timer/libdrivers__timer.a(cortex_m_systick.c.obj)
                0x000000000800461c                sys_clock_isr
 .text.sys_clock_set_timeout
                0x0000000008004674      0x17c zephyr/drivers/timer/libdrivers__timer.a(cortex_m_systick.c.obj)
                0x0000000008004674                sys_clock_set_timeout
 .text.sys_clock_elapsed
                0x00000000080047f0       0xb4 zephyr/drivers/timer/libdrivers__timer.a(cortex_m_systick.c.obj)
                0x00000000080047f0                sys_clock_elapsed
 .text.HAL_RCC_GetSysClockFreq
                0x00000000080048a4      0x114 modules/hal_stm32/stm32cube/lib..__modules__hal__stm32__stm32cube.a(stm32wlxx_hal_rcc.c.obj)
                0x00000000080048a4                HAL_RCC_GetSysClockFreq
 .text.LL_SetFlashLatency
                0x00000000080049b8       0xf4 modules/hal_stm32/stm32cube/lib..__modules__hal__stm32__stm32cube.a(stm32wlxx_ll_utils.c.obj)
                0x00000000080049b8                LL_SetFlashLatency
 .text.do_device_init
                0x0000000008004aac       0x64 zephyr/kernel/libkernel.a(device.c.obj)
                0x0000000008004aac                do_device_init
 .text.reason_to_str
                0x0000000008004b10       0x40 zephyr/kernel/libkernel.a(fatal.c.obj)
 .text.thread_name_get
                0x0000000008004b50       0x20 zephyr/kernel/libkernel.a(fatal.c.obj)
 .text.k_sys_fatal_error_handler
                0x0000000008004b70       0x2c zephyr/kernel/libkernel.a(fatal.c.obj)
                0x0000000008004b70                k_sys_fatal_error_handler
 .text.z_fatal_error
                0x0000000008004b9c       0xdc zephyr/kernel/libkernel.a(fatal.c.obj)
                0x0000000008004b9c                z_fatal_error
 .text.init_idle_thread
                0x0000000008004c78       0x54 zephyr/kernel/libkernel.a(init.c.obj)
 .text.z_device_state_init
                0x0000000008004ccc       0x4c zephyr/kernel/libkernel.a(init.c.obj)
 .text.z_sys_init_run_level
                0x0000000008004d18       0x38 zephyr/kernel/libkernel.a(init.c.obj)
 .text.thread_schedule_new
                0x0000000008004d50       0x1c zephyr/kernel/libkernel.a(init.c.obj)
 .text.z_init_static_threads
                0x0000000008004d6c       0xc4 zephyr/kernel/libkernel.a(init.c.obj)
 .text.bg_thread_main
                0x0000000008004e30       0x34 zephyr/kernel/libkernel.a(init.c.obj)
 .text.switch_to_main_thread
                0x0000000008004e64       0x14 zephyr/kernel/libkernel.a(init.c.obj)
 .text.z_init_cpu
                0x0000000008004e78       0x44 zephyr/kernel/libkernel.a(init.c.obj)
                0x0000000008004e78                z_init_cpu
 .text.prepare_multithreading
                0x0000000008004ebc       0x60 zephyr/kernel/libkernel.a(init.c.obj)
 .text.z_cstart
                0x0000000008004f1c       0x80 zephyr/kernel/libkernel.a(init.c.obj)
                0x0000000008004f1c                z_cstart
 .text.idle     0x0000000008004f9c       0x48 zephyr/kernel/libkernel.a(idle.c.obj)
                0x0000000008004f9c                idle
 .text.arch_spin_relax
                0x0000000008004fe4       0x44 zephyr/kernel/libkernel.a(idle.c.obj)
                0x0000000008004fe4                arch_spin_relax
 .text.unpend_thread_no_timeout
                0x0000000008005028       0x44 zephyr/kernel/libkernel.a(sem.c.obj)
 .text.z_impl_k_sem_give
                0x000000000800506c      0x138 zephyr/kernel/libkernel.a(sem.c.obj)
                0x000000000800506c                z_impl_k_sem_give
 .text.z_impl_k_sem_take
                0x00000000080051a4      0x124 zephyr/kernel/libkernel.a(sem.c.obj)
                0x00000000080051a4                z_impl_k_sem_take
 .text.z_setup_new_thread
                0x00000000080052c8       0xb8 zephyr/kernel/libkernel.a(thread.c.obj)
                0x00000000080052c8                z_setup_new_thread
 .text.z_dummy_thread_init
                0x0000000008005380       0x18 zephyr/kernel/libkernel.a(thread.c.obj)
                0x0000000008005380                z_dummy_thread_init
 .text.unpend_thread_no_timeout
                0x0000000008005398       0x44 zephyr/kernel/libkernel.a(sched.c.obj)
 .text.z_swap_irqlock
                0x00000000080053dc       0x6c zephyr/kernel/libkernel.a(sched.c.obj)
 .text.ready_thread
                0x0000000008005448      0x10c zephyr/kernel/libkernel.a(sched.c.obj)
 .text.unready_thread
                0x0000000008005554       0xbc zephyr/kernel/libkernel.a(sched.c.obj)
 .text.thread_halt_spin
                0x0000000008005610      0x168 zephyr/kernel/libkernel.a(sched.c.obj)
 .text.add_thread_timeout
                0x0000000008005778       0x20 zephyr/kernel/libkernel.a(sched.c.obj)
 .text.move_thread_to_end_of_prio_q
                0x0000000008005798      0x138 zephyr/kernel/libkernel.a(sched.c.obj)
                0x0000000008005798                move_thread_to_end_of_prio_q
 .text.z_ready_thread
                0x00000000080058d0       0xa8 zephyr/kernel/libkernel.a(sched.c.obj)
                0x00000000080058d0                z_ready_thread
 .text.z_sched_wake_thread
                0x0000000008005978       0xbc zephyr/kernel/libkernel.a(sched.c.obj)
                0x0000000008005978                z_sched_wake_thread
 .text.z_pend_curr
                0x0000000008005a34      0x100 zephyr/kernel/libkernel.a(sched.c.obj)
                0x0000000008005a34                z_pend_curr
 .text.z_reschedule
                0x0000000008005b34       0x90 zephyr/kernel/libkernel.a(sched.c.obj)
                0x0000000008005b34                z_reschedule
 .text.z_reschedule_irqlock
                0x0000000008005bc4       0x2c zephyr/kernel/libkernel.a(sched.c.obj)
                0x0000000008005bc4                z_reschedule_irqlock
 .text.k_sched_lock
                0x0000000008005bf0      0x100 zephyr/kernel/libkernel.a(sched.c.obj)
                0x0000000008005bf0                k_sched_lock
 .text.k_sched_unlock
                0x0000000008005cf0      0x168 zephyr/kernel/libkernel.a(sched.c.obj)
                0x0000000008005cf0                k_sched_unlock
 .text.z_sched_init
                0x0000000008005e58       0x10 zephyr/kernel/libkernel.a(sched.c.obj)
                0x0000000008005e58                z_sched_init
 .text.z_impl_k_yield
                0x0000000008005e68      0x144 zephyr/kernel/libkernel.a(sched.c.obj)
                0x0000000008005e68                z_impl_k_yield
 .text.z_tick_sleep
                0x0000000008005fac      0x12c zephyr/kernel/libkernel.a(sched.c.obj)
 .text.z_impl_k_sleep
                0x00000000080060d8       0xbc zephyr/kernel/libkernel.a(sched.c.obj)
                0x00000000080060d8                z_impl_k_sleep
 .text.z_impl_k_wakeup
                0x0000000008006194       0xb8 zephyr/kernel/libkernel.a(sched.c.obj)
                0x0000000008006194                z_impl_k_wakeup
 .text.z_impl_k_sched_current_thread_query
                0x000000000800624c        0xc zephyr/kernel/libkernel.a(sched.c.obj)
                0x000000000800624c                z_impl_k_sched_current_thread_query
 .text.z_thread_abort
                0x0000000008006258      0x318 zephyr/kernel/libkernel.a(sched.c.obj)
                0x0000000008006258                z_thread_abort
 .text.slice_timeout
                0x0000000008006570       0x6c zephyr/kernel/libkernel.a(timeslicing.c.obj)
 .text.thread_is_sliceable
                0x00000000080065dc       0x4c zephyr/kernel/libkernel.a(timeslicing.c.obj)
                0x00000000080065dc                thread_is_sliceable
 .text.z_reset_time_slice
                0x0000000008006628       0x50 zephyr/kernel/libkernel.a(timeslicing.c.obj)
                0x0000000008006628                z_reset_time_slice
 .text.z_time_slice
                0x0000000008006678      0x10c zephyr/kernel/libkernel.a(timeslicing.c.obj)
                0x0000000008006678                z_time_slice
 .text.z_spin_lock_valid
                0x0000000008006784       0x20 zephyr/kernel/libkernel.a(spinlock_validate.c.obj)
                0x0000000008006784                z_spin_lock_valid
 .text.z_spin_unlock_valid
                0x00000000080067a4       0x34 zephyr/kernel/libkernel.a(spinlock_validate.c.obj)
                0x00000000080067a4                z_spin_unlock_valid
 .text.z_spin_lock_set_owner
                0x00000000080067d8       0x10 zephyr/kernel/libkernel.a(spinlock_validate.c.obj)
                0x00000000080067d8                z_spin_lock_set_owner
 .text.first    0x00000000080067e8       0x14 zephyr/kernel/libkernel.a(timeout.c.obj)
 .text.next     0x00000000080067fc       0x18 zephyr/kernel/libkernel.a(timeout.c.obj)
 .text.elapsed  0x0000000008006814       0x18 zephyr/kernel/libkernel.a(timeout.c.obj)
 .text.z_add_timeout
                0x000000000800682c      0x1e8 zephyr/kernel/libkernel.a(timeout.c.obj)
                0x000000000800682c                z_add_timeout
 .text.z_abort_timeout
                0x0000000008006a14       0xd8 zephyr/kernel/libkernel.a(timeout.c.obj)
                0x0000000008006a14                z_abort_timeout
 .text.sys_clock_announce
                0x0000000008006aec      0x194 zephyr/kernel/libkernel.a(timeout.c.obj)
                0x0000000008006aec                sys_clock_announce
 .text.sys_clock_tick_get
                0x0000000008006c80       0xb0 zephyr/kernel/libkernel.a(timeout.c.obj)
                0x0000000008006c80                sys_clock_tick_get
 .text.boot_banner
                0x0000000008006d30       0x10 zephyr/kernel/libkernel.a(banner.c.obj)
                0x0000000008006d30                boot_banner
 .text.skip_to_arg
                0x0000000008006d40      0x138 c:\users\javie\zephyr-sdk-0.17.4\arm-zephyr-eabi\bin\../lib/gcc/../../picolibc/arm-zephyr-eabi/lib/thumb/v7e-m/nofp\libc.a(libc_tinystdio_vfprintf.c.o)
 .text.vfprintf
                0x0000000008006e78      0x9c4 c:\users\javie\zephyr-sdk-0.17.4\arm-zephyr-eabi\bin\../lib/gcc/../../picolibc/arm-zephyr-eabi/lib/thumb/v7e-m/nofp\libc.a(libc_tinystdio_vfprintf.c.o)
                0x0000000008006e78                __d_vfprintf
 .text.div10    0x000000000800783c       0x28 c:\users\javie\zephyr-sdk-0.17.4\arm-zephyr-eabi\bin\../lib/gcc/../../picolibc/arm-zephyr-eabi/lib/thumb/v7e-m/nofp\libc.a(libc_tinystdio_dtoa_ryu.c.o)
 .text.__dtoa_engine
                0x0000000008007864      0x49c c:\users\javie\zephyr-sdk-0.17.4\arm-zephyr-eabi\bin\../lib/gcc/../../picolibc/arm-zephyr-eabi/lib/thumb/v7e-m/nofp\libc.a(libc_tinystdio_dtoa_ryu.c.o)
                0x0000000008007864                __dtoa_engine
 .text.__log10Pow2
                0x0000000008007d00        0xc c:\users\javie\zephyr-sdk-0.17.4\arm-zephyr-eabi\bin\../lib/gcc/../../picolibc/arm-zephyr-eabi/lib/thumb/v7e-m/nofp\libc.a(libc_tinystdio_ryu_log10.c.o)
                0x0000000008007d00                __log10Pow2
 .text.__log10Pow5
                0x0000000008007d0c        0xc c:\users\javie\zephyr-sdk-0.17.4\arm-zephyr-eabi\bin\../lib/gcc/../../picolibc/arm-zephyr-eabi/lib/thumb/v7e-m/nofp\libc.a(libc_tinystdio_ryu_log10.c.o)
                0x0000000008007d0c                __log10Pow5
 .text.__pow5bits
                0x0000000008007d18       0x10 c:\users\javie\zephyr-sdk-0.17.4\arm-zephyr-eabi\bin\../lib/gcc/../../picolibc/arm-zephyr-eabi/lib/thumb/v7e-m/nofp\libc.a(libc_tinystdio_ryu_pow5bits.c.o)
                0x0000000008007d18                __pow5bits
 .text.__pow5Factor
                0x0000000008007d28       0x30 c:\users\javie\zephyr-sdk-0.17.4\arm-zephyr-eabi\bin\../lib/gcc/../../picolibc/arm-zephyr-eabi/lib/thumb/v7e-m/nofp\libc.a(libc_tinystdio_ryu_table.c.o)
                0x0000000008007d28                __pow5Factor
 .text.__double_computePow5
                0x0000000008007d58       0xe8 c:\users\javie\zephyr-sdk-0.17.4\arm-zephyr-eabi\bin\../lib/gcc/../../picolibc/arm-zephyr-eabi/lib/thumb/v7e-m/nofp\libc.a(libc_tinystdio_ryu_table.c.o)
                0x0000000008007d58                __double_computePow5
 .text.__double_computeInvPow5
                0x0000000008007e40       0xf8 c:\users\javie\zephyr-sdk-0.17.4\arm-zephyr-eabi\bin\../lib/gcc/../../picolibc/arm-zephyr-eabi/lib/thumb/v7e-m/nofp\libc.a(libc_tinystdio_ryu_table.c.o)
                0x0000000008007e40                __double_computeInvPow5
 .text._OffsetAbsSyms
                0x0000000008007f38        0x2 zephyr/CMakeFiles/offsets.dir/./arch/arm/core/offsets/offsets.c.obj
                0x0000000008007f38                _OffsetAbsSyms
 .text.z_impl_i2c_transfer
                0x0000000008007f3a       0x2e app/libapp.a(main.c.obj)
 .text.i2c_write
                0x0000000008007f68       0x1c app/libapp.a(main.c.obj)
 .text.i2c_write_read
                0x0000000008007f84       0x2c app/libapp.a(main.c.obj)
 .text.mma_read_regs
                0x0000000008007fb0       0x20 app/libapp.a(main.c.obj)
 .text.mma_write_reg
                0x0000000008007fd0       0x1e app/libapp.a(main.c.obj)
 .text.convert_to_g
                0x0000000008007fee       0x2e app/libapp.a(main.c.obj)
 .text.mma8451_set_range
                0x000000000800801c       0x5c app/libapp.a(main.c.obj)
 .text.free_list_add_bidx
                0x0000000008008078       0x4e zephyr/libzephyr.a(heap.c.obj)
 .text.free_list_add
                0x00000000080080c6       0x18 zephyr/libzephyr.a(heap.c.obj)
 .text.cbprintf_via_va_list
                0x00000000080080de        0xe zephyr/libzephyr.a(cbprintf_packaged.c.obj)
 .text.cbpprintf_external
                0x00000000080080ec       0x60 zephyr/libzephyr.a(cbprintf_packaged.c.obj)
                0x00000000080080ec                cbpprintf_external
 .text.arch_printk_char_out
                0x000000000800814c        0x4 zephyr/libzephyr.a(printk.c.obj)
                0x000000000800814c                arch_printk_char_out
 .text.vprintk  0x0000000008008150        0x8 zephyr/libzephyr.a(printk.c.obj)
                0x0000000008008150                vprintk
 .text.printk   0x0000000008008158       0x1c zephyr/libzephyr.a(printk.c.obj)
                0x0000000008008158                printk
 .text.assert_post_action
                0x0000000008008174       0x12 zephyr/libzephyr.a(assert.c.obj)
                0x0000000008008174                assert_post_action
 .text.assert_print
                0x0000000008008186       0x1c zephyr/libzephyr.a(assert.c.obj)
                0x0000000008008186                assert_print
 .text._ConfigAbsSyms
                0x00000000080081a2        0x2 zephyr/libzephyr.a(configs.c.obj)
                0x00000000080081a2                _ConfigAbsSyms
 .text.z_log_msg_runtime_create
                0x00000000080081a4       0x1e zephyr/libzephyr.a(stm32_backup_domain.c.obj)
 .text.dummy_timestamp
                0x00000000080081c2        0x4 zephyr/libzephyr.a(log_core.c.obj)
 .text.msg_filter_check
                0x00000000080081c6        0x4 zephyr/libzephyr.a(log_core.c.obj)
 .text.msg_commit
                0x00000000080081ca        0xa zephyr/libzephyr.a(log_core.c.obj)
 .text.k_msleep
                0x00000000080081d4       0x20 zephyr/libzephyr.a(log_core.c.obj)
 .text.enable_logger
                0x00000000080081f4        0xe zephyr/libzephyr.a(log_core.c.obj)
 .text.z_log_vprintk
                0x0000000008008202       0x1e zephyr/libzephyr.a(log_core.c.obj)
                0x0000000008008202                z_log_vprintk
 .text.z_log_get_tag
                0x0000000008008220        0x4 zephyr/libzephyr.a(log_core.c.obj)
                0x0000000008008220                z_log_get_tag
 .text.log_backend_enable
                0x0000000008008224       0x10 zephyr/libzephyr.a(log_mgmt.c.obj)
                0x0000000008008224                log_backend_enable
 .text.z_log_msg_finalize
                0x0000000008008234       0x2e zephyr/libzephyr.a(log_msg.c.obj)
                0x0000000008008234                z_log_msg_finalize
 .text.z_log_msg_runtime_create
                0x0000000008008262       0x1e zephyr/libzephyr.a(log_msg.c.obj)
 .text.log_output_flush
                0x0000000008008280       0x2e zephyr/libzephyr.a(log_output.c.obj)
 .text.out_func
                0x00000000080082ae       0x1e zephyr/libzephyr.a(log_output.c.obj)
 .text.cr_out_func
                0x00000000080082cc       0x1e zephyr/libzephyr.a(log_output.c.obj)
 .text.color_prefix
                0x00000000080082ea        0xc zephyr/libzephyr.a(log_output.c.obj)
 .text.color_postfix
                0x00000000080082f6        0xc zephyr/libzephyr.a(log_output.c.obj)
 .text.postfix_print
                0x0000000008008302       0x18 zephyr/libzephyr.a(log_output.c.obj)
 .text.log_msg_hexdump
                0x000000000800831a       0x36 zephyr/libzephyr.a(log_output.c.obj)
 .text.log_output_msg_process
                0x0000000008008350       0x66 zephyr/libzephyr.a(log_output.c.obj)
                0x0000000008008350                log_output_msg_process
 .text.log_output_flush
                0x00000000080083b6       0x2e zephyr/libzephyr.a(log_backend_uart.c.obj)
 .text.format_set
                0x00000000080083e4        0xc zephyr/libzephyr.a(log_backend_uart.c.obj)
 .text.panic    0x00000000080083f0       0x14 zephyr/libzephyr.a(log_backend_uart.c.obj)
 .text.process  0x0000000008008404       0x1c zephyr/libzephyr.a(log_backend_uart.c.obj)
 .text.arch_early_memset
                0x0000000008008420        0x8 zephyr/arch/common/libarch__common.a(init.c.obj)
                0x0000000008008420                arch_early_memset
 .text.arch_early_memcpy
                0x0000000008008428        0x8 zephyr/arch/common/libarch__common.a(init.c.obj)
                0x0000000008008428                arch_early_memcpy
 .text.z_log_msg_runtime_create
                0x0000000008008430       0x1e zephyr/arch/arch/arm/core/libarch__arm__core.a(fatal.c.obj)
 .text.z_do_kernel_oops
                0x000000000800844e        0xc zephyr/arch/arch/arm/core/libarch__arm__core.a(fatal.c.obj)
                0x000000000800844e                z_do_kernel_oops
 .text.z_arm_nmi
                0x000000000800845a        0xc zephyr/arch/arch/arm/core/libarch__arm__core.a(nmi.c.obj)
                0x000000000800845a                z_arm_nmi
 .text.memory_fault_recoverable
                0x0000000008008466        0x4 zephyr/arch/arch/arm/core/cortex_m/libarch__arm__core__cortex_m.a(fault.c.obj)
 .text.z_log_msg_runtime_create
                0x000000000800846a       0x1e zephyr/arch/arch/arm/core/cortex_m/libarch__arm__core__cortex_m.a(fault.c.obj)
 .text.fault_handle
                0x0000000008008488       0x4a zephyr/arch/arch/arm/core/cortex_m/libarch__arm__core__cortex_m.a(fault.c.obj)
 .text.arm_irq_enable
                0x00000000080084d2        0xa zephyr/arch/arch/arm/core/cortex_m/libarch__arm__core__cortex_m.a(irq_manage.c.obj)
                0x00000000080084d2                arm_irq_enable
 .text.z_irq_spurious
                0x00000000080084dc        0xc zephyr/arch/arch/arm/core/cortex_m/libarch__arm__core__cortex_m.a(irq_manage.c.obj)
                0x00000000080084dc                z_irq_spurious
 .text.z_prep_c
                0x00000000080084e8       0x16 zephyr/arch/arch/arm/core/cortex_m/libarch__arm__core__cortex_m.a(prep_c.c.obj)
                0x00000000080084e8                z_prep_c
 .text.arch_coprocessors_disable
                0x00000000080084fe        0x6 zephyr/arch/arch/arm/core/cortex_m/libarch__arm__core__cortex_m.a(thread.c.obj)
                0x00000000080084fe                arch_coprocessors_disable
 .text.arch_irq_unlock_outlined
                0x0000000008008504        0xe zephyr/arch/arch/arm/core/cortex_m/libarch__arm__core__cortex_m.a(thread.c.obj)
                0x0000000008008504                arch_irq_unlock_outlined
 .text.arch_cpu_idle
                0x0000000008008512       0x1a zephyr/arch/arch/arm/core/cortex_m/libarch__arm__core__cortex_m.a(cpu_idle.c.obj)
                0x0000000008008512                arch_cpu_idle
 .text.mpu_partition_is_valid
                0x000000000800852c       0x22 zephyr/arch/arch/arm/core/mpu/libarch__arm__core__mpu.a(arm_mpu.c.obj)
 .text.z_log_msg_runtime_create
                0x000000000800854e       0x1e zephyr/arch/arch/arm/core/mpu/libarch__arm__core__mpu.a(arm_mpu.c.obj)
 .text.mpu_configure_region
                0x000000000800856c       0x3e zephyr/arch/arch/arm/core/mpu/libarch__arm__core__mpu.a(arm_mpu.c.obj)
 .text.cbputc   0x00000000080085aa        0xc zephyr/lib/libc/picolibc/liblib__libc__picolibc.a(cbprintf.c.obj)
 .text.picolibc_put
                0x00000000080085b6        0xa zephyr/lib/libc/picolibc/liblib__libc__picolibc.a(stdio.c.obj)
 .text.stm32_exti_gpio_intc_init
                0x00000000080085c0       0x92 zephyr/drivers/interrupt_controller/libdrivers__interrupt_controller.a(intc_gpio_stm32.c.obj)
 .text.stm32_gpio_intc_get_pin_irq_line
                0x0000000008008652        0xa zephyr/drivers/interrupt_controller/libdrivers__interrupt_controller.a(intc_gpio_stm32.c.obj)
                0x0000000008008652                stm32_gpio_intc_get_pin_irq_line
 .text.stm32_exti_set_line_src_port
                0x000000000800865c       0x1c zephyr/drivers/interrupt_controller/libdrivers__interrupt_controller.a(intc_gpio_stm32.c.obj)
                0x000000000800865c                stm32_exti_set_line_src_port
 .text.stm32_exti_get_line_src_port
                0x0000000008008678       0x1a zephyr/drivers/interrupt_controller/libdrivers__interrupt_controller.a(intc_gpio_stm32.c.obj)
                0x0000000008008678                stm32_exti_get_line_src_port
 .text.z_log_msg_runtime_create
                0x0000000008008692       0x1e zephyr/drivers/interrupt_controller/libdrivers__interrupt_controller.a(intc_exti_stm32.c.obj)
 .text.stm32_exti_init
                0x00000000080086b0        0x8 zephyr/drivers/interrupt_controller/libdrivers__interrupt_controller.a(intc_exti_stm32.c.obj)
 .text.get_bus_clock
                0x00000000080086b8        0x6 zephyr/drivers/clock_control/libdrivers__clock_control.a(clock_stm32_ll_common.c.obj)
 .text.get_msi_frequency
                0x00000000080086be        0x4 zephyr/drivers/clock_control/libdrivers__clock_control.a(clock_stm32_ll_common.c.obj)
 .text.stm32_clock_control_on
                0x00000000080086c2       0x3c zephyr/drivers/clock_control/libdrivers__clock_control.a(clock_stm32_ll_common.c.obj)
 .text.stm32_clock_control_off
                0x00000000080086fe       0x2a zephyr/drivers/clock_control/libdrivers__clock_control.a(clock_stm32_ll_common.c.obj)
 .text.stm32_clock_switch_to_hsi
                0x0000000008008728       0x4e zephyr/drivers/clock_control/libdrivers__clock_control.a(clock_stm32_ll_common.c.obj)
 .text.set_up_fixed_clock_sources
                0x0000000008008776       0xae zephyr/drivers/clock_control/libdrivers__clock_control.a(clock_stm32_ll_common.c.obj)
 .text.set_up_plls
                0x0000000008008824       0x7e zephyr/drivers/clock_control/libdrivers__clock_control.a(clock_stm32_ll_common.c.obj)
 .text.enabled_clock
                0x00000000080088a2       0x22 zephyr/drivers/clock_control/libdrivers__clock_control.a(clock_stm32_ll_common.c.obj)
                0x00000000080088a2                enabled_clock
 .text.stm32_clock_control_configure
                0x00000000080088c4       0x4e zephyr/drivers/clock_control/libdrivers__clock_control.a(clock_stm32_ll_common.c.obj)
 .text.stm32_clock_control_get_status
                0x0000000008008912       0x36 zephyr/drivers/clock_control/libdrivers__clock_control.a(clock_stm32_ll_common.c.obj)
 .text.config_regulator_voltage
                0x0000000008008948        0x2 zephyr/drivers/clock_control/libdrivers__clock_control.a(clock_stm32_ll_common.c.obj)
                0x0000000008008948                config_regulator_voltage
 .text.get_pll_source
                0x000000000800894a        0x4 zephyr/drivers/clock_control/libdrivers__clock_control.a(clock_stm32l4_l5_wb_wl.c.obj)
 .text.config_enable_default_clocks
                0x000000000800894e        0x2 zephyr/drivers/clock_control/libdrivers__clock_control.a(clock_stm32l4_l5_wb_wl.c.obj)
                0x000000000800894e                config_enable_default_clocks
 .text.sys_slist_remove
                0x0000000008008950       0x26 zephyr/drivers/gpio/libdrivers__gpio.a(gpio_stm32.c.obj)
 .text.sys_slist_find_and_remove
                0x0000000008008976       0x20 zephyr/drivers/gpio/libdrivers__gpio.a(gpio_stm32.c.obj)
 .text.pm_device_driver_init
                0x0000000008008996       0x24 zephyr/drivers/gpio/libdrivers__gpio.a(gpio_stm32.c.obj)
 .text.gpio_stm32_flags_to_conf
                0x00000000080089ba       0xa8 zephyr/drivers/gpio/libdrivers__gpio.a(gpio_stm32.c.obj)
 .text.gpio_stm32_port_get_raw
                0x0000000008008a62        0xc zephyr/drivers/gpio/libdrivers__gpio.a(gpio_stm32.c.obj)
 .text.gpio_stm32_port_set_masked_raw
                0x0000000008008a6e       0x12 zephyr/drivers/gpio/libdrivers__gpio.a(gpio_stm32.c.obj)
 .text.gpio_stm32_port_set_bits_raw
                0x0000000008008a80        0xa zephyr/drivers/gpio/libdrivers__gpio.a(gpio_stm32.c.obj)
 .text.gpio_stm32_port_clear_bits_raw
                0x0000000008008a8a        0xa zephyr/drivers/gpio/libdrivers__gpio.a(gpio_stm32.c.obj)
 .text.gpio_stm32_port_toggle_bits
                0x0000000008008a94        0xe zephyr/drivers/gpio/libdrivers__gpio.a(gpio_stm32.c.obj)
 .text.gpio_stm32_pm_action
                0x0000000008008aa2       0x32 zephyr/drivers/gpio/libdrivers__gpio.a(gpio_stm32.c.obj)
 .text.LL_GPIO_SetPinMode
                0x0000000008008ad4       0x3a zephyr/drivers/gpio/libdrivers__gpio.a(gpio_stm32.c.obj)
 .text.LL_GPIO_SetPinSpeed
                0x0000000008008b0e       0x3a zephyr/drivers/gpio/libdrivers__gpio.a(gpio_stm32.c.obj)
 .text.LL_GPIO_SetPinPull
                0x0000000008008b48       0x3a zephyr/drivers/gpio/libdrivers__gpio.a(gpio_stm32.c.obj)
 .text.LL_GPIO_SetAFPin_0_7
                0x0000000008008b82       0x3a zephyr/drivers/gpio/libdrivers__gpio.a(gpio_stm32.c.obj)
 .text.LL_GPIO_SetAFPin_8_15
                0x0000000008008bbc       0x3c zephyr/drivers/gpio/libdrivers__gpio.a(gpio_stm32.c.obj)
 .text.gpio_stm32_configure_raw
                0x0000000008008bf8       0x70 zephyr/drivers/gpio/libdrivers__gpio.a(gpio_stm32.c.obj)
 .text.gpio_stm32_config
                0x0000000008008c68       0x98 zephyr/drivers/gpio/libdrivers__gpio.a(gpio_stm32.c.obj)
 .text.gpio_stm32_manage_callback
                0x0000000008008d00        0xc zephyr/drivers/gpio/libdrivers__gpio.a(gpio_stm32.c.obj)
 .text.gpio_stm32_isr
                0x0000000008008d0c       0x10 zephyr/drivers/gpio/libdrivers__gpio.a(gpio_stm32.c.obj)
 .text.gpio_stm32_disable_pin_irqs
                0x0000000008008d1c       0x30 zephyr/drivers/gpio/libdrivers__gpio.a(gpio_stm32.c.obj)
 .text.gpio_stm32_configure
                0x0000000008008d4c       0x34 zephyr/drivers/gpio/libdrivers__gpio.a(gpio_stm32.c.obj)
                0x0000000008008d4c                gpio_stm32_configure
 .text.z_log_msg_runtime_create
                0x0000000008008d80       0x1e zephyr/drivers/i2c/libdrivers__i2c.a(i2c_ll_stm32.c.obj)
 .text.i2c_stm32_transfer
                0x0000000008008d9e       0xae zephyr/drivers/i2c/libdrivers__i2c.a(i2c_ll_stm32.c.obj)
 .text.i2c_stm32_irq_config_func_0
                0x0000000008008e4c       0x24 zephyr/drivers/i2c/libdrivers__i2c.a(i2c_ll_stm32.c.obj)
 .text.i2c_stm32_irq_config_func_1
                0x0000000008008e70       0x24 zephyr/drivers/i2c/libdrivers__i2c.a(i2c_ll_stm32.c.obj)
 .text.pinctrl_apply_state
                0x0000000008008e94       0x20 zephyr/drivers/i2c/libdrivers__i2c.a(i2c_ll_stm32_common.c.obj)
 .text.z_log_msg_runtime_create
                0x0000000008008eb4       0x1e zephyr/drivers/i2c/libdrivers__i2c.a(i2c_ll_stm32_common.c.obj)
 .text.i2c_stm32_event_isr
                0x0000000008008ed2        0x8 zephyr/drivers/i2c/libdrivers__i2c.a(i2c_ll_stm32_common.c.obj)
                0x0000000008008ed2                i2c_stm32_event_isr
 .text.i2c_stm32_error_isr
                0x0000000008008eda        0x8 zephyr/drivers/i2c/libdrivers__i2c.a(i2c_ll_stm32_common.c.obj)
                0x0000000008008eda                i2c_stm32_error_isr
 .text.msg_init
                0x0000000008008ee2       0xb2 zephyr/drivers/i2c/libdrivers__i2c.a(i2c_ll_stm32_v2.c.obj)
 .text.i2c_stm32_disable_transfer_interrupts
                0x0000000008008f94       0x3e zephyr/drivers/i2c/libdrivers__i2c.a(i2c_ll_stm32_v2.c.obj)
 .text.i2c_stm32_enable_transfer_interrupts
                0x0000000008008fd2       0x26 zephyr/drivers/i2c/libdrivers__i2c.a(i2c_ll_stm32_v2.c.obj)
 .text.i2c_stm32_master_mode_end
                0x0000000008008ff8       0x32 zephyr/drivers/i2c/libdrivers__i2c.a(i2c_ll_stm32_v2.c.obj)
 .text.z_log_msg_runtime_create
                0x000000000800902a       0x1e zephyr/drivers/i2c/libdrivers__i2c.a(i2c_ll_stm32_v2.c.obj)
 .text.i2c_stm32_msg_write
                0x0000000008009048       0xa6 zephyr/drivers/i2c/libdrivers__i2c.a(i2c_ll_stm32_v2.c.obj)
 .text.i2c_stm32_msg_read
                0x00000000080090ee       0xa0 zephyr/drivers/i2c/libdrivers__i2c.a(i2c_ll_stm32_v2.c.obj)
 .text.i2c_stm32_event
                0x000000000800918e       0xa0 zephyr/drivers/i2c/libdrivers__i2c.a(i2c_ll_stm32_v2.c.obj)
                0x000000000800918e                i2c_stm32_event
 .text.i2c_stm32_error
                0x000000000800922e       0x40 zephyr/drivers/i2c/libdrivers__i2c.a(i2c_ll_stm32_v2.c.obj)
                0x000000000800922e                i2c_stm32_error
 .text.i2c_stm32_transaction
                0x000000000800926e       0x78 zephyr/drivers/i2c/libdrivers__i2c.a(i2c_ll_stm32_v2.c.obj)
                0x000000000800926e                i2c_stm32_transaction
 .text.pinctrl_lookup_state
                0x00000000080092e6       0x32 zephyr/drivers/pinctrl/libdrivers__pinctrl.a(common.c.obj)
                0x00000000080092e6                pinctrl_lookup_state
 .text.reset_stm32_status
                0x0000000008009318       0x20 zephyr/drivers/reset/libdrivers__reset.a(reset_stm32.c.obj)
 .text.reset_stm32_line_assert
                0x0000000008009338       0x1e zephyr/drivers/reset/libdrivers__reset.a(reset_stm32.c.obj)
 .text.reset_stm32_line_deassert
                0x0000000008009356       0x20 zephyr/drivers/reset/libdrivers__reset.a(reset_stm32.c.obj)
 .text.reset_stm32_line_toggle
                0x0000000008009376       0x16 zephyr/drivers/reset/libdrivers__reset.a(reset_stm32.c.obj)
 .text.reset_line_toggle
                0x000000000800938c       0x12 zephyr/drivers/serial/libdrivers__serial.a(uart_stm32.c.obj)
 .text.uart_stm32_set_driver_enable
                0x000000000800939e       0x1c zephyr/drivers/serial/libdrivers__serial.a(uart_stm32.c.obj)
 .text.uart_stm32_ll2cfg_databits
                0x00000000080093ba       0x2a zephyr/drivers/serial/libdrivers__serial.a(uart_stm32.c.obj)
 .text.uart_stm32_config_get
                0x00000000080093e4       0x9a zephyr/drivers/serial/libdrivers__serial.a(uart_stm32.c.obj)
 .text.uart_stm32_poll_in_visitor
                0x000000000800947e       0x26 zephyr/drivers/serial/libdrivers__serial.a(uart_stm32.c.obj)
 .text.uart_stm32_poll_out_visitor
                0x00000000080094a4       0x3a zephyr/drivers/serial/libdrivers__serial.a(uart_stm32.c.obj)
 .text.poll_in_u8
                0x00000000080094de        0x6 zephyr/drivers/serial/libdrivers__serial.a(uart_stm32.c.obj)
 .text.poll_out_u8
                0x00000000080094e4        0x6 zephyr/drivers/serial/libdrivers__serial.a(uart_stm32.c.obj)
 .text.uart_stm32_err_check
                0x00000000080094ea       0x74 zephyr/drivers/serial/libdrivers__serial.a(uart_stm32.c.obj)
 .text.z_log_msg_runtime_create
                0x000000000800955e       0x1e zephyr/drivers/serial/libdrivers__serial.a(uart_stm32.c.obj)
 .text.pinctrl_apply_state
                0x000000000800957c       0x20 zephyr/drivers/serial/libdrivers__serial.a(uart_stm32.c.obj)
 .text.uart_stm32_parameters_set
                0x000000000800959c      0x162 zephyr/drivers/serial/libdrivers__serial.a(uart_stm32.c.obj)
 .text.uart_stm32_init
                0x00000000080096fe       0x28 zephyr/drivers/serial/libdrivers__serial.a(uart_stm32.c.obj)
 .text.z_impl_device_is_ready
                0x0000000008009726       0x20 zephyr/kernel/libkernel.a(device.c.obj)
                0x0000000008009726                z_impl_device_is_ready
 .text.z_log_msg_runtime_create
                0x0000000008009746       0x1e zephyr/kernel/libkernel.a(fatal.c.obj)
 .text.arch_system_halt
                0x0000000008009764       0x10 zephyr/kernel/libkernel.a(fatal.c.obj)
                0x0000000008009764                arch_system_halt
 .text.z_impl_k_sem_init
                0x0000000008009774       0x1e zephyr/kernel/libkernel.a(sem.c.obj)
                0x0000000008009774                z_impl_k_sem_init
 .text.setup_thread_stack
                0x0000000008009792       0x46 zephyr/kernel/libkernel.a(thread.c.obj)
 .text.k_thread_name_get
                0x00000000080097d8        0x4 zephyr/kernel/libkernel.a(thread.c.obj)
                0x00000000080097d8                k_thread_name_get
 .text.z_init_thread_base
                0x00000000080097dc       0x16 zephyr/kernel/libkernel.a(thread.c.obj)
                0x00000000080097dc                z_init_thread_base
 .text.thread_active_elsewhere
                0x00000000080097f2        0x4 zephyr/kernel/libkernel.a(sched.c.obj)
 .text.add_to_waitq_locked
                0x00000000080097f6       0x64 zephyr/kernel/libkernel.a(sched.c.obj)
 .text.z_abort_thread_timeout
                0x000000000800985a        0xa zephyr/kernel/libkernel.a(sched.c.obj)
 .text.unpend_all
                0x0000000008009864       0x34 zephyr/kernel/libkernel.a(sched.c.obj)
 .text.pend_locked
                0x0000000008009898       0x18 zephyr/kernel/libkernel.a(sched.c.obj)
 .text.z_thread_timeout
                0x00000000080098b0        0xc zephyr/kernel/libkernel.a(sched.c.obj)
                0x00000000080098b0                z_thread_timeout
 .text.z_reschedule_unlocked
                0x00000000080098bc       0x16 zephyr/kernel/libkernel.a(sched.c.obj)
 .text.init_ready_q
                0x00000000080098d2        0x8 zephyr/kernel/libkernel.a(sched.c.obj)
                0x00000000080098d2                init_ready_q
 .text.remove_timeout
                0x00000000080098da       0x2e zephyr/kernel/libkernel.a(timeout.c.obj)
 .text.next_timeout
                0x0000000008009908       0x36 zephyr/kernel/libkernel.a(timeout.c.obj)
 .text.sys_clock_tick_get_32
                0x000000000800993e        0x8 zephyr/kernel/libkernel.a(timeout.c.obj)
                0x000000000800993e                sys_clock_tick_get_32
 .text.z_impl_k_uptime_ticks
                0x0000000008009946        0x8 zephyr/kernel/libkernel.a(timeout.c.obj)
                0x0000000008009946                z_impl_k_uptime_ticks
 .text.memcpy   0x000000000800994e       0x1c c:\users\javie\zephyr-sdk-0.17.4\arm-zephyr-eabi\bin\../lib/gcc/../../picolibc/arm-zephyr-eabi/lib/thumb/v7e-m/nofp\libc.a(memcpy.c.o)
                0x000000000800994e                __aeabi_memcpy
                0x000000000800994e                __aeabi_memcpy4
                0x000000000800994e                __aeabi_memcpy8
                0x000000000800994e                memcpy
 .text.memset   0x000000000800996a       0x10 c:\users\javie\zephyr-sdk-0.17.4\arm-zephyr-eabi\bin\../lib/gcc/../../picolibc/arm-zephyr-eabi/lib/thumb/v7e-m/nofp\libc.a(memset.c.o)
                0x000000000800996a                memset
 .text.strnlen  0x000000000800997a       0x18 c:\users\javie\zephyr-sdk-0.17.4\arm-zephyr-eabi\bin\../lib/gcc/../../picolibc/arm-zephyr-eabi/lib/thumb/v7e-m/nofp\libc.a(libc_string_strnlen.c.o)
                0x000000000800997a                strnlen
 .text.__ultoa_invert
                0x0000000008009992       0x50 c:\users\javie\zephyr-sdk-0.17.4\arm-zephyr-eabi\bin\../lib/gcc/../../picolibc/arm-zephyr-eabi/lib/thumb/v7e-m/nofp\libc.a(libc_tinystdio_vfprintf.c.o)
 .text.mulShiftAll64
                0x00000000080099e2      0x176 c:\users\javie\zephyr-sdk-0.17.4\arm-zephyr-eabi\bin\../lib/gcc/../../picolibc/arm-zephyr-eabi/lib/thumb/v7e-m/nofp\libc.a(libc_tinystdio_dtoa_ryu.c.o)
 .text.__umul128
                0x0000000008009b58       0x36 c:\users\javie\zephyr-sdk-0.17.4\arm-zephyr-eabi\bin\../lib/gcc/../../picolibc/arm-zephyr-eabi/lib/thumb/v7e-m/nofp\libc.a(libc_tinystdio_ryu_umul128.c.o)
                0x0000000008009b58                __umul128
 .text.__shiftright128
                0x0000000008009b8e       0x3e c:\users\javie\zephyr-sdk-0.17.4\arm-zephyr-eabi\bin\../lib/gcc/../../picolibc/arm-zephyr-eabi/lib/thumb/v7e-m/nofp\libc.a(libc_tinystdio_ryu_umul128.c.o)
                0x0000000008009b8e                __shiftright128
 .text.__dtox_engine
                0x0000000008009bcc      0x128 c:\users\javie\zephyr-sdk-0.17.4\arm-zephyr-eabi\bin\../lib/gcc/../../picolibc/arm-zephyr-eabi/lib/thumb/v7e-m/nofp\libc.a(libc_tinystdio_dtox_engine.c.o)
                0x0000000008009bcc                __dtox_engine
 *(SORT_BY_ALIGNMENT(.TEXT.*))
 .TEXT.__aeabi_read_tp
                0x0000000008009cf4        0xc zephyr/arch/arch/arm/core/cortex_m/libarch__arm__core__cortex_m.a(__aeabi_read_tp.S.obj)
                0x0000000008009cf4                __aeabi_read_tp
 *(SORT_BY_ALIGNMENT(.gnu.linkonce.t.*))
 *(SORT_BY_ALIGNMENT(.glue_7t))
 .glue_7t       0x0000000008009d00        0x0 linker stubs
 *(SORT_BY_ALIGNMENT(.glue_7))
 .glue_7        0x0000000008009d00        0x0 linker stubs
 *(SORT_BY_ALIGNMENT(.vfp11_veneer))
 .vfp11_veneer  0x0000000008009d00        0x0 linker stubs
 *(SORT_BY_ALIGNMENT(.v4_bx))
 .v4_bx         0x0000000008009d00        0x0 linker stubs
                0x0000000008009d00                . = ALIGN (0x4)
                0x0000000008009d00                __text_region_end = .

.ARM.exidx      0x0000000008009d00        0x8
                0x0000000008009d00                __exidx_start = .
 *(SORT_BY_ALIGNMENT(.ARM.exidx*) SORT_BY_ALIGNMENT(gnu.linkonce.armexidx.*))
 .ARM.exidx     0x0000000008009d00        0x8 c:/users/javie/zephyr-sdk-0.17.4/arm-zephyr-eabi/bin/../lib/gcc/arm-zephyr-eabi/12.2.0/thumb/v7e-m/nofp\libgcc.a(_udivmoddi4.o)
                0x0000000008009d08                __exidx_end = .
                0x0000000008009d08                __rodata_region_start = .

initlevel       0x0000000008009d08       0x80
                0x0000000008009d08                __init_start = .
                0x0000000008009d08                __init_EARLY_start = .
 *(SORT_BY_NAME(SORT_BY_ALIGNMENT(.z_init_EARLY_P_?_*)))
 *(SORT_BY_NAME(SORT_BY_ALIGNMENT(.z_init_EARLY_P_??_*)))
 *(SORT_BY_NAME(SORT_BY_ALIGNMENT(.z_init_EARLY_P_???_*)))
                0x0000000008009d08                __init_PRE_KERNEL_1_start = .
 *(SORT_BY_NAME(SORT_BY_ALIGNMENT(.z_init_PRE_KERNEL_1_P_?_*)))
 .z_init_PRE_KERNEL_1_P_1_SUB_00009_
                0x0000000008009d08        0x8 zephyr/drivers/clock_control/libdrivers__clock_control.a(clock_stm32_ll_common.c.obj)
 .z_init_PRE_KERNEL_1_P_1_SUB_0_
                0x0000000008009d10        0x8 zephyr/libzephyr.a(soc_config.c.obj)
 *(SORT_BY_NAME(SORT_BY_ALIGNMENT(.z_init_PRE_KERNEL_1_P_??_*)))
 .z_init_PRE_KERNEL_1_P_35_SUB_00052_
                0x0000000008009d18        0x8 zephyr/drivers/reset/libdrivers__reset.a(reset_stm32.c.obj)
 .z_init_PRE_KERNEL_1_P_40_SUB_00039_
                0x0000000008009d20        0x8 zephyr/drivers/gpio/libdrivers__gpio.a(gpio_stm32.c.obj)
 .z_init_PRE_KERNEL_1_P_40_SUB_00040_
                0x0000000008009d28        0x8 zephyr/drivers/gpio/libdrivers__gpio.a(gpio_stm32.c.obj)
 .z_init_PRE_KERNEL_1_P_40_SUB_00045_
                0x0000000008009d30        0x8 zephyr/drivers/gpio/libdrivers__gpio.a(gpio_stm32.c.obj)
 .z_init_PRE_KERNEL_1_P_40_SUB_00059_
                0x0000000008009d38        0x8 zephyr/drivers/interrupt_controller/libdrivers__interrupt_controller.a(intc_exti_stm32.c.obj)
 .z_init_PRE_KERNEL_1_P_40_SUB_00085_
                0x0000000008009d40        0x8 zephyr/drivers/gpio/libdrivers__gpio.a(gpio_stm32.c.obj)
 .z_init_PRE_KERNEL_1_P_40_SUB_0_
                0x0000000008009d48        0x8 zephyr/drivers/interrupt_controller/libdrivers__interrupt_controller.a(intc_gpio_stm32.c.obj)
 .z_init_PRE_KERNEL_1_P_50_SUB_00064_
                0x0000000008009d50        0x8 zephyr/drivers/serial/libdrivers__serial.a(uart_stm32.c.obj)
 .z_init_PRE_KERNEL_1_P_60_SUB_0_
                0x0000000008009d58        0x8 zephyr/drivers/console/libdrivers__console.a(uart_console.c.obj)
 *(SORT_BY_NAME(SORT_BY_ALIGNMENT(.z_init_PRE_KERNEL_1_P_???_*)))
                0x0000000008009d60                __init_PRE_KERNEL_2_start = .
 *(SORT_BY_NAME(SORT_BY_ALIGNMENT(.z_init_PRE_KERNEL_2_P_?_*)))
 .z_init_PRE_KERNEL_2_P_0_SUB_0_
                0x0000000008009d60        0x8 zephyr/drivers/timer/libdrivers__timer.a(cortex_m_systick.c.obj)
 *(SORT_BY_NAME(SORT_BY_ALIGNMENT(.z_init_PRE_KERNEL_2_P_??_*)))
 *(SORT_BY_NAME(SORT_BY_ALIGNMENT(.z_init_PRE_KERNEL_2_P_???_*)))
                0x0000000008009d68                __init_POST_KERNEL_start = .
 *(SORT_BY_NAME(SORT_BY_ALIGNMENT(.z_init_POST_KERNEL_P_?_*)))
 .z_init_POST_KERNEL_P_0_SUB_0_
                0x0000000008009d68        0x8 zephyr/libzephyr.a(log_core.c.obj)
 *(SORT_BY_NAME(SORT_BY_ALIGNMENT(.z_init_POST_KERNEL_P_??_*)))
 .z_init_POST_KERNEL_P_35_SUB_0_
                0x0000000008009d70        0x8 zephyr/lib/libc/common/liblib__libc__common.a(malloc.c.obj)
 .z_init_POST_KERNEL_P_50_SUB_00018_
                0x0000000008009d78        0x8 zephyr/drivers/i2c/libdrivers__i2c.a(i2c_ll_stm32.c.obj)
 .z_init_POST_KERNEL_P_50_SUB_00022_
                0x0000000008009d80        0x8 zephyr/drivers/i2c/libdrivers__i2c.a(i2c_ll_stm32.c.obj)
 *(SORT_BY_NAME(SORT_BY_ALIGNMENT(.z_init_POST_KERNEL_P_???_*)))
                0x0000000008009d88                __init_APPLICATION_start = .
 *(SORT_BY_NAME(SORT_BY_ALIGNMENT(.z_init_APPLICATION_P_?_*)))
 *(SORT_BY_NAME(SORT_BY_ALIGNMENT(.z_init_APPLICATION_P_??_*)))
 *(SORT_BY_NAME(SORT_BY_ALIGNMENT(.z_init_APPLICATION_P_???_*)))
                0x0000000008009d88                __init_SMP_start = .
 *(SORT_BY_NAME(SORT_BY_ALIGNMENT(.z_init_SMP_P_?_*)))
 *(SORT_BY_NAME(SORT_BY_ALIGNMENT(.z_init_SMP_P_??_*)))
 *(SORT_BY_NAME(SORT_BY_ALIGNMENT(.z_init_SMP_P_???_*)))
                0x0000000008009d88                __init_end = .

device_area     0x0000000008009d88      0x140
                0x0000000008009d88                _device_list_start = .
 *(SORT_BY_NAME(SORT_BY_ALIGNMENT(._device.static.*_?_*)))
 ._device.static.1_1_
                0x0000000008009d88       0x20 zephyr/drivers/clock_control/libdrivers__clock_control.a(clock_stm32_ll_common.c.obj)
                0x0000000008009d88                __device_dts_ord_9
 *(SORT_BY_NAME(SORT_BY_ALIGNMENT(._device.static.*_??_*)))
 ._device.static.1_35_
                0x0000000008009da8       0x20 zephyr/drivers/reset/libdrivers__reset.a(reset_stm32.c.obj)
                0x0000000008009da8                __device_dts_ord_52
 ._device.static.1_40_
                0x0000000008009dc8       0x20 zephyr/drivers/interrupt_controller/libdrivers__interrupt_controller.a(intc_exti_stm32.c.obj)
                0x0000000008009dc8                __device_dts_ord_59
 ._device.static.1_40_
                0x0000000008009de8       0x80 zephyr/drivers/gpio/libdrivers__gpio.a(gpio_stm32.c.obj)
                0x0000000008009de8                __device_dts_ord_85
                0x0000000008009e08                __device_dts_ord_40
                0x0000000008009e28                __device_dts_ord_45
                0x0000000008009e48                __device_dts_ord_39
 ._device.static.1_50_
                0x0000000008009e68       0x20 zephyr/drivers/serial/libdrivers__serial.a(uart_stm32.c.obj)
                0x0000000008009e68                __device_dts_ord_64
 ._device.static.3_50_
                0x0000000008009e88       0x40 zephyr/drivers/i2c/libdrivers__i2c.a(i2c_ll_stm32.c.obj)
                0x0000000008009e88                __device_dts_ord_22
                0x0000000008009ea8                __device_dts_ord_18
 *(SORT_BY_NAME(SORT_BY_ALIGNMENT(._device.static.*_???_*)))
 *(SORT_BY_NAME(SORT_BY_ALIGNMENT(._device.static.*_????_*)))
 *(SORT_BY_NAME(SORT_BY_ALIGNMENT(._device.static.*_?????_*)))
                0x0000000008009ec8                _device_list_end = .

sw_isr_table    0x0000000008009ec8      0x1f0
                0x0000000008009ec8                . = ALIGN (0x4)
 *(SORT_BY_ALIGNMENT(.gnu.linkonce.sw_isr_table*))
 .gnu.linkonce.sw_isr_table
                0x0000000008009ec8      0x1f0 zephyr/CMakeFiles/zephyr_final.dir/isr_tables.c.obj
                0x0000000008009ec8                _sw_isr_table

initlevel_error
                0x0000000008009d08        0x0
 *(SORT_BY_NAME(SORT_BY_ALIGNMENT(.z_init_*)))
                0x0000000000000001                ASSERT ((SIZEOF (initlevel_error) == 0x0), Undefined initialization levels used.)

app_shmem_regions
                0x000000000800a0b8        0x0
                0x000000000800a0b8                __app_shmem_regions_start = .
 *(SORT_BY_NAME(SORT_BY_ALIGNMENT(.app_regions.*)))
                0x000000000800a0b8                __app_shmem_regions_end = .

k_p4wq_initparam_area
                0x000000000800a0b8        0x0
                0x000000000800a0b8                _k_p4wq_initparam_list_start = .
 *(SORT_BY_NAME(SORT_BY_ALIGNMENT(._k_p4wq_initparam.static.*)))
                0x000000000800a0b8                _k_p4wq_initparam_list_end = .

_static_thread_data_area
                0x000000000800a0b8        0x0
                0x000000000800a0b8                __static_thread_data_list_start = .
 *(SORT_BY_NAME(SORT_BY_ALIGNMENT(.__static_thread_data.static.*)))
                0x000000000800a0b8                __static_thread_data_list_end = .

device_deps     0x000000000800a0b8        0x0
                0x000000000800a0b8                __device_deps_start = .
 *(SORT_BY_NAME(SORT_BY_ALIGNMENT(.__device_deps_pass2*)))
                0x000000000800a0b8                __device_deps_end = .

gpio_driver_api_area
                0x000000000800a0b8       0x24
                0x000000000800a0b8                _gpio_driver_api_list_start = .
 *(SORT_BY_NAME(SORT_BY_ALIGNMENT(._gpio_driver_api.static.*)))
 ._gpio_driver_api.static.gpio_stm32_driver_
                0x000000000800a0b8       0x24 zephyr/drivers/gpio/libdrivers__gpio.a(gpio_stm32.c.obj)
                0x000000000800a0dc                _gpio_driver_api_list_end = .

i2c_driver_api_area
                0x000000000800a0dc       0x18
                0x000000000800a0dc                _i2c_driver_api_list_start = .
 *(SORT_BY_NAME(SORT_BY_ALIGNMENT(._i2c_driver_api.static.*)))
 ._i2c_driver_api.static.api_funcs_
                0x000000000800a0dc       0x18 zephyr/drivers/i2c/libdrivers__i2c.a(i2c_ll_stm32.c.obj)
                0x000000000800a0f4                _i2c_driver_api_list_end = .

i2c_target_driver_api_area
                0x000000000800a0f4        0x0
                0x000000000800a0f4                _i2c_target_driver_api_list_start = .
 *(SORT_BY_NAME(SORT_BY_ALIGNMENT(._i2c_target_driver_api.static.*)))
                0x000000000800a0f4                _i2c_target_driver_api_list_end = .

reset_driver_api_area
                0x000000000800a0f4       0x10
                0x000000000800a0f4                _reset_driver_api_list_start = .
 *(SORT_BY_NAME(SORT_BY_ALIGNMENT(._reset_driver_api.static.*)))
 ._reset_driver_api.static.reset_stm32_driver_api_
                0x000000000800a0f4       0x10 zephyr/drivers/reset/libdrivers__reset.a(reset_stm32.c.obj)
                0x000000000800a104                _reset_driver_api_list_end = .

shared_irq_driver_api_area
                0x000000000800a104        0x0
                0x000000000800a104                _shared_irq_driver_api_list_start = .
 *(SORT_BY_NAME(SORT_BY_ALIGNMENT(._shared_irq_driver_api.static.*)))
                0x000000000800a104                _shared_irq_driver_api_list_end = .

crypto_driver_api_area
                0x000000000800a104        0x0
                0x000000000800a104                _crypto_driver_api_list_start = .
 *(SORT_BY_NAME(SORT_BY_ALIGNMENT(._crypto_driver_api.static.*)))
                0x000000000800a104                _crypto_driver_api_list_end = .

adc_driver_api_area
                0x000000000800a104        0x0
                0x000000000800a104                _adc_driver_api_list_start = .
 *(SORT_BY_NAME(SORT_BY_ALIGNMENT(._adc_driver_api.static.*)))
                0x000000000800a104                _adc_driver_api_list_end = .

auxdisplay_driver_api_area
                0x000000000800a104        0x0
                0x000000000800a104                _auxdisplay_driver_api_list_start = .
 *(SORT_BY_NAME(SORT_BY_ALIGNMENT(._auxdisplay_driver_api.static.*)))
                0x000000000800a104                _auxdisplay_driver_api_list_end = .

bbram_driver_api_area
                0x000000000800a104        0x0
                0x000000000800a104                _bbram_driver_api_list_start = .
 *(SORT_BY_NAME(SORT_BY_ALIGNMENT(._bbram_driver_api.static.*)))
                0x000000000800a104                _bbram_driver_api_list_end = .

bt_hci_driver_api_area
                0x000000000800a104        0x0
                0x000000000800a104                _bt_hci_driver_api_list_start = .
 *(SORT_BY_NAME(SORT_BY_ALIGNMENT(._bt_hci_driver_api.static.*)))
                0x000000000800a104                _bt_hci_driver_api_list_end = .

can_driver_api_area
                0x000000000800a104        0x0
                0x000000000800a104                _can_driver_api_list_start = .
 *(SORT_BY_NAME(SORT_BY_ALIGNMENT(._can_driver_api.static.*)))
                0x000000000800a104                _can_driver_api_list_end = .

cellular_driver_api_area
                0x000000000800a104        0x0
                0x000000000800a104                _cellular_driver_api_list_start = .
 *(SORT_BY_NAME(SORT_BY_ALIGNMENT(._cellular_driver_api.static.*)))
                0x000000000800a104                _cellular_driver_api_list_end = .

charger_driver_api_area
                0x000000000800a104        0x0
                0x000000000800a104                _charger_driver_api_list_start = .
 *(SORT_BY_NAME(SORT_BY_ALIGNMENT(._charger_driver_api.static.*)))
                0x000000000800a104                _charger_driver_api_list_end = .

clock_control_driver_api_area
                0x000000000800a104       0x1c
                0x000000000800a104                _clock_control_driver_api_list_start = .
 *(SORT_BY_NAME(SORT_BY_ALIGNMENT(._clock_control_driver_api.static.*)))
 ._clock_control_driver_api.static.stm32_clock_control_api_
                0x000000000800a104       0x1c zephyr/drivers/clock_control/libdrivers__clock_control.a(clock_stm32_ll_common.c.obj)
                0x000000000800a120                _clock_control_driver_api_list_end = .

comparator_driver_api_area
                0x000000000800a120        0x0
                0x000000000800a120                _comparator_driver_api_list_start = .
 *(SORT_BY_NAME(SORT_BY_ALIGNMENT(._comparator_driver_api.static.*)))
                0x000000000800a120                _comparator_driver_api_list_end = .

coredump_driver_api_area
                0x000000000800a120        0x0
                0x000000000800a120                _coredump_driver_api_list_start = .
 *(SORT_BY_NAME(SORT_BY_ALIGNMENT(._coredump_driver_api.static.*)))
                0x000000000800a120                _coredump_driver_api_list_end = .

counter_driver_api_area
                0x000000000800a120        0x0
                0x000000000800a120                _counter_driver_api_list_start = .
 *(SORT_BY_NAME(SORT_BY_ALIGNMENT(._counter_driver_api.static.*)))
                0x000000000800a120                _counter_driver_api_list_end = .

crc_driver_api_area
                0x000000000800a120        0x0
                0x000000000800a120                _crc_driver_api_list_start = .
 *(SORT_BY_NAME(SORT_BY_ALIGNMENT(._crc_driver_api.static.*)))
                0x000000000800a120                _crc_driver_api_list_end = .

dac_driver_api_area
                0x000000000800a120        0x0
                0x000000000800a120                _dac_driver_api_list_start = .
 *(SORT_BY_NAME(SORT_BY_ALIGNMENT(._dac_driver_api.static.*)))
                0x000000000800a120                _dac_driver_api_list_end = .

dai_driver_api_area
                0x000000000800a120        0x0
                0x000000000800a120                _dai_driver_api_list_start = .
 *(SORT_BY_NAME(SORT_BY_ALIGNMENT(._dai_driver_api.static.*)))
                0x000000000800a120                _dai_driver_api_list_end = .

display_driver_api_area
                0x000000000800a120        0x0
                0x000000000800a120                _display_driver_api_list_start = .
 *(SORT_BY_NAME(SORT_BY_ALIGNMENT(._display_driver_api.static.*)))
                0x000000000800a120                _display_driver_api_list_end = .

dma_driver_api_area
                0x000000000800a120        0x0
                0x000000000800a120                _dma_driver_api_list_start = .
 *(SORT_BY_NAME(SORT_BY_ALIGNMENT(._dma_driver_api.static.*)))
                0x000000000800a120                _dma_driver_api_list_end = .

edac_driver_api_area
                0x000000000800a120        0x0
                0x000000000800a120                _edac_driver_api_list_start = .
 *(SORT_BY_NAME(SORT_BY_ALIGNMENT(._edac_driver_api.static.*)))
                0x000000000800a120                _edac_driver_api_list_end = .

eeprom_driver_api_area
                0x000000000800a120        0x0
                0x000000000800a120                _eeprom_driver_api_list_start = .
 *(SORT_BY_NAME(SORT_BY_ALIGNMENT(._eeprom_driver_api.static.*)))
                0x000000000800a120                _eeprom_driver_api_list_end = .

emul_bbram_driver_api_area
                0x000000000800a120        0x0
                0x000000000800a120                _emul_bbram_driver_api_list_start = .
 *(SORT_BY_NAME(SORT_BY_ALIGNMENT(._emul_bbram_driver_api.static.*)))
                0x000000000800a120                _emul_bbram_driver_api_list_end = .

fuel_gauge_emul_driver_api_area
                0x000000000800a120        0x0
                0x000000000800a120                _fuel_gauge_emul_driver_api_list_start = .
 *(SORT_BY_NAME(SORT_BY_ALIGNMENT(._fuel_gauge_emul_driver_api.static.*)))
                0x000000000800a120                _fuel_gauge_emul_driver_api_list_end = .

emul_sensor_driver_api_area
                0x000000000800a120        0x0
                0x000000000800a120                _emul_sensor_driver_api_list_start = .
 *(SORT_BY_NAME(SORT_BY_ALIGNMENT(._emul_sensor_driver_api.static.*)))
                0x000000000800a120                _emul_sensor_driver_api_list_end = .

entropy_driver_api_area
                0x000000000800a120        0x0
                0x000000000800a120                _entropy_driver_api_list_start = .
 *(SORT_BY_NAME(SORT_BY_ALIGNMENT(._entropy_driver_api.static.*)))
                0x000000000800a120                _entropy_driver_api_list_end = .

espi_driver_api_area
                0x000000000800a120        0x0
                0x000000000800a120                _espi_driver_api_list_start = .
 *(SORT_BY_NAME(SORT_BY_ALIGNMENT(._espi_driver_api.static.*)))
                0x000000000800a120                _espi_driver_api_list_end = .

espi_saf_driver_api_area
                0x000000000800a120        0x0
                0x000000000800a120                _espi_saf_driver_api_list_start = .
 *(SORT_BY_NAME(SORT_BY_ALIGNMENT(._espi_saf_driver_api.static.*)))
                0x000000000800a120                _espi_saf_driver_api_list_end = .

flash_driver_api_area
                0x000000000800a120        0x0
                0x000000000800a120                _flash_driver_api_list_start = .
 *(SORT_BY_NAME(SORT_BY_ALIGNMENT(._flash_driver_api.static.*)))
                0x000000000800a120                _flash_driver_api_list_end = .

fpga_driver_api_area
                0x000000000800a120        0x0
                0x000000000800a120                _fpga_driver_api_list_start = .
 *(SORT_BY_NAME(SORT_BY_ALIGNMENT(._fpga_driver_api.static.*)))
                0x000000000800a120                _fpga_driver_api_list_end = .

fuel_gauge_driver_api_area
                0x000000000800a120        0x0
                0x000000000800a120                _fuel_gauge_driver_api_list_start = .
 *(SORT_BY_NAME(SORT_BY_ALIGNMENT(._fuel_gauge_driver_api.static.*)))
                0x000000000800a120                _fuel_gauge_driver_api_list_end = .

gnss_driver_api_area
                0x000000000800a120        0x0
                0x000000000800a120                _gnss_driver_api_list_start = .
 *(SORT_BY_NAME(SORT_BY_ALIGNMENT(._gnss_driver_api.static.*)))
                0x000000000800a120                _gnss_driver_api_list_end = .

haptics_driver_api_area
                0x000000000800a120        0x0
                0x000000000800a120                _haptics_driver_api_list_start = .
 *(SORT_BY_NAME(SORT_BY_ALIGNMENT(._haptics_driver_api.static.*)))
                0x000000000800a120                _haptics_driver_api_list_end = .

hwspinlock_driver_api_area
                0x000000000800a120        0x0
                0x000000000800a120                _hwspinlock_driver_api_list_start = .
 *(SORT_BY_NAME(SORT_BY_ALIGNMENT(._hwspinlock_driver_api.static.*)))
                0x000000000800a120                _hwspinlock_driver_api_list_end = .

i2s_driver_api_area
                0x000000000800a120        0x0
                0x000000000800a120                _i2s_driver_api_list_start = .
 *(SORT_BY_NAME(SORT_BY_ALIGNMENT(._i2s_driver_api.static.*)))
                0x000000000800a120                _i2s_driver_api_list_end = .

i3c_driver_api_area
                0x000000000800a120        0x0
                0x000000000800a120                _i3c_driver_api_list_start = .
 *(SORT_BY_NAME(SORT_BY_ALIGNMENT(._i3c_driver_api.static.*)))
                0x000000000800a120                _i3c_driver_api_list_end = .

ipm_driver_api_area
                0x000000000800a120        0x0
                0x000000000800a120                _ipm_driver_api_list_start = .
 *(SORT_BY_NAME(SORT_BY_ALIGNMENT(._ipm_driver_api.static.*)))
                0x000000000800a120                _ipm_driver_api_list_end = .

led_driver_api_area
                0x000000000800a120        0x0
                0x000000000800a120                _led_driver_api_list_start = .
 *(SORT_BY_NAME(SORT_BY_ALIGNMENT(._led_driver_api.static.*)))
                0x000000000800a120                _led_driver_api_list_end = .

led_strip_driver_api_area
                0x000000000800a120        0x0
                0x000000000800a120                _led_strip_driver_api_list_start = .
 *(SORT_BY_NAME(SORT_BY_ALIGNMENT(._led_strip_driver_api.static.*)))
                0x000000000800a120                _led_strip_driver_api_list_end = .

lora_driver_api_area
                0x000000000800a120        0x0
                0x000000000800a120                _lora_driver_api_list_start = .
 *(SORT_BY_NAME(SORT_BY_ALIGNMENT(._lora_driver_api.static.*)))
                0x000000000800a120                _lora_driver_api_list_end = .

mbox_driver_api_area
                0x000000000800a120        0x0
                0x000000000800a120                _mbox_driver_api_list_start = .
 *(SORT_BY_NAME(SORT_BY_ALIGNMENT(._mbox_driver_api.static.*)))
                0x000000000800a120                _mbox_driver_api_list_end = .

mdio_driver_api_area
                0x000000000800a120        0x0
                0x000000000800a120                _mdio_driver_api_list_start = .
 *(SORT_BY_NAME(SORT_BY_ALIGNMENT(._mdio_driver_api.static.*)))
                0x000000000800a120                _mdio_driver_api_list_end = .

mipi_dbi_driver_api_area
                0x000000000800a120        0x0
                0x000000000800a120                _mipi_dbi_driver_api_list_start = .
 *(SORT_BY_NAME(SORT_BY_ALIGNMENT(._mipi_dbi_driver_api.static.*)))
                0x000000000800a120                _mipi_dbi_driver_api_list_end = .

mipi_dsi_driver_api_area
                0x000000000800a120        0x0
                0x000000000800a120                _mipi_dsi_driver_api_list_start = .
 *(SORT_BY_NAME(SORT_BY_ALIGNMENT(._mipi_dsi_driver_api.static.*)))
                0x000000000800a120                _mipi_dsi_driver_api_list_end = .

mspi_driver_api_area
                0x000000000800a120        0x0
                0x000000000800a120                _mspi_driver_api_list_start = .
 *(SORT_BY_NAME(SORT_BY_ALIGNMENT(._mspi_driver_api.static.*)))
                0x000000000800a120                _mspi_driver_api_list_end = .

opamp_driver_api_area
                0x000000000800a120        0x0
                0x000000000800a120                _opamp_driver_api_list_start = .
 *(SORT_BY_NAME(SORT_BY_ALIGNMENT(._opamp_driver_api.static.*)))
                0x000000000800a120                _opamp_driver_api_list_end = .

peci_driver_api_area
                0x000000000800a120        0x0
                0x000000000800a120                _peci_driver_api_list_start = .
 *(SORT_BY_NAME(SORT_BY_ALIGNMENT(._peci_driver_api.static.*)))
                0x000000000800a120                _peci_driver_api_list_end = .

ps2_driver_api_area
                0x000000000800a120        0x0
                0x000000000800a120                _ps2_driver_api_list_start = .
 *(SORT_BY_NAME(SORT_BY_ALIGNMENT(._ps2_driver_api.static.*)))
                0x000000000800a120                _ps2_driver_api_list_end = .
