Archive member included to satisfy reference by file (symbol)

app/libapp.a(main.c.obj)      (--whole-archive)
zephyr/libzephyr.a(validate_libc.c.obj)
                              (--whole-archive)
zephyr/libzephyr.a(heap.c.obj)
                              (--whole-archive)
zephyr/libzephyr.a(cbprintf_packaged.c.obj)
                              (--whole-archive)
zephyr/libzephyr.a(clock.c.obj)
                              (--whole-archive)
zephyr/libzephyr.a(printk.c.obj)
                              (--whole-archive)
zephyr/libzephyr.a(sem.c.obj)
                              (--whole-archive)
zephyr/libzephyr.a(thread_entry.c.obj)
                              (--whole-archive)
zephyr/libzephyr.a(cbprintf_complete.c.obj)
                              (--whole-archive)
zephyr/libzephyr.a(assert.c.obj)
                              (--whole-archive)
zephyr/libzephyr.a(dec.c.obj)
                              (--whole-archive)
zephyr/libzephyr.a(hex.c.obj)
                              (--whole-archive)
zephyr/libzephyr.a(rb.c.obj)  (--whole-archive)
zephyr/libzephyr.a(timeutil.c.obj)
                              (--whole-archive)
zephyr/libzephyr.a(bitarray.c.obj)
                              (--whole-archive)
zephyr/libzephyr.a(bitmask.c.obj)
                              (--whole-archive)
zephyr/libzephyr.a(ring_buffer.c.obj)
                              (--whole-archive)
zephyr/libzephyr.a(last_section_id.c.obj)
                              (--whole-archive)
zephyr/libzephyr.a(configs.c.obj)
                              (--whole-archive)
zephyr/libzephyr.a(stm32cube_hal.c.obj)
                              (--whole-archive)
zephyr/libzephyr.a(soc_config.c.obj)
                              (--whole-archive)
zephyr/libzephyr.a(stm32_backup_domain.c.obj)
                              (--whole-archive)
zephyr/libzephyr.a(soc.c.obj)
                              (--whole-archive)
zephyr/libzephyr.a(log_core.c.obj)
                              (--whole-archive)
zephyr/libzephyr.a(log_mgmt.c.obj)
                              (--whole-archive)
zephyr/libzephyr.a(log_cache.c.obj)
                              (--whole-archive)
zephyr/libzephyr.a(log_msg.c.obj)
                              (--whole-archive)
zephyr/libzephyr.a(log_output.c.obj)
                              (--whole-archive)
zephyr/libzephyr.a(log_backend_uart.c.obj)
                              (--whole-archive)
zephyr/libzephyr.a(mem_attr.c.obj)
                              (--whole-archive)
zephyr/libzephyr.a(tracing_none.c.obj)
                              (--whole-archive)
zephyr/arch/common/libarch__common.a(sw_isr_common.c.obj)
                              (--whole-archive)
zephyr/arch/common/libarch__common.a(init.c.obj)
                              (--whole-archive)
zephyr/arch/common/libarch__common.a(xip.c.obj)
                              (--whole-archive)
zephyr/arch/arch/arm/core/libarch__arm__core.a(fatal.c.obj)
                              (--whole-archive)
zephyr/arch/arch/arm/core/libarch__arm__core.a(nmi.c.obj)
                              (--whole-archive)
zephyr/arch/arch/arm/core/libarch__arm__core.a(nmi_on_reset.S.obj)
                              (--whole-archive)
zephyr/arch/arch/arm/core/libarch__arm__core.a(tls.c.obj)
                              (--whole-archive)
zephyr/arch/arch/arm/core/cortex_m/libarch__arm__core__cortex_m.a(exc_exit.c.obj)
                              (--whole-archive)
zephyr/arch/arch/arm/core/cortex_m/libarch__arm__core__cortex_m.a(fault.c.obj)
                              (--whole-archive)
zephyr/arch/arch/arm/core/cortex_m/libarch__arm__core__cortex_m.a(fault_s.S.obj)
                              (--whole-archive)
zephyr/arch/arch/arm/core/cortex_m/libarch__arm__core__cortex_m.a(fpu.c.obj)
                              (--whole-archive)
zephyr/arch/arch/arm/core/cortex_m/libarch__arm__core__cortex_m.a(reset.S.obj)
                              (--whole-archive)
zephyr/arch/arch/arm/core/cortex_m/libarch__arm__core__cortex_m.a(scb.c.obj)
                              (--whole-archive)
zephyr/arch/arch/arm/core/cortex_m/libarch__arm__core__cortex_m.a(thread_abort.c.obj)
                              (--whole-archive)
zephyr/arch/arch/arm/core/cortex_m/libarch__arm__core__cortex_m.a(vector_table.S.obj)
                              (--whole-archive)
zephyr/arch/arch/arm/core/cortex_m/libarch__arm__core__cortex_m.a(swap_helper.S.obj)
                              (--whole-archive)
zephyr/arch/arch/arm/core/cortex_m/libarch__arm__core__cortex_m.a(irq_manage.c.obj)
                              (--whole-archive)
zephyr/arch/arch/arm/core/cortex_m/libarch__arm__core__cortex_m.a(prep_c.c.obj)
                              (--whole-archive)
zephyr/arch/arch/arm/core/cortex_m/libarch__arm__core__cortex_m.a(thread.c.obj)
                              (--whole-archive)
zephyr/arch/arch/arm/core/cortex_m/libarch__arm__core__cortex_m.a(cpu_idle.c.obj)
[...]
Memory Configuration

Name             Origin             Length             Attributes
FLASH            0x0000000008000000 0x0000000000040000 xr
RAM              0x0000000020000000 0x0000000000010000 xw
SRAM0            0x0000000020000000 0x0000000000010000 rw
IDT_LIST         0x00000000ffff7fff 0x0000000000008000 xw
*default*        0x0000000000000000 0xffffffffffffffff

Linker script and memory map

                0x000000000800655c                vfprintf = __d_vfprintf
                0x0000000000000000                vfscanf = __d_vfscanf
LOAD zephyr/CMakeFiles/zephyr_final.dir/misc/empty_file.c.obj
LOAD zephyr/CMakeFiles/zephyr_final.dir/isr_tables.c.obj
LOAD zephyr/CMakeFiles/offsets.dir/./arch/arm/core/offsets/offsets.c.obj
LOAD app/libapp.a
LOAD zephyr/libzephyr.a
LOAD zephyr/arch/common/libarch__common.a
LOAD zephyr/arch/arch/arm/core/libarch__arm__core.a
LOAD zephyr/arch/arch/arm/core/cortex_m/libarch__arm__core__cortex_m.a
LOAD zephyr/arch/arch/arm/core/mpu/libarch__arm__core__mpu.a
LOAD zephyr/lib/libc/picolibc/liblib__libc__picolibc.a
LOAD zephyr/lib/libc/common/liblib__libc__common.a
LOAD zephyr/drivers/interrupt_controller/libdrivers__interrupt_controller.a
LOAD zephyr/drivers/clock_control/libdrivers__clock_control.a
LOAD zephyr/drivers/console/libdrivers__console.a
LOAD zephyr/drivers/gpio/libdrivers__gpio.a
LOAD zephyr/drivers/i2c/libdrivers__i2c.a
LOAD zephyr/drivers/pinctrl/libdrivers__pinctrl.a
LOAD zephyr/drivers/reset/libdrivers__reset.a
LOAD zephyr/drivers/serial/libdrivers__serial.a
LOAD zephyr/drivers/timer/libdrivers__timer.a
LOAD modules/hal_stm32/stm32cube/lib..__modules__hal__stm32__stm32cube.a
LOAD zephyr/kernel/libkernel.a
LOAD zephyr/arch/common/libisr_tables.a
LOAD c:\users\javie\zephyr-sdk-0.17.4\arm-zephyr-eabi\bin\../lib/gcc/../../picolibc/arm-zephyr-eabi/lib/thumb/v7e-m/nofp\libc.a
LOAD c:/users/javie/zephyr-sdk-0.17.4/arm-zephyr-eabi/bin/../lib/gcc/arm-zephyr-eabi/12.2.0/thumb/v7e-m/nofp\libgcc.a
                0x0000000000000020                _region_min_align = 0x20

.rel.plt        0x0000000008000000        0x0
 *(SORT_BY_ALIGNMENT(.rel.plt))
                [!provide]                        PROVIDE (__rel_iplt_start = .)
 *(SORT_BY_ALIGNMENT(.rel.iplt))
 .rel.iplt      0x0000000008000000        0x0 zephyr/CMakeFiles/zephyr_final.dir/isr_tables.c.obj
                [!provide]                        PROVIDE (__rel_iplt_end = .)

.rela.plt       0x0000000000000000        0x0
 *(SORT_BY_ALIGNMENT(.rela.plt))
                [!provide]                        PROVIDE (__rela_iplt_start = .)
 *(SORT_BY_ALIGNMENT(.rela.iplt))
                [!provide]                        PROVIDE (__rela_iplt_end = .)

.rel.dyn
 *(SORT_BY_ALIGNMENT(.rel.*))

.rela.dyn
 *(SORT_BY_ALIGNMENT(.rela.*))

/DISCARD/
 *(SORT_BY_ALIGNMENT(.plt))

/DISCARD/
 *(SORT_BY_ALIGNMENT(.iplt))
                0x0000000008000000                __rom_region_start = 0x8000000

rom_start       0x0000000008000000      0x138
                0x0000000008000000                __rom_start_address = .
 FILL mask 0x00
                0x0000000008000000                . = (. + (0x0 - (. - __rom_start_address)))
                0x0000000008000000                . = ALIGN (0x4)
                0x0000000008000000                . = ALIGN (0x80)
                0x0000000008000000                . = ALIGN (0x200)
                0x0000000008000000                _vector_start = .
 *(SORT_BY_ALIGNMENT(.exc_vector_table))
 *(SORT_BY_ALIGNMENT(.exc_vector_table.*))
 .exc_vector_table._vector_table_section
                0x0000000008000000       0x40 zephyr/arch/arch/arm/core/cortex_m/libarch__arm__core__cortex_m.a(vector_table.S.obj)
                0x0000000008000000                _vector_table
 *(SORT_BY_ALIGNMENT(.vectors))
                0x0000000008000138                _vector_end = .
                0x0000000008000040                . = ALIGN (0x4)
 *(SORT_BY_ALIGNMENT(.gnu.linkonce.irq_vector_table*))
 .gnu.linkonce.irq_vector_table
                0x0000000008000040       0xf8 zephyr/CMakeFiles/zephyr_final.dir/isr_tables.c.obj
                0x0000000008000040                _irq_vector_table
                0x0000000008000138                _vector_end = .

text            0x0000000008000138     0x9224
                0x0000000008000138                __text_region_start = .
 *(SORT_BY_ALIGNMENT(.text))
 .text          0x0000000008000138       0x30 c:/users/javie/zephyr-sdk-0.17.4/arm-zephyr-eabi/bin/../lib/gcc/arm-zephyr-eabi/12.2.0/thumb/v7e-m/nofp\libgcc.a(_aeabi_uldivmod.o)
                0x0000000008000138                __aeabi_uldivmod
 .text          0x0000000008000168        0x4 c:/users/javie/zephyr-sdk-0.17.4/arm-zephyr-eabi/bin/../lib/gcc/arm-zephyr-eabi/12.2.0/thumb/v7e-m/nofp\libgcc.a(_dvmd_tls.o)
                0x0000000008000168                __aeabi_idiv0
                0x0000000008000168                __aeabi_ldiv0
 .text          0x000000000800016c       0x10 c:\users\javie\zephyr-sdk-0.17.4\arm-zephyr-eabi\bin\../lib/gcc/../../picolibc/arm-zephyr-eabi/lib/thumb/v7e-m/nofp\libc.a(strlen.S.o)
                0x000000000800016c                strlen
 .text          0x000000000800017c      0x2a0 c:/users/javie/zephyr-sdk-0.17.4/arm-zephyr-eabi/bin/../lib/gcc/arm-zephyr-eabi/12.2.0/thumb/v7e-m/nofp\libgcc.a(_udivmoddi4.o)
                0x000000000800017c                __udivmoddi4
 *(SORT_BY_ALIGNMENT(.text.*))
 .text.mma8451_read_xyz
                0x000000000800041c       0x60 app/libapp.a(main.c.obj)
 .text.mma8451_init
                0x000000000800047c      0x108 app/libapp.a(main.c.obj)
 .text.main     0x0000000008000584       0x7c app/libapp.a(main.c.obj)
                0x0000000008000584                main
 .text.sys_heap_init
                0x0000000008000600      0x13c zephyr/libzephyr.a(heap.c.obj)
                0x0000000008000600                sys_heap_init
 .text.cbvprintf_package
                0x000000000800073c      0x540 zephyr/libzephyr.a(cbprintf_packaged.c.obj)
                0x000000000800073c                cbvprintf_package
 .text.__printk_hook_install
                0x0000000008000c7c        0xc zephyr/libzephyr.a(printk.c.obj)
                0x0000000008000c7c                __printk_hook_install
 .text.z_thread_entry
                0x0000000008000c88       0x34 zephyr/libzephyr.a(thread_entry.c.obj)
                0x0000000008000c88                z_thread_entry
 .text.st_stm32_common_config
                0x0000000008000cbc       0x14 zephyr/libzephyr.a(soc_config.c.obj)
 .text.stm32_backup_domain_enable_access
                0x0000000008000cd0       0xc0 zephyr/libzephyr.a(stm32_backup_domain.c.obj)
                0x0000000008000cd0                stm32_backup_domain_enable_access
 .text.stm32_backup_domain_disable_access
                0x0000000008000d90       0xf8 zephyr/libzephyr.a(stm32_backup_domain.c.obj)
                0x0000000008000d90                stm32_backup_domain_disable_access
 .text.soc_early_init_hook
                0x0000000008000e88       0x30 zephyr/libzephyr.a(soc.c.obj)
                0x0000000008000e88                soc_early_init_hook
 .text.log_backend_is_active
                0x0000000008000eb8       0x30 zephyr/libzephyr.a(log_core.c.obj)
 .text.log_backend_id_set
                0x0000000008000ee8       0x2c zephyr/libzephyr.a(log_core.c.obj)
 .text.log_backend_init
                0x0000000008000f14       0x38 zephyr/libzephyr.a(log_core.c.obj)
 .text.log_backend_is_ready
                0x0000000008000f4c       0x34 zephyr/libzephyr.a(log_core.c.obj)
 .text.log_backend_panic
                0x0000000008000f80       0x30 zephyr/libzephyr.a(log_core.c.obj)
 .text.log_backend_msg_process
                0x0000000008000fb0       0x4c zephyr/libzephyr.a(log_core.c.obj)
 .text.msg_process
                0x0000000008000ffc       0x70 zephyr/libzephyr.a(log_core.c.obj)
 .text.default_lf_get_timestamp
                0x000000000800106c       0x48 zephyr/libzephyr.a(log_core.c.obj)
 .text.activate_foreach_backend
                0x00000000080010b4       0x50 zephyr/libzephyr.a(log_core.c.obj)
 .text.z_log_init
                0x0000000008001104       0xec zephyr/libzephyr.a(log_core.c.obj)
 .text.log_format_func_t_get
                0x00000000080011f0        0xc zephyr/libzephyr.a(log_core.c.obj)
                0x00000000080011f0                log_format_func_t_get
 .text.log_set_timestamp_func
                0x00000000080011fc       0x24 zephyr/libzephyr.a(log_core.c.obj)
                0x00000000080011fc                log_set_timestamp_func
 .text.log_core_init
                0x0000000008001220       0x88 zephyr/libzephyr.a(log_core.c.obj)
                0x0000000008001220                log_core_init
 .text.z_impl_log_panic
                0x00000000080012a8       0x7c zephyr/libzephyr.a(log_core.c.obj)
                0x00000000080012a8                z_impl_log_panic
 .text.z_log_notify_backend_enabled
                0x0000000008001324        0xc zephyr/libzephyr.a(log_core.c.obj)
                0x0000000008001324                z_log_notify_backend_enabled
 .text.z_log_dropped
                0x0000000008001330       0x40 zephyr/libzephyr.a(log_core.c.obj)
                0x0000000008001330                z_log_dropped
 .text.z_log_msg_commit
                0x0000000008001370       0x20 zephyr/libzephyr.a(log_core.c.obj)
                0x0000000008001370                z_log_msg_commit
 .text.log_backend_activate
                0x0000000008001390       0x38 zephyr/libzephyr.a(log_mgmt.c.obj)
 .text.log_src_cnt_get
                0x00000000080013c8       0x14 zephyr/libzephyr.a(log_mgmt.c.obj)
                0x00000000080013c8                log_src_cnt_get
 .text.log_source_name_get
                0x00000000080013dc       0x1c zephyr/libzephyr.a(log_mgmt.c.obj)
                0x00000000080013dc                log_source_name_get
 .text.z_log_msg_runtime_vcreate
                0x00000000080013f8      0x104 zephyr/libzephyr.a(log_msg.c.obj)
                0x00000000080013f8                z_log_msg_runtime_vcreate
 .text.log_msg_get_source_id
                0x00000000080014fc       0x18 zephyr/libzephyr.a(log_msg.c.obj)
                0x00000000080014fc                log_msg_get_source_id
 .text.print_formatted
                0x0000000008001514       0x24 zephyr/libzephyr.a(log_output.c.obj)
 .text.timestamp_print
                0x0000000008001538       0x8c zephyr/libzephyr.a(log_output.c.obj)
 .text.color_print
                0x00000000080015c4       0x2c zephyr/libzephyr.a(log_output.c.obj)
 .text.ids_print
                0x00000000080015f0       0x70 zephyr/libzephyr.a(log_output.c.obj)
 .text.prefix_print
                0x0000000008001660       0xb0 zephyr/libzephyr.a(log_output.c.obj)
 .text.newline_print
                0x0000000008001710       0x28 zephyr/libzephyr.a(log_output.c.obj)
 .text.hexdump_line_print
                0x0000000008001738       0xc4 zephyr/libzephyr.a(log_output.c.obj)
 .text.log_output_process
                0x00000000080017fc       0xb0 zephyr/libzephyr.a(log_output.c.obj)
                0x00000000080017fc                log_output_process
 .text.log_output_timestamp_freq_set
                0x00000000080018ac       0x2c zephyr/libzephyr.a(log_output.c.obj)
                0x00000000080018ac                log_output_timestamp_freq_set
 .text.char_out
                0x00000000080018d8       0x24 zephyr/libzephyr.a(log_backend_uart.c.obj)
 .text.log_backend_uart_init
                0x00000000080018fc       0x3c zephyr/libzephyr.a(log_backend_uart.c.obj)
 .text.mem_attr_get_regions
                0x0000000008001938        0xc zephyr/libzephyr.a(mem_attr.c.obj)
                0x0000000008001938                mem_attr_get_regions
 .text.arch_bss_zero
                0x0000000008001944       0x18 zephyr/arch/common/libarch__common.a(init.c.obj)
                0x0000000008001944                arch_bss_zero
 .text.arch_data_copy
                0x000000000800195c       0x34 zephyr/arch/common/libarch__common.a(xip.c.obj)
                0x000000000800195c                arch_data_copy
 .text.esf_dump
                0x0000000008001990       0x94 zephyr/arch/arch/arm/core/libarch__arm__core.a(fatal.c.obj)
 .text.z_arm_fatal_error
                0x0000000008001a24       0x48 zephyr/arch/arch/arm/core/libarch__arm__core.a(fatal.c.obj)
                0x0000000008001a24                z_arm_fatal_error
 .text.z_SysNmiOnReset
                0x0000000008001a6c        0x8 zephyr/arch/arch/arm/core/libarch__arm__core.a(nmi_on_reset.S.obj)
                0x0000000008001a6c                z_SysNmiOnReset
 .text.z_tls_copy
                0x0000000008001a74       0x28 zephyr/arch/arch/arm/core/libarch__arm__core.a(tls.c.obj)
 .text.arch_tls_stack_setup
                0x0000000008001a9c       0x24 zephyr/arch/arch/arm/core/libarch__arm__core.a(tls.c.obj)
                0x0000000008001a9c                arch_tls_stack_setup
 .text._HandlerModeExit
                0x0000000008001ac0       0x20 zephyr/arch/arch/arm/core/cortex_m/libarch__arm__core__cortex_m.a(exc_exit.c.obj)
                0x0000000008001ac0                z_arm_int_exit
                0x0000000008001ac0                z_arm_exc_exit
 .text.z_arm_is_synchronous_svc
                0x0000000008001ae0       0x3c zephyr/arch/arch/arm/core/cortex_m/libarch__arm__core__cortex_m.a(fault.c.obj)
 .text.get_esf  0x0000000008001b1c       0x54 zephyr/arch/arch/arm/core/cortex_m/libarch__arm__core__cortex_m.a(fault.c.obj)
 .text.bus_fault
                0x0000000008001b70      0x140 zephyr/arch/arch/arm/core/cortex_m/libarch__arm__core__cortex_m.a(fault.c.obj)
 .text.usage_fault
                0x0000000008001cb0      0x120 zephyr/arch/arch/arm/core/cortex_m/libarch__arm__core__cortex_m.a(fault.c.obj)
 .text.debug_monitor
                0x0000000008001dd0       0x28 zephyr/arch/arch/arm/core/cortex_m/libarch__arm__core__cortex_m.a(fault.c.obj)
 .text.reserved_exception
                0x0000000008001df8       0x40 zephyr/arch/arch/arm/core/cortex_m/libarch__arm__core__cortex_m.a(fault.c.obj)
 .text.mem_manage_fault
                0x0000000008001e38      0x194 zephyr/arch/arch/arm/core/cortex_m/libarch__arm__core__cortex_m.a(fault.c.obj)
 .text.hard_fault
                0x0000000008001fcc      0x15c zephyr/arch/arch/arm/core/cortex_m/libarch__arm__core__cortex_m.a(fault.c.obj)
 .text.z_arm_fault
                0x0000000008002128       0xb8 zephyr/arch/arch/arm/core/cortex_m/libarch__arm__core__cortex_m.a(fault.c.obj)
                0x0000000008002128                z_arm_fault
 .text.z_arm_fault_init
                0x00000000080021e0       0x18 zephyr/arch/arch/arm/core/cortex_m/libarch__arm__core__cortex_m.a(fault.c.obj)
                0x00000000080021e0                z_arm_fault_init
 .text.__fault  0x00000000080021f8       0x14 zephyr/arch/arch/arm/core/cortex_m/libarch__arm__core__cortex_m.a(fault_s.S.obj)
                0x00000000080021f8                z_arm_usage_fault
                0x00000000080021f8                z_arm_mpu_fault
                0x00000000080021f8                z_arm_exc_spurious
                0x00000000080021f8                z_arm_debug_monitor
                0x00000000080021f8                z_arm_hard_fault
                0x00000000080021f8                z_arm_bus_fault
 .text._reset_section
                0x000000000800220c       0x34 zephyr/arch/arch/arm/core/cortex_m/libarch__arm__core__cortex_m.a(reset.S.obj)
                0x000000000800220c                __start
                0x000000000800220c                z_arm_reset
 .text.z_impl_k_thread_abort
                0x0000000008002240       0x34 zephyr/arch/arch/arm/core/cortex_m/libarch__arm__core__cortex_m.a(thread_abort.c.obj)
                0x0000000008002240                z_impl_k_thread_abort
 .text.z_arm_pendsv
                0x0000000008002274       0x60 zephyr/arch/arch/arm/core/cortex_m/libarch__arm__core__cortex_m.a(swap_helper.S.obj)
                0x0000000008002274                z_arm_pendsv
 .text.z_arm_svc
                0x00000000080022d4       0x24 zephyr/arch/arch/arm/core/cortex_m/libarch__arm__core__cortex_m.a(swap_helper.S.obj)
                0x00000000080022d4                z_arm_svc
 .text.__NVIC_EnableIRQ
                0x00000000080022f8       0x1c zephyr/arch/arch/arm/core/cortex_m/libarch__arm__core__cortex_m.a(irq_manage.c.obj)
 .text.__NVIC_SetPriority
                0x0000000008002314       0x28 zephyr/arch/arch/arm/core/cortex_m/libarch__arm__core__cortex_m.a(irq_manage.c.obj)
 .text.arm_irq_priority_set
                0x000000000800233c       0x48 zephyr/arch/arch/arm/core/cortex_m/libarch__arm__core__cortex_m.a(irq_manage.c.obj)
                0x000000000800233c                arm_irq_priority_set
 .text.relocate_vector_table
                0x0000000008002384       0x1c zephyr/arch/arch/arm/core/cortex_m/libarch__arm__core__cortex_m.a(prep_c.c.obj)
                0x0000000008002384                relocate_vector_table
 .text.arch_new_thread
                0x00000000080023a0       0x40 zephyr/arch/arch/arm/core/cortex_m/libarch__arm__core__cortex_m.a(thread.c.obj)
                0x00000000080023a0                arch_new_thread
 .text.z_check_thread_stack_fail
                0x00000000080023e0       0x40 zephyr/arch/arch/arm/core/cortex_m/libarch__arm__core__cortex_m.a(thread.c.obj)
                0x00000000080023e0                z_check_thread_stack_fail
 .text.arch_switch_to_main_thread
                0x0000000008002420       0x3c zephyr/arch/arch/arm/core/cortex_m/libarch__arm__core__cortex_m.a(thread.c.obj)
                0x0000000008002420                arch_switch_to_main_thread
 .text.z_arm_cpu_idle_init
                0x000000000800245c        0xc zephyr/arch/arch/arm/core/cortex_m/libarch__arm__core__cortex_m.a(cpu_idle.c.obj)
                0x000000000800245c                z_arm_cpu_idle_init
 .text.z_arm_interrupt_init
                0x0000000008002468       0x34 zephyr/arch/arch/arm/core/cortex_m/libarch__arm__core__cortex_m.a(irq_init.c.obj)
                0x0000000008002468                z_arm_interrupt_init
 .text._isr_wrapper
                0x000000000800249c       0x20 zephyr/arch/arch/arm/core/cortex_m/libarch__arm__core__cortex_m.a(isr_wrapper.c.obj)
                0x000000000800249c                _isr_wrapper
 .text.z_arm_configure_static_mpu_regions
                0x00000000080024bc       0x1c zephyr/arch/arch/arm/core/mpu/libarch__arm__core__mpu.a(arm_core_mpu.c.obj)
                0x00000000080024bc                z_arm_configure_static_mpu_regions
 .text.z_arm_configure_dynamic_mpu_regions
                0x00000000080024d8       0x24 zephyr/arch/arch/arm/core/mpu/libarch__arm__core__mpu.a(arm_core_mpu.c.obj)
                0x00000000080024d8                z_arm_configure_dynamic_mpu_regions
 .text.region_init
                0x00000000080024fc       0x28 zephyr/arch/arch/arm/core/mpu/libarch__arm__core__mpu.a(arm_mpu.c.obj)
 .text.region_allocate_and_init
                0x0000000008002524       0x48 zephyr/arch/arch/arm/core/mpu/libarch__arm__core__mpu.a(arm_mpu.c.obj)
 .text.mpu_configure_regions
                0x000000000800256c       0x70 zephyr/arch/arch/arm/core/mpu/libarch__arm__core__mpu.a(arm_mpu.c.obj)
 .text.mpu_configure_static_mpu_regions
                0x00000000080025dc       0x14 zephyr/arch/arch/arm/core/mpu/libarch__arm__core__mpu.a(arm_mpu.c.obj)
 .text.mpu_configure_dynamic_mpu_regions
                0x00000000080025f0       0x3c zephyr/arch/arch/arm/core/mpu/libarch__arm__core__mpu.a(arm_mpu.c.obj)
 .text.mpu_configure_regions_from_dt
                0x000000000800262c      0x1f0 zephyr/arch/arch/arm/core/mpu/libarch__arm__core__mpu.a(arm_mpu.c.obj)
 .text.arm_core_mpu_enable
                0x000000000800281c       0x18 zephyr/arch/arch/arm/core/mpu/libarch__arm__core__mpu.a(arm_mpu.c.obj)
                0x000000000800281c                arm_core_mpu_enable
 .text.arm_core_mpu_disable
                0x0000000008002834       0x14 zephyr/arch/arch/arm/core/mpu/libarch__arm__core__mpu.a(arm_mpu.c.obj)
                0x0000000008002834                arm_core_mpu_disable
 .text.arm_core_mpu_configure_static_mpu_regions
                0x0000000008002848       0x44 zephyr/arch/arch/arm/core/mpu/libarch__arm__core__mpu.a(arm_mpu.c.obj)
                0x0000000008002848                arm_core_mpu_configure_static_mpu_regions
 .text.arm_core_mpu_configure_dynamic_mpu_regions
                0x000000000800288c       0x44 zephyr/arch/arch/arm/core/mpu/libarch__arm__core__mpu.a(arm_mpu.c.obj)
                0x000000000800288c                arm_core_mpu_configure_dynamic_mpu_regions
 .text.z_arm_mpu_init
                0x00000000080028d0      0x110 zephyr/arch/arch/arm/core/mpu/libarch__arm__core__mpu.a(arm_mpu.c.obj)
                0x00000000080028d0                z_arm_mpu_init
 .text.cbvprintf
                0x00000000080029e0       0x34 zephyr/lib/libc/picolibc/liblib__libc__picolibc.a(cbprintf.c.obj)
                0x00000000080029e0                cbvprintf
 .text.z_impl_zephyr_fputc
                0x0000000008002a14       0x10 zephyr/lib/libc/picolibc/liblib__libc__picolibc.a(stdio.c.obj)
                0x0000000008002a14                z_impl_zephyr_fputc
 .text.__stdout_hook_install
                0x0000000008002a24       0x18 zephyr/lib/libc/picolibc/liblib__libc__picolibc.a(stdio.c.obj)
                0x0000000008002a24                __stdout_hook_install
 .text.malloc_prepare
                0x0000000008002a3c       0x24 zephyr/lib/libc/common/liblib__libc__common.a(malloc.c.obj)
 .text.stm32_fill_irq_table
                0x0000000008002a60       0x24 zephyr/drivers/interrupt_controller/libdrivers__interrupt_controller.a(intc_gpio_stm32.c.obj)
 .text.stm32_intc_gpio_isr
                0x0000000008002a84       0x48 zephyr/drivers/interrupt_controller/libdrivers__interrupt_controller.a(intc_gpio_stm32.c.obj)
 .text.LL_SYSCFG_SetEXTISource
                0x0000000008002acc       0x3c zephyr/drivers/interrupt_controller/libdrivers__interrupt_controller.a(intc_gpio_stm32.c.obj)
 .text.LL_SYSCFG_GetEXTISource
                0x0000000008002b08       0x28 zephyr/drivers/interrupt_controller/libdrivers__interrupt_controller.a(intc_gpio_stm32.c.obj)
 .text.stm32_gpio_intc_enable_line
                0x0000000008002b30       0x54 zephyr/drivers/interrupt_controller/libdrivers__interrupt_controller.a(intc_gpio_stm32.c.obj)
                0x0000000008002b30                stm32_gpio_intc_enable_line
 .text.stm32_gpio_intc_disable_line
                0x0000000008002b84       0x14 zephyr/drivers/interrupt_controller/libdrivers__interrupt_controller.a(intc_gpio_stm32.c.obj)
                0x0000000008002b84                stm32_gpio_intc_disable_line
 .text.stm32_gpio_intc_select_line_trigger
                0x0000000008002b98       0x7c zephyr/drivers/interrupt_controller/libdrivers__interrupt_controller.a(intc_gpio_stm32.c.obj)
                0x0000000008002b98                stm32_gpio_intc_select_line_trigger
 .text.stm32_gpio_intc_set_irq_callback
                0x0000000008002c14       0x4c zephyr/drivers/interrupt_controller/libdrivers__interrupt_controller.a(intc_gpio_stm32.c.obj)
                0x0000000008002c14                stm32_gpio_intc_set_irq_callback
 .text.stm32_gpio_intc_remove_irq_callback
                0x0000000008002c60       0x24 zephyr/drivers/interrupt_controller/libdrivers__interrupt_controller.a(intc_gpio_stm32.c.obj)
                0x0000000008002c60                stm32_gpio_intc_remove_irq_callback
 .text.stm32_exti_enable_clocks
                0x0000000008002c84       0x64 zephyr/drivers/interrupt_controller/libdrivers__interrupt_controller.a(intc_exti_stm32.c.obj)
 .text.stm32_exti_is_pending
                0x0000000008002ce8       0x60 zephyr/drivers/interrupt_controller/libdrivers__interrupt_controller.a(intc_exti_stm32.c.obj)
                0x0000000008002ce8                stm32_exti_is_pending
 .text.stm32_exti_clear_pending
                0x0000000008002d48       0x50 zephyr/drivers/interrupt_controller/libdrivers__interrupt_controller.a(intc_exti_stm32.c.obj)
                0x0000000008002d48                stm32_exti_clear_pending
 .text.get_pll_div_frequency
                0x0000000008002d98       0x38 zephyr/drivers/clock_control/libdrivers__clock_control.a(clock_stm32_ll_common.c.obj)
 .text.stm32_clock_control_get_subsys_rate
                0x0000000008002dd0      0x114 zephyr/drivers/clock_control/libdrivers__clock_control.a(clock_stm32_ll_common.c.obj)
 .text.stm32_clock_control_init
                0x0000000008002ee4       0xb4 zephyr/drivers/clock_control/libdrivers__clock_control.a(clock_stm32_ll_common.c.obj)
                0x0000000008002ee4                stm32_clock_control_init
 .text.get_pllsrc_frequency
                0x0000000008002f98        0x8 zephyr/drivers/clock_control/libdrivers__clock_control.a(clock_stm32l4_l5_wb_wl.c.obj)
                0x0000000008002f98                get_pllsrc_frequency
 .text.config_pll_sysclock
                0x0000000008002fa0       0x2c zephyr/drivers/clock_control/libdrivers__clock_control.a(clock_stm32l4_l5_wb_wl.c.obj)
                0x0000000008002fa0                config_pll_sysclock
 .text.console_out
                0x0000000008002fcc       0x28 zephyr/drivers/console/libdrivers__console.a(uart_console.c.obj)
 .text.uart_console_hook_install
                0x0000000008002ff4       0x18 zephyr/drivers/console/libdrivers__console.a(uart_console.c.obj)
 .text.uart_console_init
                0x000000000800300c       0x1c zephyr/drivers/console/libdrivers__console.a(uart_console.c.obj)
 .text.gpio_stm32_clock_request
                0x0000000008003028       0x3c zephyr/drivers/gpio/libdrivers__gpio.a(gpio_stm32.c.obj)
 .text.gpio_manage_callback
                0x0000000008003064       0x94 zephyr/drivers/gpio/libdrivers__gpio.a(gpio_stm32.c.obj)
 .text.gpio_fire_callbacks
                0x00000000080030f8       0x70 zephyr/drivers/gpio/libdrivers__gpio.a(gpio_stm32.c.obj)
 .text.gpio_stm32_pin_interrupt_configure
                0x0000000008003168       0x94 zephyr/drivers/gpio/libdrivers__gpio.a(gpio_stm32.c.obj)
 .text.gpio_stm32_init
                0x00000000080031fc       0x28 zephyr/drivers/gpio/libdrivers__gpio.a(gpio_stm32.c.obj)
 .text.i2c_stm32_get_config
                0x0000000008003224       0x3c zephyr/drivers/i2c/libdrivers__i2c.a(i2c_ll_stm32.c.obj)
                0x0000000008003224                i2c_stm32_get_config
 .text.i2c_map_dt_bitrate
                0x0000000008003260       0x74 zephyr/drivers/i2c/libdrivers__i2c.a(i2c_ll_stm32.c.obj)
 .text.i2c_stm32_set_smbus_mode
                0x00000000080032d4       0x44 zephyr/drivers/i2c/libdrivers__i2c.a(i2c_ll_stm32.c.obj)
                0x00000000080032d4                i2c_stm32_set_smbus_mode
 .text.i2c_stm32_runtime_configure
                0x0000000008003318       0x98 zephyr/drivers/i2c/libdrivers__i2c.a(i2c_ll_stm32.c.obj)
                0x0000000008003318                i2c_stm32_runtime_configure
 .text.i2c_stm32_init
                0x00000000080033b0       0xa0 zephyr/drivers/i2c/libdrivers__i2c.a(i2c_ll_stm32.c.obj)
 .text.i2c_stm32_activate
                0x0000000008003450       0x6c zephyr/drivers/i2c/libdrivers__i2c.a(i2c_ll_stm32_common.c.obj)
                0x0000000008003450                i2c_stm32_activate
 .text.i2c_map_dt_bitrate
                0x00000000080034bc       0x74 zephyr/drivers/i2c/libdrivers__i2c.a(i2c_ll_stm32_v2.c.obj)
 .text.i2c_stm32_configure_timing
                0x0000000008003530      0x13c zephyr/drivers/i2c/libdrivers__i2c.a(i2c_ll_stm32_v2.c.obj)
                0x0000000008003530                i2c_stm32_configure_timing
 .text.stm32_pin_configure
                0x000000000800366c       0x40 zephyr/drivers/pinctrl/libdrivers__pinctrl.a(pinctrl_stm32.c.obj)
 .text.pinctrl_configure_pins
                0x00000000080036ac       0x88 zephyr/drivers/pinctrl/libdrivers__pinctrl.a(pinctrl_stm32.c.obj)
                0x00000000080036ac                pinctrl_configure_pins
 .text.LL_LPUART_SetBaudRate
                0x0000000008003734       0x44 zephyr/drivers/serial/libdrivers__serial.a(uart_stm32.c.obj)
 .text.uart_stm32_cfg2ll_stopbits
                0x0000000008003778       0x40 zephyr/drivers/serial/libdrivers__serial.a(uart_stm32.c.obj)
 .text.uart_stm32_poll_in
                0x00000000080037b8       0x10 zephyr/drivers/serial/libdrivers__serial.a(uart_stm32.c.obj)
 .text.uart_stm32_poll_out
                0x00000000080037c8       0x10 zephyr/drivers/serial/libdrivers__serial.a(uart_stm32.c.obj)
 .text.uart_stm32_clocks_enable
                0x00000000080037d8       0x6c zephyr/drivers/serial/libdrivers__serial.a(uart_stm32.c.obj)
 .text.lpuartdiv_calc
                0x0000000008003844       0x30 zephyr/drivers/serial/libdrivers__serial.a(uart_stm32.c.obj)
                0x0000000008003844                lpuartdiv_calc
 .text.uart_stm32_set_baudrate
                0x0000000008003874      0x190 zephyr/drivers/serial/libdrivers__serial.a(uart_stm32.c.obj)
 .text.uart_stm32_configure
                0x0000000008003a04      0x134 zephyr/drivers/serial/libdrivers__serial.a(uart_stm32.c.obj)
 .text.uart_stm32_registers_configure
                0x0000000008003b38      0x148 zephyr/drivers/serial/libdrivers__serial.a(uart_stm32.c.obj)
 .text.elapsed  0x0000000008003c80       0x48 zephyr/drivers/timer/libdrivers__timer.a(cortex_m_systick.c.obj)
 .text.sys_clock_driver_init
                0x0000000008003cc8       0x38 zephyr/drivers/timer/libdrivers__timer.a(cortex_m_systick.c.obj)
 .text.sys_clock_isr
                0x0000000008003d00       0x58 zephyr/drivers/timer/libdrivers__timer.a(cortex_m_systick.c.obj)
                0x0000000008003d00                sys_clock_isr
 .text.sys_clock_set_timeout
                0x0000000008003d58      0x17c zephyr/drivers/timer/libdrivers__timer.a(cortex_m_systick.c.obj)
                0x0000000008003d58                sys_clock_set_timeout
 .text.sys_clock_elapsed
                0x0000000008003ed4       0xb4 zephyr/drivers/timer/libdrivers__timer.a(cortex_m_systick.c.obj)
                0x0000000008003ed4                sys_clock_elapsed
 .text.HAL_RCC_GetSysClockFreq
                0x0000000008003f88      0x114 modules/hal_stm32/stm32cube/lib..__modules__hal__stm32__stm32cube.a(stm32wlxx_hal_rcc.c.obj)
                0x0000000008003f88                HAL_RCC_GetSysClockFreq
 .text.LL_SetFlashLatency
                0x000000000800409c       0xf4 modules/hal_stm32/stm32cube/lib..__modules__hal__stm32__stm32cube.a(stm32wlxx_ll_utils.c.obj)
                0x000000000800409c                LL_SetFlashLatency
 .text.do_device_init
                0x0000000008004190       0x64 zephyr/kernel/libkernel.a(device.c.obj)
                0x0000000008004190                do_device_init
 .text.reason_to_str
                0x00000000080041f4       0x40 zephyr/kernel/libkernel.a(fatal.c.obj)
 .text.thread_name_get
                0x0000000008004234       0x20 zephyr/kernel/libkernel.a(fatal.c.obj)
 .text.k_sys_fatal_error_handler
                0x0000000008004254       0x2c zephyr/kernel/libkernel.a(fatal.c.obj)
                0x0000000008004254                k_sys_fatal_error_handler
 .text.z_fatal_error
                0x0000000008004280       0xdc zephyr/kernel/libkernel.a(fatal.c.obj)
                0x0000000008004280                z_fatal_error
 .text.init_idle_thread
                0x000000000800435c       0x54 zephyr/kernel/libkernel.a(init.c.obj)
 .text.z_device_state_init
                0x00000000080043b0       0x4c zephyr/kernel/libkernel.a(init.c.obj)
 .text.z_sys_init_run_level
                0x00000000080043fc       0x38 zephyr/kernel/libkernel.a(init.c.obj)
 .text.thread_schedule_new
                0x0000000008004434       0x1c zephyr/kernel/libkernel.a(init.c.obj)
 .text.z_init_static_threads
                0x0000000008004450       0xc4 zephyr/kernel/libkernel.a(init.c.obj)
 .text.bg_thread_main
                0x0000000008004514       0x34 zephyr/kernel/libkernel.a(init.c.obj)
 .text.switch_to_main_thread
                0x0000000008004548       0x14 zephyr/kernel/libkernel.a(init.c.obj)
 .text.z_init_cpu
                0x000000000800455c       0x44 zephyr/kernel/libkernel.a(init.c.obj)
                0x000000000800455c                z_init_cpu
 .text.prepare_multithreading
                0x00000000080045a0       0x60 zephyr/kernel/libkernel.a(init.c.obj)
 .text.z_cstart
                0x0000000008004600       0x80 zephyr/kernel/libkernel.a(init.c.obj)
                0x0000000008004600                z_cstart
 .text.idle     0x0000000008004680       0x48 zephyr/kernel/libkernel.a(idle.c.obj)
                0x0000000008004680                idle
 .text.arch_spin_relax
                0x00000000080046c8       0x44 zephyr/kernel/libkernel.a(idle.c.obj)
                0x00000000080046c8                arch_spin_relax
 .text.unpend_thread_no_timeout
                0x000000000800470c       0x44 zephyr/kernel/libkernel.a(sem.c.obj)
 .text.z_impl_k_sem_give
                0x0000000008004750      0x138 zephyr/kernel/libkernel.a(sem.c.obj)
                0x0000000008004750                z_impl_k_sem_give
 .text.z_impl_k_sem_take
                0x0000000008004888      0x124 zephyr/kernel/libkernel.a(sem.c.obj)
                0x0000000008004888                z_impl_k_sem_take
 .text.z_setup_new_thread
                0x00000000080049ac       0xb8 zephyr/kernel/libkernel.a(thread.c.obj)
                0x00000000080049ac                z_setup_new_thread
 .text.z_dummy_thread_init
                0x0000000008004a64       0x18 zephyr/kernel/libkernel.a(thread.c.obj)
                0x0000000008004a64                z_dummy_thread_init
 .text.unpend_thread_no_timeout
                0x0000000008004a7c       0x44 zephyr/kernel/libkernel.a(sched.c.obj)
 .text.z_swap_irqlock
                0x0000000008004ac0       0x6c zephyr/kernel/libkernel.a(sched.c.obj)
 .text.ready_thread
                0x0000000008004b2c      0x10c zephyr/kernel/libkernel.a(sched.c.obj)
 .text.unready_thread
                0x0000000008004c38       0xbc zephyr/kernel/libkernel.a(sched.c.obj)
 .text.thread_halt_spin
                0x0000000008004cf4      0x168 zephyr/kernel/libkernel.a(sched.c.obj)
 .text.add_thread_timeout
                0x0000000008004e5c       0x20 zephyr/kernel/libkernel.a(sched.c.obj)
 .text.move_thread_to_end_of_prio_q
                0x0000000008004e7c      0x138 zephyr/kernel/libkernel.a(sched.c.obj)
                0x0000000008004e7c                move_thread_to_end_of_prio_q
 .text.z_ready_thread
                0x0000000008004fb4       0xa8 zephyr/kernel/libkernel.a(sched.c.obj)
                0x0000000008004fb4                z_ready_thread
 .text.z_sched_wake_thread
                0x000000000800505c       0xbc zephyr/kernel/libkernel.a(sched.c.obj)
                0x000000000800505c                z_sched_wake_thread
 .text.z_pend_curr
                0x0000000008005118      0x100 zephyr/kernel/libkernel.a(sched.c.obj)
                0x0000000008005118                z_pend_curr
 .text.z_reschedule
                0x0000000008005218       0x90 zephyr/kernel/libkernel.a(sched.c.obj)
                0x0000000008005218                z_reschedule
 .text.z_reschedule_irqlock
                0x00000000080052a8       0x2c zephyr/kernel/libkernel.a(sched.c.obj)
                0x00000000080052a8                z_reschedule_irqlock
 .text.k_sched_lock
                0x00000000080052d4      0x100 zephyr/kernel/libkernel.a(sched.c.obj)
                0x00000000080052d4                k_sched_lock
 .text.k_sched_unlock
                0x00000000080053d4      0x168 zephyr/kernel/libkernel.a(sched.c.obj)
                0x00000000080053d4                k_sched_unlock
 .text.z_sched_init
                0x000000000800553c       0x10 zephyr/kernel/libkernel.a(sched.c.obj)
                0x000000000800553c                z_sched_init
 .text.z_impl_k_yield
                0x000000000800554c      0x144 zephyr/kernel/libkernel.a(sched.c.obj)
                0x000000000800554c                z_impl_k_yield
 .text.z_tick_sleep
                0x0000000008005690      0x12c zephyr/kernel/libkernel.a(sched.c.obj)
 .text.z_impl_k_sleep
                0x00000000080057bc       0xbc zephyr/kernel/libkernel.a(sched.c.obj)
                0x00000000080057bc                z_impl_k_sleep
 .text.z_impl_k_wakeup
                0x0000000008005878       0xb8 zephyr/kernel/libkernel.a(sched.c.obj)
                0x0000000008005878                z_impl_k_wakeup
 .text.z_impl_k_sched_current_thread_query
                0x0000000008005930        0xc zephyr/kernel/libkernel.a(sched.c.obj)
                0x0000000008005930                z_impl_k_sched_current_thread_query
 .text.z_thread_abort
                0x000000000800593c      0x318 zephyr/kernel/libkernel.a(sched.c.obj)
                0x000000000800593c                z_thread_abort
 .text.slice_timeout
                0x0000000008005c54       0x6c zephyr/kernel/libkernel.a(timeslicing.c.obj)
 .text.thread_is_sliceable
                0x0000000008005cc0       0x4c zephyr/kernel/libkernel.a(timeslicing.c.obj)
                0x0000000008005cc0                thread_is_sliceable
 .text.z_reset_time_slice
                0x0000000008005d0c       0x50 zephyr/kernel/libkernel.a(timeslicing.c.obj)
                0x0000000008005d0c                z_reset_time_slice
 .text.z_time_slice
                0x0000000008005d5c      0x10c zephyr/kernel/libkernel.a(timeslicing.c.obj)
                0x0000000008005d5c                z_time_slice
 .text.z_spin_lock_valid
                0x0000000008005e68       0x20 zephyr/kernel/libkernel.a(spinlock_validate.c.obj)
                0x0000000008005e68                z_spin_lock_valid
 .text.z_spin_unlock_valid
                0x0000000008005e88       0x34 zephyr/kernel/libkernel.a(spinlock_validate.c.obj)
                0x0000000008005e88                z_spin_unlock_valid
 .text.z_spin_lock_set_owner
                0x0000000008005ebc       0x10 zephyr/kernel/libkernel.a(spinlock_validate.c.obj)
                0x0000000008005ebc                z_spin_lock_set_owner
 .text.first    0x0000000008005ecc       0x14 zephyr/kernel/libkernel.a(timeout.c.obj)
 .text.next     0x0000000008005ee0       0x18 zephyr/kernel/libkernel.a(timeout.c.obj)
 .text.elapsed  0x0000000008005ef8       0x18 zephyr/kernel/libkernel.a(timeout.c.obj)
 .text.z_add_timeout
                0x0000000008005f10      0x1e8 zephyr/kernel/libkernel.a(timeout.c.obj)
                0x0000000008005f10                z_add_timeout
 .text.z_abort_timeout
                0x00000000080060f8       0xd8 zephyr/kernel/libkernel.a(timeout.c.obj)
                0x00000000080060f8                z_abort_timeout
 .text.sys_clock_announce
                0x00000000080061d0      0x194 zephyr/kernel/libkernel.a(timeout.c.obj)
                0x00000000080061d0                sys_clock_announce
 .text.sys_clock_tick_get
                0x0000000008006364       0xb0 zephyr/kernel/libkernel.a(timeout.c.obj)
                0x0000000008006364                sys_clock_tick_get
 .text.boot_banner
                0x0000000008006414       0x10 zephyr/kernel/libkernel.a(banner.c.obj)
                0x0000000008006414                boot_banner
 .text.skip_to_arg
                0x0000000008006424      0x138 c:\users\javie\zephyr-sdk-0.17.4\arm-zephyr-eabi\bin\../lib/gcc/../../picolibc/arm-zephyr-eabi/lib/thumb/v7e-m/nofp\libc.a(libc_tinystdio_vfprintf.c.o)
 .text.vfprintf
                0x000000000800655c      0x9c4 c:\users\javie\zephyr-sdk-0.17.4\arm-zephyr-eabi\bin\../lib/gcc/../../picolibc/arm-zephyr-eabi/lib/thumb/v7e-m/nofp\libc.a(libc_tinystdio_vfprintf.c.o)
                0x000000000800655c                __d_vfprintf
 .text.div10    0x0000000008006f20       0x28 c:\users\javie\zephyr-sdk-0.17.4\arm-zephyr-eabi\bin\../lib/gcc/../../picolibc/arm-zephyr-eabi/lib/thumb/v7e-m/nofp\libc.a(libc_tinystdio_dtoa_ryu.c.o)
 .text.__dtoa_engine
                0x0000000008006f48      0x49c c:\users\javie\zephyr-sdk-0.17.4\arm-zephyr-eabi\bin\../lib/gcc/../../picolibc/arm-zephyr-eabi/lib/thumb/v7e-m/nofp\libc.a(libc_tinystdio_dtoa_ryu.c.o)
                0x0000000008006f48                __dtoa_engine
 .text.__log10Pow2
                0x00000000080073e4        0xc c:\users\javie\zephyr-sdk-0.17.4\arm-zephyr-eabi\bin\../lib/gcc/../../picolibc/arm-zephyr-eabi/lib/thumb/v7e-m/nofp\libc.a(libc_tinystdio_ryu_log10.c.o)
                0x00000000080073e4                __log10Pow2
 .text.__log10Pow5
                0x00000000080073f0        0xc c:\users\javie\zephyr-sdk-0.17.4\arm-zephyr-eabi\bin\../lib/gcc/../../picolibc/arm-zephyr-eabi/lib/thumb/v7e-m/nofp\libc.a(libc_tinystdio_ryu_log10.c.o)
                0x00000000080073f0                __log10Pow5
 .text.__pow5bits
                0x00000000080073fc       0x10 c:\users\javie\zephyr-sdk-0.17.4\arm-zephyr-eabi\bin\../lib/gcc/../../picolibc/arm-zephyr-eabi/lib/thumb/v7e-m/nofp\libc.a(libc_tinystdio_ryu_pow5bits.c.o)
                0x00000000080073fc                __pow5bits
 .text.__pow5Factor
                0x000000000800740c       0x30 c:\users\javie\zephyr-sdk-0.17.4\arm-zephyr-eabi\bin\../lib/gcc/../../picolibc/arm-zephyr-eabi/lib/thumb/v7e-m/nofp\libc.a(libc_tinystdio_ryu_table.c.o)
                0x000000000800740c                __pow5Factor
 .text.__double_computePow5
                0x000000000800743c       0xe8 c:\users\javie\zephyr-sdk-0.17.4\arm-zephyr-eabi\bin\../lib/gcc/../../picolibc/arm-zephyr-eabi/lib/thumb/v7e-m/nofp\libc.a(libc_tinystdio_ryu_table.c.o)
                0x000000000800743c                __double_computePow5
 .text.__double_computeInvPow5
                0x0000000008007524       0xf8 c:\users\javie\zephyr-sdk-0.17.4\arm-zephyr-eabi\bin\../lib/gcc/../../picolibc/arm-zephyr-eabi/lib/thumb/v7e-m/nofp\libc.a(libc_tinystdio_ryu_table.c.o)
                0x0000000008007524                __double_computeInvPow5
 .text._OffsetAbsSyms
                0x000000000800761c        0x2 zephyr/CMakeFiles/offsets.dir/./arch/arm/core/offsets/offsets.c.obj
                0x000000000800761c                _OffsetAbsSyms
 .text.z_impl_i2c_transfer
                0x000000000800761e       0x2e app/libapp.a(main.c.obj)
 .text.i2c_write
                0x000000000800764c       0x1c app/libapp.a(main.c.obj)
 .text.i2c_write_read
                0x0000000008007668       0x2c app/libapp.a(main.c.obj)
 .text.mma_write_reg
                0x0000000008007694       0x1e app/libapp.a(main.c.obj)
 .text.mma_read_regs
                0x00000000080076b2       0x20 app/libapp.a(main.c.obj)
 .text.free_list_add_bidx
                0x00000000080076d2       0x4e zephyr/libzephyr.a(heap.c.obj)
 .text.free_list_add
                0x0000000008007720       0x18 zephyr/libzephyr.a(heap.c.obj)
 .text.cbprintf_via_va_list
                0x0000000008007738        0xe zephyr/libzephyr.a(cbprintf_packaged.c.obj)
 .text.cbpprintf_external
                0x0000000008007746       0x60 zephyr/libzephyr.a(cbprintf_packaged.c.obj)
                0x0000000008007746                cbpprintf_external
 .text.arch_printk_char_out
                0x00000000080077a6        0x4 zephyr/libzephyr.a(printk.c.obj)
                0x00000000080077a6                arch_printk_char_out
 .text.vprintk  0x00000000080077aa        0x8 zephyr/libzephyr.a(printk.c.obj)
                0x00000000080077aa                vprintk
 .text.printk   0x00000000080077b2       0x1c zephyr/libzephyr.a(printk.c.obj)
                0x00000000080077b2                printk
 .text.assert_post_action
                0x00000000080077ce       0x12 zephyr/libzephyr.a(assert.c.obj)
                0x00000000080077ce                assert_post_action
 .text.assert_print
                0x00000000080077e0       0x1c zephyr/libzephyr.a(assert.c.obj)
                0x00000000080077e0                assert_print
 .text._ConfigAbsSyms
                0x00000000080077fc        0x2 zephyr/libzephyr.a(configs.c.obj)
                0x00000000080077fc                _ConfigAbsSyms
 .text.z_log_msg_runtime_create
                0x00000000080077fe       0x1e zephyr/libzephyr.a(stm32_backup_domain.c.obj)
 .text.dummy_timestamp
                0x000000000800781c        0x4 zephyr/libzephyr.a(log_core.c.obj)
 .text.msg_filter_check
                0x0000000008007820        0x4 zephyr/libzephyr.a(log_core.c.obj)
 .text.msg_commit
                0x0000000008007824        0xa zephyr/libzephyr.a(log_core.c.obj)
 .text.k_msleep
                0x000000000800782e       0x20 zephyr/libzephyr.a(log_core.c.obj)
 .text.enable_logger
                0x000000000800784e        0xe zephyr/libzephyr.a(log_core.c.obj)
 .text.z_log_vprintk
                0x000000000800785c       0x1e zephyr/libzephyr.a(log_core.c.obj)
                0x000000000800785c                z_log_vprintk
 .text.z_log_get_tag
                0x000000000800787a        0x4 zephyr/libzephyr.a(log_core.c.obj)
                0x000000000800787a                z_log_get_tag
 .text.log_backend_enable
                0x000000000800787e       0x10 zephyr/libzephyr.a(log_mgmt.c.obj)
                0x000000000800787e                log_backend_enable
 .text.z_log_msg_finalize
                0x000000000800788e       0x2e zephyr/libzephyr.a(log_msg.c.obj)
                0x000000000800788e                z_log_msg_finalize
 .text.z_log_msg_runtime_create
                0x00000000080078bc       0x1e zephyr/libzephyr.a(log_msg.c.obj)
 .text.log_output_flush
                0x00000000080078da       0x2e zephyr/libzephyr.a(log_output.c.obj)
 .text.out_func
                0x0000000008007908       0x1e zephyr/libzephyr.a(log_output.c.obj)
 .text.cr_out_func
                0x0000000008007926       0x1e zephyr/libzephyr.a(log_output.c.obj)
 .text.color_prefix
                0x0000000008007944        0xc zephyr/libzephyr.a(log_output.c.obj)
 .text.color_postfix
                0x0000000008007950        0xc zephyr/libzephyr.a(log_output.c.obj)
 .text.postfix_print
                0x000000000800795c       0x18 zephyr/libzephyr.a(log_output.c.obj)
 .text.log_msg_hexdump
                0x0000000008007974       0x36 zephyr/libzephyr.a(log_output.c.obj)
 .text.log_output_msg_process
                0x00000000080079aa       0x66 zephyr/libzephyr.a(log_output.c.obj)
                0x00000000080079aa                log_output_msg_process
 .text.log_output_flush
                0x0000000008007a10       0x2e zephyr/libzephyr.a(log_backend_uart.c.obj)
 .text.format_set
                0x0000000008007a3e        0xc zephyr/libzephyr.a(log_backend_uart.c.obj)
 .text.panic    0x0000000008007a4a       0x14 zephyr/libzephyr.a(log_backend_uart.c.obj)
 .text.process  0x0000000008007a5e       0x1c zephyr/libzephyr.a(log_backend_uart.c.obj)
 .text.arch_early_memset
                0x0000000008007a7a        0x8 zephyr/arch/common/libarch__common.a(init.c.obj)
                0x0000000008007a7a                arch_early_memset
 .text.arch_early_memcpy
                0x0000000008007a82        0x8 zephyr/arch/common/libarch__common.a(init.c.obj)
                0x0000000008007a82                arch_early_memcpy
 .text.z_log_msg_runtime_create
                0x0000000008007a8a       0x1e zephyr/arch/arch/arm/core/libarch__arm__core.a(fatal.c.obj)
 .text.z_do_kernel_oops
                0x0000000008007aa8        0xc zephyr/arch/arch/arm/core/libarch__arm__core.a(fatal.c.obj)
                0x0000000008007aa8                z_do_kernel_oops
 .text.z_arm_nmi
                0x0000000008007ab4        0xc zephyr/arch/arch/arm/core/libarch__arm__core.a(nmi.c.obj)
                0x0000000008007ab4                z_arm_nmi
 .text.memory_fault_recoverable
                0x0000000008007ac0        0x4 zephyr/arch/arch/arm/core/cortex_m/libarch__arm__core__cortex_m.a(fault.c.obj)
 .text.z_log_msg_runtime_create
                0x0000000008007ac4       0x1e zephyr/arch/arch/arm/core/cortex_m/libarch__arm__core__cortex_m.a(fault.c.obj)
 .text.fault_handle
                0x0000000008007ae2       0x4a zephyr/arch/arch/arm/core/cortex_m/libarch__arm__core__cortex_m.a(fault.c.obj)
 .text.arm_irq_enable
                0x0000000008007b2c        0xa zephyr/arch/arch/arm/core/cortex_m/libarch__arm__core__cortex_m.a(irq_manage.c.obj)
                0x0000000008007b2c                arm_irq_enable
 .text.z_irq_spurious
                0x0000000008007b36        0xc zephyr/arch/arch/arm/core/cortex_m/libarch__arm__core__cortex_m.a(irq_manage.c.obj)
                0x0000000008007b36                z_irq_spurious
 .text.z_prep_c
                0x0000000008007b42       0x16 zephyr/arch/arch/arm/core/cortex_m/libarch__arm__core__cortex_m.a(prep_c.c.obj)
                0x0000000008007b42                z_prep_c
 .text.arch_coprocessors_disable
                0x0000000008007b58        0x6 zephyr/arch/arch/arm/core/cortex_m/libarch__arm__core__cortex_m.a(thread.c.obj)
                0x0000000008007b58                arch_coprocessors_disable
 .text.arch_irq_unlock_outlined
                0x0000000008007b5e        0xe zephyr/arch/arch/arm/core/cortex_m/libarch__arm__core__cortex_m.a(thread.c.obj)
                0x0000000008007b5e                arch_irq_unlock_outlined
 .text.arch_cpu_idle
                0x0000000008007b6c       0x1a zephyr/arch/arch/arm/core/cortex_m/libarch__arm__core__cortex_m.a(cpu_idle.c.obj)
                0x0000000008007b6c                arch_cpu_idle
 .text.mpu_partition_is_valid
                0x0000000008007b86       0x22 zephyr/arch/arch/arm/core/mpu/libarch__arm__core__mpu.a(arm_mpu.c.obj)
 .text.z_log_msg_runtime_create
                0x0000000008007ba8       0x1e zephyr/arch/arch/arm/core/mpu/libarch__arm__core__mpu.a(arm_mpu.c.obj)
 .text.mpu_configure_region
                0x0000000008007bc6       0x3e zephyr/arch/arch/arm/core/mpu/libarch__arm__core__mpu.a(arm_mpu.c.obj)
 .text.cbputc   0x0000000008007c04        0xc zephyr/lib/libc/picolibc/liblib__libc__picolibc.a(cbprintf.c.obj)
 .text.picolibc_put
                0x0000000008007c10        0xa zephyr/lib/libc/picolibc/liblib__libc__picolibc.a(stdio.c.obj)
 .text.stm32_exti_gpio_intc_init
                0x0000000008007c1a       0x92 zephyr/drivers/interrupt_controller/libdrivers__interrupt_controller.a(intc_gpio_stm32.c.obj)
 .text.stm32_gpio_intc_get_pin_irq_line
                0x0000000008007cac        0xa zephyr/drivers/interrupt_controller/libdrivers__interrupt_controller.a(intc_gpio_stm32.c.obj)
                0x0000000008007cac                stm32_gpio_intc_get_pin_irq_line
 .text.stm32_exti_set_line_src_port
                0x0000000008007cb6       0x1c zephyr/drivers/interrupt_controller/libdrivers__interrupt_controller.a(intc_gpio_stm32.c.obj)
                0x0000000008007cb6                stm32_exti_set_line_src_port
 .text.stm32_exti_get_line_src_port
                0x0000000008007cd2       0x1a zephyr/drivers/interrupt_controller/libdrivers__interrupt_controller.a(intc_gpio_stm32.c.obj)
                0x0000000008007cd2                stm32_exti_get_line_src_port
 .text.z_log_msg_runtime_create
                0x0000000008007cec       0x1e zephyr/drivers/interrupt_controller/libdrivers__interrupt_controller.a(intc_exti_stm32.c.obj)
 .text.stm32_exti_init
                0x0000000008007d0a        0x8 zephyr/drivers/interrupt_controller/libdrivers__interrupt_controller.a(intc_exti_stm32.c.obj)
 .text.get_bus_clock
                0x0000000008007d12        0x6 zephyr/drivers/clock_control/libdrivers__clock_control.a(clock_stm32_ll_common.c.obj)
 .text.get_msi_frequency
                0x0000000008007d18        0x4 zephyr/drivers/clock_control/libdrivers__clock_control.a(clock_stm32_ll_common.c.obj)
 .text.stm32_clock_control_on
                0x0000000008007d1c       0x3c zephyr/drivers/clock_control/libdrivers__clock_control.a(clock_stm32_ll_common.c.obj)
 .text.stm32_clock_control_off
                0x0000000008007d58       0x2a zephyr/drivers/clock_control/libdrivers__clock_control.a(clock_stm32_ll_common.c.obj)
 .text.stm32_clock_switch_to_hsi
                0x0000000008007d82       0x4e zephyr/drivers/clock_control/libdrivers__clock_control.a(clock_stm32_ll_common.c.obj)
 .text.set_up_fixed_clock_sources
                0x0000000008007dd0       0xae zephyr/drivers/clock_control/libdrivers__clock_control.a(clock_stm32_ll_common.c.obj)
 .text.set_up_plls
                0x0000000008007e7e       0x7e zephyr/drivers/clock_control/libdrivers__clock_control.a(clock_stm32_ll_common.c.obj)
 .text.enabled_clock
                0x0000000008007efc       0x22 zephyr/drivers/clock_control/libdrivers__clock_control.a(clock_stm32_ll_common.c.obj)
                0x0000000008007efc                enabled_clock
 .text.stm32_clock_control_configure
                0x0000000008007f1e       0x4e zephyr/drivers/clock_control/libdrivers__clock_control.a(clock_stm32_ll_common.c.obj)
 .text.stm32_clock_control_get_status
                0x0000000008007f6c       0x36 zephyr/drivers/clock_control/libdrivers__clock_control.a(clock_stm32_ll_common.c.obj)
 .text.config_regulator_voltage
                0x0000000008007fa2        0x2 zephyr/drivers/clock_control/libdrivers__clock_control.a(clock_stm32_ll_common.c.obj)
                0x0000000008007fa2                config_regulator_voltage
 .text.get_pll_source
                0x0000000008007fa4        0x4 zephyr/drivers/clock_control/libdrivers__clock_control.a(clock_stm32l4_l5_wb_wl.c.obj)
 .text.config_enable_default_clocks
                0x0000000008007fa8        0x2 zephyr/drivers/clock_control/libdrivers__clock_control.a(clock_stm32l4_l5_wb_wl.c.obj)
                0x0000000008007fa8                config_enable_default_clocks
 .text.sys_slist_remove
                0x0000000008007faa       0x26 zephyr/drivers/gpio/libdrivers__gpio.a(gpio_stm32.c.obj)
 .text.sys_slist_find_and_remove
                0x0000000008007fd0       0x20 zephyr/drivers/gpio/libdrivers__gpio.a(gpio_stm32.c.obj)
 .text.pm_device_driver_init
                0x0000000008007ff0       0x24 zephyr/drivers/gpio/libdrivers__gpio.a(gpio_stm32.c.obj)
 .text.gpio_stm32_flags_to_conf
                0x0000000008008014       0xa8 zephyr/drivers/gpio/libdrivers__gpio.a(gpio_stm32.c.obj)
 .text.gpio_stm32_port_get_raw
                0x00000000080080bc        0xc zephyr/drivers/gpio/libdrivers__gpio.a(gpio_stm32.c.obj)
 .text.gpio_stm32_port_set_masked_raw
                0x00000000080080c8       0x12 zephyr/drivers/gpio/libdrivers__gpio.a(gpio_stm32.c.obj)
 .text.gpio_stm32_port_set_bits_raw
                0x00000000080080da        0xa zephyr/drivers/gpio/libdrivers__gpio.a(gpio_stm32.c.obj)
 .text.gpio_stm32_port_clear_bits_raw
                0x00000000080080e4        0xa zephyr/drivers/gpio/libdrivers__gpio.a(gpio_stm32.c.obj)
 .text.gpio_stm32_port_toggle_bits
                0x00000000080080ee        0xe zephyr/drivers/gpio/libdrivers__gpio.a(gpio_stm32.c.obj)
 .text.gpio_stm32_pm_action
                0x00000000080080fc       0x32 zephyr/drivers/gpio/libdrivers__gpio.a(gpio_stm32.c.obj)
 .text.LL_GPIO_SetPinMode
                0x000000000800812e       0x3a zephyr/drivers/gpio/libdrivers__gpio.a(gpio_stm32.c.obj)
 .text.LL_GPIO_SetPinSpeed
                0x0000000008008168       0x3a zephyr/drivers/gpio/libdrivers__gpio.a(gpio_stm32.c.obj)
 .text.LL_GPIO_SetPinPull
                0x00000000080081a2       0x3a zephyr/drivers/gpio/libdrivers__gpio.a(gpio_stm32.c.obj)
 .text.LL_GPIO_SetAFPin_0_7
                0x00000000080081dc       0x3a zephyr/drivers/gpio/libdrivers__gpio.a(gpio_stm32.c.obj)
 .text.LL_GPIO_SetAFPin_8_15
                0x0000000008008216       0x3c zephyr/drivers/gpio/libdrivers__gpio.a(gpio_stm32.c.obj)
 .text.gpio_stm32_configure_raw
                0x0000000008008252       0x70 zephyr/drivers/gpio/libdrivers__gpio.a(gpio_stm32.c.obj)
 .text.gpio_stm32_config
                0x00000000080082c2       0x98 zephyr/drivers/gpio/libdrivers__gpio.a(gpio_stm32.c.obj)
 .text.gpio_stm32_manage_callback
                0x000000000800835a        0xc zephyr/drivers/gpio/libdrivers__gpio.a(gpio_stm32.c.obj)
 .text.gpio_stm32_isr
                0x0000000008008366       0x10 zephyr/drivers/gpio/libdrivers__gpio.a(gpio_stm32.c.obj)
 .text.gpio_stm32_disable_pin_irqs
                0x0000000008008376       0x30 zephyr/drivers/gpio/libdrivers__gpio.a(gpio_stm32.c.obj)
 .text.gpio_stm32_configure
                0x00000000080083a6       0x34 zephyr/drivers/gpio/libdrivers__gpio.a(gpio_stm32.c.obj)
                0x00000000080083a6                gpio_stm32_configure
 .text.z_log_msg_runtime_create
                0x00000000080083da       0x1e zephyr/drivers/i2c/libdrivers__i2c.a(i2c_ll_stm32.c.obj)
 .text.i2c_stm32_transfer
                0x00000000080083f8       0xae zephyr/drivers/i2c/libdrivers__i2c.a(i2c_ll_stm32.c.obj)
 .text.i2c_stm32_irq_config_func_0
                0x00000000080084a6       0x24 zephyr/drivers/i2c/libdrivers__i2c.a(i2c_ll_stm32.c.obj)
 .text.i2c_stm32_irq_config_func_1
                0x00000000080084ca       0x24 zephyr/drivers/i2c/libdrivers__i2c.a(i2c_ll_stm32.c.obj)
 .text.pinctrl_apply_state
                0x00000000080084ee       0x20 zephyr/drivers/i2c/libdrivers__i2c.a(i2c_ll_stm32_common.c.obj)
 .text.z_log_msg_runtime_create
                0x000000000800850e       0x1e zephyr/drivers/i2c/libdrivers__i2c.a(i2c_ll_stm32_common.c.obj)
 .text.i2c_stm32_event_isr
                0x000000000800852c        0x8 zephyr/drivers/i2c/libdrivers__i2c.a(i2c_ll_stm32_common.c.obj)
                0x000000000800852c                i2c_stm32_event_isr
 .text.i2c_stm32_error_isr
                0x0000000008008534        0x8 zephyr/drivers/i2c/libdrivers__i2c.a(i2c_ll_stm32_common.c.obj)
                0x0000000008008534                i2c_stm32_error_isr
 .text.msg_init
                0x000000000800853c       0xb2 zephyr/drivers/i2c/libdrivers__i2c.a(i2c_ll_stm32_v2.c.obj)
 .text.i2c_stm32_disable_transfer_interrupts
                0x00000000080085ee       0x3e zephyr/drivers/i2c/libdrivers__i2c.a(i2c_ll_stm32_v2.c.obj)
 .text.i2c_stm32_enable_transfer_interrupts
                0x000000000800862c       0x26 zephyr/drivers/i2c/libdrivers__i2c.a(i2c_ll_stm32_v2.c.obj)
 .text.i2c_stm32_master_mode_end
                0x0000000008008652       0x32 zephyr/drivers/i2c/libdrivers__i2c.a(i2c_ll_stm32_v2.c.obj)
 .text.z_log_msg_runtime_create
                0x0000000008008684       0x1e zephyr/drivers/i2c/libdrivers__i2c.a(i2c_ll_stm32_v2.c.obj)
 .text.i2c_stm32_msg_write
                0x00000000080086a2       0xa6 zephyr/drivers/i2c/libdrivers__i2c.a(i2c_ll_stm32_v2.c.obj)
 .text.i2c_stm32_msg_read
                0x0000000008008748       0xa0 zephyr/drivers/i2c/libdrivers__i2c.a(i2c_ll_stm32_v2.c.obj)
 .text.i2c_stm32_event
                0x00000000080087e8       0xa0 zephyr/drivers/i2c/libdrivers__i2c.a(i2c_ll_stm32_v2.c.obj)
                0x00000000080087e8                i2c_stm32_event
 .text.i2c_stm32_error
                0x0000000008008888       0x40 zephyr/drivers/i2c/libdrivers__i2c.a(i2c_ll_stm32_v2.c.obj)
                0x0000000008008888                i2c_stm32_error
 .text.i2c_stm32_transaction
                0x00000000080088c8       0x78 zephyr/drivers/i2c/libdrivers__i2c.a(i2c_ll_stm32_v2.c.obj)
                0x00000000080088c8                i2c_stm32_transaction
 .text.pinctrl_lookup_state
                0x0000000008008940       0x32 zephyr/drivers/pinctrl/libdrivers__pinctrl.a(common.c.obj)
                0x0000000008008940                pinctrl_lookup_state
 .text.reset_stm32_status
                0x0000000008008972       0x20 zephyr/drivers/reset/libdrivers__reset.a(reset_stm32.c.obj)
 .text.reset_stm32_line_assert
                0x0000000008008992       0x1e zephyr/drivers/reset/libdrivers__reset.a(reset_stm32.c.obj)
 .text.reset_stm32_line_deassert
                0x00000000080089b0       0x20 zephyr/drivers/reset/libdrivers__reset.a(reset_stm32.c.obj)
 .text.reset_stm32_line_toggle
                0x00000000080089d0       0x16 zephyr/drivers/reset/libdrivers__reset.a(reset_stm32.c.obj)
 .text.reset_line_toggle
                0x00000000080089e6       0x12 zephyr/drivers/serial/libdrivers__serial.a(uart_stm32.c.obj)
 .text.uart_stm32_set_driver_enable
                0x00000000080089f8       0x1c zephyr/drivers/serial/libdrivers__serial.a(uart_stm32.c.obj)
 .text.uart_stm32_ll2cfg_databits
                0x0000000008008a14       0x2a zephyr/drivers/serial/libdrivers__serial.a(uart_stm32.c.obj)
 .text.uart_stm32_config_get
                0x0000000008008a3e       0x9a zephyr/drivers/serial/libdrivers__serial.a(uart_stm32.c.obj)
 .text.uart_stm32_poll_in_visitor
                0x0000000008008ad8       0x26 zephyr/drivers/serial/libdrivers__serial.a(uart_stm32.c.obj)
 .text.uart_stm32_poll_out_visitor
                0x0000000008008afe       0x3a zephyr/drivers/serial/libdrivers__serial.a(uart_stm32.c.obj)
 .text.poll_in_u8
                0x0000000008008b38        0x6 zephyr/drivers/serial/libdrivers__serial.a(uart_stm32.c.obj)
 .text.poll_out_u8
                0x0000000008008b3e        0x6 zephyr/drivers/serial/libdrivers__serial.a(uart_stm32.c.obj)
 .text.uart_stm32_err_check
                0x0000000008008b44       0x74 zephyr/drivers/serial/libdrivers__serial.a(uart_stm32.c.obj)
 .text.z_log_msg_runtime_create
                0x0000000008008bb8       0x1e zephyr/drivers/serial/libdrivers__serial.a(uart_stm32.c.obj)
 .text.pinctrl_apply_state
                0x0000000008008bd6       0x20 zephyr/drivers/serial/libdrivers__serial.a(uart_stm32.c.obj)
 .text.uart_stm32_parameters_set
                0x0000000008008bf6      0x162 zephyr/drivers/serial/libdrivers__serial.a(uart_stm32.c.obj)
 .text.uart_stm32_init
                0x0000000008008d58       0x28 zephyr/drivers/serial/libdrivers__serial.a(uart_stm32.c.obj)
 .text.z_impl_device_is_ready
                0x0000000008008d80       0x20 zephyr/kernel/libkernel.a(device.c.obj)
                0x0000000008008d80                z_impl_device_is_ready
 .text.z_log_msg_runtime_create
                0x0000000008008da0       0x1e zephyr/kernel/libkernel.a(fatal.c.obj)
 .text.arch_system_halt
                0x0000000008008dbe       0x10 zephyr/kernel/libkernel.a(fatal.c.obj)
                0x0000000008008dbe                arch_system_halt
 .text.z_impl_k_sem_init
                0x0000000008008dce       0x1e zephyr/kernel/libkernel.a(sem.c.obj)
                0x0000000008008dce                z_impl_k_sem_init
 .text.setup_thread_stack
                0x0000000008008dec       0x46 zephyr/kernel/libkernel.a(thread.c.obj)
 .text.k_thread_name_get
                0x0000000008008e32        0x4 zephyr/kernel/libkernel.a(thread.c.obj)
                0x0000000008008e32                k_thread_name_get
 .text.z_init_thread_base
                0x0000000008008e36       0x16 zephyr/kernel/libkernel.a(thread.c.obj)
                0x0000000008008e36                z_init_thread_base
 .text.thread_active_elsewhere
                0x0000000008008e4c        0x4 zephyr/kernel/libkernel.a(sched.c.obj)
 .text.add_to_waitq_locked
                0x0000000008008e50       0x64 zephyr/kernel/libkernel.a(sched.c.obj)
 .text.z_abort_thread_timeout
                0x0000000008008eb4        0xa zephyr/kernel/libkernel.a(sched.c.obj)
 .text.unpend_all
                0x0000000008008ebe       0x34 zephyr/kernel/libkernel.a(sched.c.obj)
 .text.pend_locked
                0x0000000008008ef2       0x18 zephyr/kernel/libkernel.a(sched.c.obj)
 .text.z_thread_timeout
                0x0000000008008f0a        0xc zephyr/kernel/libkernel.a(sched.c.obj)
                0x0000000008008f0a                z_thread_timeout
 .text.z_reschedule_unlocked
                0x0000000008008f16       0x16 zephyr/kernel/libkernel.a(sched.c.obj)
 .text.init_ready_q
                0x0000000008008f2c        0x8 zephyr/kernel/libkernel.a(sched.c.obj)
                0x0000000008008f2c                init_ready_q
 .text.remove_timeout
                0x0000000008008f34       0x2e zephyr/kernel/libkernel.a(timeout.c.obj)
 .text.next_timeout
                0x0000000008008f62       0x36 zephyr/kernel/libkernel.a(timeout.c.obj)
 .text.sys_clock_tick_get_32
                0x0000000008008f98        0x8 zephyr/kernel/libkernel.a(timeout.c.obj)
                0x0000000008008f98                sys_clock_tick_get_32
 .text.z_impl_k_uptime_ticks
                0x0000000008008fa0        0x8 zephyr/kernel/libkernel.a(timeout.c.obj)
                0x0000000008008fa0                z_impl_k_uptime_ticks
 .text.memcpy   0x0000000008008fa8       0x1c c:\users\javie\zephyr-sdk-0.17.4\arm-zephyr-eabi\bin\../lib/gcc/../../picolibc/arm-zephyr-eabi/lib/thumb/v7e-m/nofp\libc.a(memcpy.c.o)
                0x0000000008008fa8                __aeabi_memcpy
                0x0000000008008fa8                __aeabi_memcpy4
                0x0000000008008fa8                __aeabi_memcpy8
                0x0000000008008fa8                memcpy
 .text.memset   0x0000000008008fc4       0x10 c:\users\javie\zephyr-sdk-0.17.4\arm-zephyr-eabi\bin\../lib/gcc/../../picolibc/arm-zephyr-eabi/lib/thumb/v7e-m/nofp\libc.a(memset.c.o)
                0x0000000008008fc4                memset
 .text.strnlen  0x0000000008008fd4       0x18 c:\users\javie\zephyr-sdk-0.17.4\arm-zephyr-eabi\bin\../lib/gcc/../../picolibc/arm-zephyr-eabi/lib/thumb/v7e-m/nofp\libc.a(libc_string_strnlen.c.o)
                0x0000000008008fd4                strnlen
 .text.__ultoa_invert
                0x0000000008008fec       0x50 c:\users\javie\zephyr-sdk-0.17.4\arm-zephyr-eabi\bin\../lib/gcc/../../picolibc/arm-zephyr-eabi/lib/thumb/v7e-m/nofp\libc.a(libc_tinystdio_vfprintf.c.o)
 .text.mulShiftAll64
                0x000000000800903c      0x176 c:\users\javie\zephyr-sdk-0.17.4\arm-zephyr-eabi\bin\../lib/gcc/../../picolibc/arm-zephyr-eabi/lib/thumb/v7e-m/nofp\libc.a(libc_tinystdio_dtoa_ryu.c.o)
 .text.__umul128
                0x00000000080091b2       0x36 c:\users\javie\zephyr-sdk-0.17.4\arm-zephyr-eabi\bin\../lib/gcc/../../picolibc/arm-zephyr-eabi/lib/thumb/v7e-m/nofp\libc.a(libc_tinystdio_ryu_umul128.c.o)
                0x00000000080091b2                __umul128
 .text.__shiftright128
                0x00000000080091e8       0x3e c:\users\javie\zephyr-sdk-0.17.4\arm-zephyr-eabi\bin\../lib/gcc/../../picolibc/arm-zephyr-eabi/lib/thumb/v7e-m/nofp\libc.a(libc_tinystdio_ryu_umul128.c.o)
                0x00000000080091e8                __shiftright128
 .text.__dtox_engine
                0x0000000008009226      0x128 c:\users\javie\zephyr-sdk-0.17.4\arm-zephyr-eabi\bin\../lib/gcc/../../picolibc/arm-zephyr-eabi/lib/thumb/v7e-m/nofp\libc.a(libc_tinystdio_dtox_engine.c.o)
                0x0000000008009226                __dtox_engine
 *(SORT_BY_ALIGNMENT(.TEXT.*))
 *fill*         0x000000000800934e        0x2 
 .TEXT.__aeabi_read_tp
                0x0000000008009350        0xc zephyr/arch/arch/arm/core/cortex_m/libarch__arm__core__cortex_m.a(__aeabi_read_tp.S.obj)
                0x0000000008009350                __aeabi_read_tp
 *(SORT_BY_ALIGNMENT(.gnu.linkonce.t.*))
 *(SORT_BY_ALIGNMENT(.glue_7t))
 .glue_7t       0x000000000800935c        0x0 linker stubs
 *(SORT_BY_ALIGNMENT(.glue_7))
 .glue_7        0x000000000800935c        0x0 linker stubs
 *(SORT_BY_ALIGNMENT(.vfp11_veneer))
 .vfp11_veneer  0x000000000800935c        0x0 linker stubs
 *(SORT_BY_ALIGNMENT(.v4_bx))
 .v4_bx         0x000000000800935c        0x0 linker stubs
                0x000000000800935c                . = ALIGN (0x4)
                0x000000000800935c                __text_region_end = .

.ARM.exidx      0x000000000800935c        0x8
                0x000000000800935c                __exidx_start = .
 *(SORT_BY_ALIGNMENT(.ARM.exidx*) SORT_BY_ALIGNMENT(gnu.linkonce.armexidx.*))
 .ARM.exidx     0x000000000800935c        0x8 c:/users/javie/zephyr-sdk-0.17.4/arm-zephyr-eabi/bin/../lib/gcc/arm-zephyr-eabi/12.2.0/thumb/v7e-m/nofp\libgcc.a(_udivmoddi4.o)
                0x0000000008009364                __exidx_end = .
                0x0000000008009364                __rodata_region_start = .

initlevel       0x0000000008009364       0x80
                0x0000000008009364                __init_start = .
                0x0000000008009364                __init_EARLY_start = .
 *(SORT_BY_NAME(SORT_BY_ALIGNMENT(.z_init_EARLY_P_?_*)))
 *(SORT_BY_NAME(SORT_BY_ALIGNMENT(.z_init_EARLY_P_??_*)))
 *(SORT_BY_NAME(SORT_BY_ALIGNMENT(.z_init_EARLY_P_???_*)))
                0x0000000008009364                __init_PRE_KERNEL_1_start = .
 *(SORT_BY_NAME(SORT_BY_ALIGNMENT(.z_init_PRE_KERNEL_1_P_?_*)))
 .z_init_PRE_KERNEL_1_P_1_SUB_00009_
                0x0000000008009364        0x8 zephyr/drivers/clock_control/libdrivers__clock_control.a(clock_stm32_ll_common.c.obj)
 .z_init_PRE_KERNEL_1_P_1_SUB_0_
                0x000000000800936c        0x8 zephyr/libzephyr.a(soc_config.c.obj)
 *(SORT_BY_NAME(SORT_BY_ALIGNMENT(.z_init_PRE_KERNEL_1_P_??_*)))
 .z_init_PRE_KERNEL_1_P_35_SUB_00052_
                0x0000000008009374        0x8 zephyr/drivers/reset/libdrivers__reset.a(reset_stm32.c.obj)
 .z_init_PRE_KERNEL_1_P_40_SUB_00039_
                0x000000000800937c        0x8 zephyr/drivers/gpio/libdrivers__gpio.a(gpio_stm32.c.obj)
 .z_init_PRE_KERNEL_1_P_40_SUB_00040_
                0x0000000008009384        0x8 zephyr/drivers/gpio/libdrivers__gpio.a(gpio_stm32.c.obj)
 .z_init_PRE_KERNEL_1_P_40_SUB_00045_
                0x000000000800938c        0x8 zephyr/drivers/gpio/libdrivers__gpio.a(gpio_stm32.c.obj)
 .z_init_PRE_KERNEL_1_P_40_SUB_00059_
                0x0000000008009394        0x8 zephyr/drivers/interrupt_controller/libdrivers__interrupt_controller.a(intc_exti_stm32.c.obj)
 .z_init_PRE_KERNEL_1_P_40_SUB_00085_
                0x000000000800939c        0x8 zephyr/drivers/gpio/libdrivers__gpio.a(gpio_stm32.c.obj)
 .z_init_PRE_KERNEL_1_P_40_SUB_0_
                0x00000000080093a4        0x8 zephyr/drivers/interrupt_controller/libdrivers__interrupt_controller.a(intc_gpio_stm32.c.obj)
 .z_init_PRE_KERNEL_1_P_50_SUB_00064_
                0x00000000080093ac        0x8 zephyr/drivers/serial/libdrivers__serial.a(uart_stm32.c.obj)
 .z_init_PRE_KERNEL_1_P_60_SUB_0_
                0x00000000080093b4        0x8 zephyr/drivers/console/libdrivers__console.a(uart_console.c.obj)
 *(SORT_BY_NAME(SORT_BY_ALIGNMENT(.z_init_PRE_KERNEL_1_P_???_*)))
                0x00000000080093bc                __init_PRE_KERNEL_2_start = .
 *(SORT_BY_NAME(SORT_BY_ALIGNMENT(.z_init_PRE_KERNEL_2_P_?_*)))
 .z_init_PRE_KERNEL_2_P_0_SUB_0_
                0x00000000080093bc        0x8 zephyr/drivers/timer/libdrivers__timer.a(cortex_m_systick.c.obj)
 *(SORT_BY_NAME(SORT_BY_ALIGNMENT(.z_init_PRE_KERNEL_2_P_??_*)))
 *(SORT_BY_NAME(SORT_BY_ALIGNMENT(.z_init_PRE_KERNEL_2_P_???_*)))
                0x00000000080093c4                __init_POST_KERNEL_start = .
 *(SORT_BY_NAME(SORT_BY_ALIGNMENT(.z_init_POST_KERNEL_P_?_*)))
 .z_init_POST_KERNEL_P_0_SUB_0_
                0x00000000080093c4        0x8 zephyr/libzephyr.a(log_core.c.obj)
 *(SORT_BY_NAME(SORT_BY_ALIGNMENT(.z_init_POST_KERNEL_P_??_*)))
 .z_init_POST_KERNEL_P_35_SUB_0_
                0x00000000080093cc        0x8 zephyr/lib/libc/common/liblib__libc__common.a(malloc.c.obj)
 .z_init_POST_KERNEL_P_50_SUB_00018_
                0x00000000080093d4        0x8 zephyr/drivers/i2c/libdrivers__i2c.a(i2c_ll_stm32.c.obj)
 .z_init_POST_KERNEL_P_50_SUB_00022_
                0x00000000080093dc        0x8 zephyr/drivers/i2c/libdrivers__i2c.a(i2c_ll_stm32.c.obj)
 *(SORT_BY_NAME(SORT_BY_ALIGNMENT(.z_init_POST_KERNEL_P_???_*)))
                0x00000000080093e4                __init_APPLICATION_start = .
 *(SORT_BY_NAME(SORT_BY_ALIGNMENT(.z_init_APPLICATION_P_?_*)))
 *(SORT_BY_NAME(SORT_BY_ALIGNMENT(.z_init_APPLICATION_P_??_*)))
 *(SORT_BY_NAME(SORT_BY_ALIGNMENT(.z_init_APPLICATION_P_???_*)))
                0x00000000080093e4                __init_SMP_start = .
 *(SORT_BY_NAME(SORT_BY_ALIGNMENT(.z_init_SMP_P_?_*)))
 *(SORT_BY_NAME(SORT_BY_ALIGNMENT(.z_init_SMP_P_??_*)))
 *(SORT_BY_NAME(SORT_BY_ALIGNMENT(.z_init_SMP_P_???_*)))
                0x00000000080093e4                __init_end = .

device_area     0x00000000080093e4      0x140
                0x00000000080093e4                _device_list_start = .
 *(SORT_BY_NAME(SORT_BY_ALIGNMENT(._device.static.*_?_*)))
 ._device.static.1_1_
                0x00000000080093e4       0x20 zephyr/drivers/clock_control/libdrivers__clock_control.a(clock_stm32_ll_common.c.obj)
                0x00000000080093e4                __device_dts_ord_9
 *(SORT_BY_NAME(SORT_BY_ALIGNMENT(._device.static.*_??_*)))
 ._device.static.1_35_
                0x0000000008009404       0x20 zephyr/drivers/reset/libdrivers__reset.a(reset_stm32.c.obj)
                0x0000000008009404                __device_dts_ord_52
 ._device.static.1_40_
                0x0000000008009424       0x20 zephyr/drivers/interrupt_controller/libdrivers__interrupt_controller.a(intc_exti_stm32.c.obj)
                0x0000000008009424                __device_dts_ord_59
 ._device.static.1_40_
                0x0000000008009444       0x80 zephyr/drivers/gpio/libdrivers__gpio.a(gpio_stm32.c.obj)
                0x0000000008009444                __device_dts_ord_85
                0x0000000008009464                __device_dts_ord_40
                0x0000000008009484                __device_dts_ord_45
                0x00000000080094a4                __device_dts_ord_39
 ._device.static.1_50_
                0x00000000080094c4       0x20 zephyr/drivers/serial/libdrivers__serial.a(uart_stm32.c.obj)
                0x00000000080094c4                __device_dts_ord_64
 ._device.static.3_50_
                0x00000000080094e4       0x40 zephyr/drivers/i2c/libdrivers__i2c.a(i2c_ll_stm32.c.obj)
                0x00000000080094e4                __device_dts_ord_22
                0x0000000008009504                __device_dts_ord_18
 *(SORT_BY_NAME(SORT_BY_ALIGNMENT(._device.static.*_???_*)))
 *(SORT_BY_NAME(SORT_BY_ALIGNMENT(._device.static.*_????_*)))
 *(SORT_BY_NAME(SORT_BY_ALIGNMENT(._device.static.*_?????_*)))
                0x0000000008009524                _device_list_end = .

sw_isr_table    0x0000000008009524      0x1f0
                0x0000000008009524                . = ALIGN (0x4)
 *(SORT_BY_ALIGNMENT(.gnu.linkonce.sw_isr_table*))
 .gnu.linkonce.sw_isr_table
                0x0000000008009524      0x1f0 zephyr/CMakeFiles/zephyr_final.dir/isr_tables.c.obj
                0x0000000008009524                _sw_isr_table

initlevel_error
                0x0000000008009364        0x0
 *(SORT_BY_NAME(SORT_BY_ALIGNMENT(.z_init_*)))
                0x0000000000000001                ASSERT ((SIZEOF (initlevel_error) == 0x0), Undefined initialization levels used.)

app_shmem_regions
                0x0000000008009714        0x0
                0x0000000008009714                __app_shmem_regions_start = .
 *(SORT_BY_NAME(SORT_BY_ALIGNMENT(.app_regions.*)))
                0x0000000008009714                __app_shmem_regions_end = .

k_p4wq_initparam_area
                0x0000000008009714        0x0
                0x0000000008009714                _k_p4wq_initparam_list_start = .
 *(SORT_BY_NAME(SORT_BY_ALIGNMENT(._k_p4wq_initparam.static.*)))
                0x0000000008009714                _k_p4wq_initparam_list_end = .

_static_thread_data_area
                0x0000000008009714        0x0
                0x0000000008009714                __static_thread_data_list_start = .
 *(SORT_BY_NAME(SORT_BY_ALIGNMENT(.__static_thread_data.static.*)))
                0x0000000008009714                __static_thread_data_list_end = .

device_deps     0x0000000008009714        0x0
                0x0000000008009714                __device_deps_start = .
 *(SORT_BY_NAME(SORT_BY_ALIGNMENT(.__device_deps_pass2*)))
                0x0000000008009714                __device_deps_end = .

gpio_driver_api_area
                0x0000000008009714       0x24
                0x0000000008009714                _gpio_driver_api_list_start = .
 *(SORT_BY_NAME(SORT_BY_ALIGNMENT(._gpio_driver_api.static.*)))
 ._gpio_driver_api.static.gpio_stm32_driver_
                0x0000000008009714       0x24 zephyr/drivers/gpio/libdrivers__gpio.a(gpio_stm32.c.obj)
                0x0000000008009738                _gpio_driver_api_list_end = .

i2c_driver_api_area
                0x0000000008009738       0x18
                0x0000000008009738                _i2c_driver_api_list_start = .
 *(SORT_BY_NAME(SORT_BY_ALIGNMENT(._i2c_driver_api.static.*)))
 ._i2c_driver_api.static.api_funcs_
                0x0000000008009738       0x18 zephyr/drivers/i2c/libdrivers__i2c.a(i2c_ll_stm32.c.obj)
                0x0000000008009750                _i2c_driver_api_list_end = .

i2c_target_driver_api_area
                0x0000000008009750        0x0
                0x0000000008009750                _i2c_target_driver_api_list_start = .
 *(SORT_BY_NAME(SORT_BY_ALIGNMENT(._i2c_target_driver_api.static.*)))
                0x0000000008009750                _i2c_target_driver_api_list_end = .

reset_driver_api_area
                0x0000000008009750       0x10
                0x0000000008009750                _reset_driver_api_list_start = .
 *(SORT_BY_NAME(SORT_BY_ALIGNMENT(._reset_driver_api.static.*)))
 ._reset_driver_api.static.reset_stm32_driver_api_
                0x0000000008009750       0x10 zephyr/drivers/reset/libdrivers__reset.a(reset_stm32.c.obj)
                0x0000000008009760                _reset_driver_api_list_end = .

shared_irq_driver_api_area
                0x0000000008009760        0x0
                0x0000000008009760                _shared_irq_driver_api_list_start = .
 *(SORT_BY_NAME(SORT_BY_ALIGNMENT(._shared_irq_driver_api.static.*)))
                0x0000000008009760                _shared_irq_driver_api_list_end = .

crypto_driver_api_area
                0x0000000008009760        0x0
                0x0000000008009760                _crypto_driver_api_list_start = .
 *(SORT_BY_NAME(SORT_BY_ALIGNMENT(._crypto_driver_api.static.*)))
                0x0000000008009760                _crypto_driver_api_list_end = .

adc_driver_api_area
                0x0000000008009760        0x0
                0x0000000008009760                _adc_driver_api_list_start = .
 *(SORT_BY_NAME(SORT_BY_ALIGNMENT(._adc_driver_api.static.*)))
                0x0000000008009760                _adc_driver_api_list_end = .

auxdisplay_driver_api_area
                0x0000000008009760        0x0
                0x0000000008009760                _auxdisplay_driver_api_list_start = .
 *(SORT_BY_NAME(SORT_BY_ALIGNMENT(._auxdisplay_driver_api.static.*)))
                0x0000000008009760                _auxdisplay_driver_api_list_end = .

bbram_driver_api_area
                0x0000000008009760        0x0
                0x0000000008009760                _bbram_driver_api_list_start = .
 *(SORT_BY_NAME(SORT_BY_ALIGNMENT(._bbram_driver_api.static.*)))
                0x0000000008009760                _bbram_driver_api_list_end = .

bt_hci_driver_api_area
                0x0000000008009760        0x0
                0x0000000008009760                _bt_hci_driver_api_list_start = .
 *(SORT_BY_NAME(SORT_BY_ALIGNMENT(._bt_hci_driver_api.static.*)))
                0x0000000008009760                _bt_hci_driver_api_list_end = .

can_driver_api_area
                0x0000000008009760        0x0
                0x0000000008009760                _can_driver_api_list_start = .
 *(SORT_BY_NAME(SORT_BY_ALIGNMENT(._can_driver_api.static.*)))
                0x0000000008009760                _can_driver_api_list_end = .

cellular_driver_api_area
                0x0000000008009760        0x0
                0x0000000008009760                _cellular_driver_api_list_start = .
 *(SORT_BY_NAME(SORT_BY_ALIGNMENT(._cellular_driver_api.static.*)))
                0x0000000008009760                _cellular_driver_api_list_end = .

charger_driver_api_area
                0x0000000008009760        0x0
                0x0000000008009760                _charger_driver_api_list_start = .
 *(SORT_BY_NAME(SORT_BY_ALIGNMENT(._charger_driver_api.static.*)))
                0x0000000008009760                _charger_driver_api_list_end = .

clock_control_driver_api_area
                0x0000000008009760       0x1c
                0x0000000008009760                _clock_control_driver_api_list_start = .
 *(SORT_BY_NAME(SORT_BY_ALIGNMENT(._clock_control_driver_api.static.*)))
 ._clock_control_driver_api.static.stm32_clock_control_api_
                0x0000000008009760       0x1c zephyr/drivers/clock_control/libdrivers__clock_control.a(clock_stm32_ll_common.c.obj)
                0x000000000800977c                _clock_control_driver_api_list_end = .

comparator_driver_api_area
                0x000000000800977c        0x0
                0x000000000800977c                _comparator_driver_api_list_start = .
 *(SORT_BY_NAME(SORT_BY_ALIGNMENT(._comparator_driver_api.static.*)))
                0x000000000800977c                _comparator_driver_api_list_end = .

coredump_driver_api_area
                0x000000000800977c        0x0
                0x000000000800977c                _coredump_driver_api_list_start = .
 *(SORT_BY_NAME(SORT_BY_ALIGNMENT(._coredump_driver_api.static.*)))
                0x000000000800977c                _coredump_driver_api_list_end = .

counter_driver_api_area
                0x000000000800977c        0x0
                0x000000000800977c                _counter_driver_api_list_start = .
 *(SORT_BY_NAME(SORT_BY_ALIGNMENT(._counter_driver_api.static.*)))
                0x000000000800977c                _counter_driver_api_list_end = .

crc_driver_api_area
                0x000000000800977c        0x0
                0x000000000800977c                _crc_driver_api_list_start = .
 *(SORT_BY_NAME(SORT_BY_ALIGNMENT(._crc_driver_api.static.*)))
                0x000000000800977c                _crc_driver_api_list_end = .

dac_driver_api_area
                0x000000000800977c        0x0
                0x000000000800977c                _dac_driver_api_list_start = .
 *(SORT_BY_NAME(SORT_BY_ALIGNMENT(._dac_driver_api.static.*)))
                0x000000000800977c                _dac_driver_api_list_end = .

dai_driver_api_area
                0x000000000800977c        0x0
                0x000000000800977c                _dai_driver_api_list_start = .
 *(SORT_BY_NAME(SORT_BY_ALIGNMENT(._dai_driver_api.static.*)))
                0x000000000800977c                _dai_driver_api_list_end = .

display_driver_api_area
                0x000000000800977c        0x0
                0x000000000800977c                _display_driver_api_list_start = .
 *(SORT_BY_NAME(SORT_BY_ALIGNMENT(._display_driver_api.static.*)))
                0x000000000800977c                _display_driver_api_list_end = .

dma_driver_api_area
                0x000000000800977c        0x0
                0x000000000800977c                _dma_driver_api_list_start = .
 *(SORT_BY_NAME(SORT_BY_ALIGNMENT(._dma_driver_api.static.*)))
                0x000000000800977c                _dma_driver_api_list_end = .

edac_driver_api_area
                0x000000000800977c        0x0
                0x000000000800977c                _edac_driver_api_list_start = .
 *(SORT_BY_NAME(SORT_BY_ALIGNMENT(._edac_driver_api.static.*)))
                0x000000000800977c                _edac_driver_api_list_end = .

eeprom_driver_api_area
                0x000000000800977c        0x0
                0x000000000800977c                _eeprom_driver_api_list_start = .
 *(SORT_BY_NAME(SORT_BY_ALIGNMENT(._eeprom_driver_api.static.*)))
                0x000000000800977c                _eeprom_driver_api_list_end = .

emul_bbram_driver_api_area
                0x000000000800977c        0x0
                0x000000000800977c                _emul_bbram_driver_api_list_start = .
 *(SORT_BY_NAME(SORT_BY_ALIGNMENT(._emul_bbram_driver_api.static.*)))
                0x000000000800977c                _emul_bbram_driver_api_list_end = .

fuel_gauge_emul_driver_api_area
                0x000000000800977c        0x0
                0x000000000800977c                _fuel_gauge_emul_driver_api_list_start = .
 *(SORT_BY_NAME(SORT_BY_ALIGNMENT(._fuel_gauge_emul_driver_api.static.*)))
                0x000000000800977c                _fuel_gauge_emul_driver_api_list_end = .

emul_sensor_driver_api_area
                0x000000000800977c        0x0
                0x000000000800977c                _emul_sensor_driver_api_list_start = .
 *(SORT_BY_NAME(SORT_BY_ALIGNMENT(._emul_sensor_driver_api.static.*)))
                0x000000000800977c                _emul_sensor_driver_api_list_end = .

entropy_driver_api_area
                0x000000000800977c        0x0
                0x000000000800977c                _entropy_driver_api_list_start = .
 *(SORT_BY_NAME(SORT_BY_ALIGNMENT(._entropy_driver_api.static.*)))
                0x000000000800977c                _entropy_driver_api_list_end = .

espi_driver_api_area
                0x000000000800977c        0x0
                0x000000000800977c                _espi_driver_api_list_start = .
 *(SORT_BY_NAME(SORT_BY_ALIGNMENT(._espi_driver_api.static.*)))
                0x000000000800977c                _espi_driver_api_list_end = .

espi_saf_driver_api_area
                0x000000000800977c        0x0
                0x000000000800977c                _espi_saf_driver_api_list_start = .
 *(SORT_BY_NAME(SORT_BY_ALIGNMENT(._espi_saf_driver_api.static.*)))
                0x000000000800977c                _espi_saf_driver_api_list_end = .

flash_driver_api_area
                0x000000000800977c        0x0
                0x000000000800977c                _flash_driver_api_list_start = .
 *(SORT_BY_NAME(SORT_BY_ALIGNMENT(._flash_driver_api.static.*)))
                0x000000000800977c                _flash_driver_api_list_end = .

fpga_driver_api_area
                0x000000000800977c        0x0
                0x000000000800977c                _fpga_driver_api_list_start = .
 *(SORT_BY_NAME(SORT_BY_ALIGNMENT(._fpga_driver_api.static.*)))
                0x000000000800977c                _fpga_driver_api_list_end = .

fuel_gauge_driver_api_area
                0x000000000800977c        0x0
                0x000000000800977c                _fuel_gauge_driver_api_list_start = .
 *(SORT_BY_NAME(SORT_BY_ALIGNMENT(._fuel_gauge_driver_api.static.*)))
                0x000000000800977c                _fuel_gauge_driver_api_list_end = .

gnss_driver_api_area
                0x000000000800977c        0x0
                0x000000000800977c                _gnss_driver_api_list_start = .
 *(SORT_BY_NAME(SORT_BY_ALIGNMENT(._gnss_driver_api.static.*)))
                0x000000000800977c                _gnss_driver_api_list_end = .

haptics_driver_api_area
                0x000000000800977c        0x0
                0x000000000800977c                _haptics_driver_api_list_start = .
 *(SORT_BY_NAME(SORT_BY_ALIGNMENT(._haptics_driver_api.static.*)))
                0x000000000800977c                _haptics_driver_api_list_end = .

hwspinlock_driver_api_area
                0x000000000800977c        0x0
                0x000000000800977c                _hwspinlock_driver_api_list_start = .
 *(SORT_BY_NAME(SORT_BY_ALIGNMENT(._hwspinlock_driver_api.static.*)))
                0x000000000800977c                _hwspinlock_driver_api_list_end = .

i2s_driver_api_area
                0x000000000800977c        0x0
                0x000000000800977c                _i2s_driver_api_list_start = .
 *(SORT_BY_NAME(SORT_BY_ALIGNMENT(._i2s_driver_api.static.*)))
                0x000000000800977c                _i2s_driver_api_list_end = .

i3c_driver_api_area
                0x000000000800977c        0x0
                0x000000000800977c                _i3c_driver_api_list_start = .
 *(SORT_BY_NAME(SORT_BY_ALIGNMENT(._i3c_driver_api.static.*)))
                0x000000000800977c                _i3c_driver_api_list_end = .

ipm_driver_api_area
                0x000000000800977c        0x0
                0x000000000800977c                _ipm_driver_api_list_start = .
 *(SORT_BY_NAME(SORT_BY_ALIGNMENT(._ipm_driver_api.static.*)))
                0x000000000800977c                _ipm_driver_api_list_end = .

led_driver_api_area
                0x000000000800977c        0x0
                0x000000000800977c                _led_driver_api_list_start = .
 *(SORT_BY_NAME(SORT_BY_ALIGNMENT(._led_driver_api.static.*)))
                0x000000000800977c                _led_driver_api_list_end = .

led_strip_driver_api_area
                0x000000000800977c        0x0
                0x000000000800977c                _led_strip_driver_api_list_start = .
 *(SORT_BY_NAME(SORT_BY_ALIGNMENT(._led_strip_driver_api.static.*)))
                0x000000000800977c                _led_strip_driver_api_list_end = .

lora_driver_api_area
                0x000000000800977c        0x0
                0x000000000800977c                _lora_driver_api_list_start = .
 *(SORT_BY_NAME(SORT_BY_ALIGNMENT(._lora_driver_api.static.*)))
                0x000000000800977c                _lora_driver_api_list_end = .

mbox_driver_api_area
                0x000000000800977c        0x0
                0x000000000800977c                _mbox_driver_api_list_start = .
 *(SORT_BY_NAME(SORT_BY_ALIGNMENT(._mbox_driver_api.static.*)))
                0x000000000800977c                _mbox_driver_api_list_end = .

mdio_driver_api_area
                0x000000000800977c        0x0
                0x000000000800977c                _mdio_driver_api_list_start = .
 *(SORT_BY_NAME(SORT_BY_ALIGNMENT(._mdio_driver_api.static.*)))
                0x000000000800977c                _mdio_driver_api_list_end = .

mipi_dbi_driver_api_area
                0x000000000800977c        0x0
                0x000000000800977c                _mipi_dbi_driver_api_list_start = .
 *(SORT_BY_NAME(SORT_BY_ALIGNMENT(._mipi_dbi_driver_api.static.*)))
                0x000000000800977c                _mipi_dbi_driver_api_list_end = .

mipi_dsi_driver_api_area
                0x000000000800977c        0x0
                0x000000000800977c                _mipi_dsi_driver_api_list_start = .
 *(SORT_BY_NAME(SORT_BY_ALIGNMENT(._mipi_dsi_driver_api.static.*)))
                0x000000000800977c                _mipi_dsi_driver_api_list_end = .

mspi_driver_api_area
                0x000000000800977c        0x0
                0x000000000800977c                _mspi_driver_api_list_start = .
 *(SORT_BY_NAME(SORT_BY_ALIGNMENT(._mspi_driver_api.static.*)))
                0x000000000800977c                _mspi_driver_api_list_end = .

opamp_driver_api_area
                0x000000000800977c        0x0
                0x000000000800977c                _opamp_driver_api_list_start = .
 *(SORT_BY_NAME(SORT_BY_ALIGNMENT(._opamp_driver_api.static.*)))
                0x000000000800977c                _opamp_driver_api_list_end = .

peci_driver_api_area
                0x000000000800977c        0x0
                0x000000000800977c                _peci_driver_api_list_start = .
 *(SORT_BY_NAME(SORT_BY_ALIGNMENT(._peci_driver_api.static.*)))
                0x000000000800977c                _peci_driver_api_list_end = .

ps2_driver_api_area
                0x000000000800977c        0x0
                0x000000000800977c                _ps2_driver_api_list_start = .
 *(SORT_BY_NAME(SORT_BY_ALIGNMENT(._ps2_driver_api.static.*)))
                0x000000000800977c                _ps2_driver_api_list_end = .

ptp_clock_driver_api_area
                0x000000000800977c        0x0
                0x000000000800977c                _ptp_clock_driver_api_list_start = .
 *(SORT_BY_NAME(SORT_BY_ALIGNMENT(._ptp_clock_driver_api.static.*)))
                0x000000000800977c                _ptp_clock_driver_api_list_end = .

pwm_driver_api_area
                0x000000000800977c        0x0
                0x000000000800977c                _pwm_driver_api_list_start = .
 *(SORT_BY_NAME(SORT_BY_ALIGNMENT(._pwm_driver_api.static.*)))
                0x000000000800977c                _pwm_driver_api_list_end = .

regulator_parent_driver_api_area
                0x000000000800977c        0x0
                0x000000000800977c                _regulator_parent_driver_api_list_start = .
 *(SORT_BY_NAME(SORT_BY_ALIGNMENT(._regulator_parent_driver_api.static.*)))
                0x000000000800977c                _regulator_parent_driver_api_list_end = .

regulator_driver_api_area
                0x000000000800977c        0x0
                0x000000000800977c                _regulator_driver_api_list_start = .
 *(SORT_BY_NAME(SORT_BY_ALIGNMENT(._regulator_driver_api.static.*)))
                0x000000000800977c                _regulator_driver_api_list_end = .

retained_mem_driver_api_area
                0x000000000800977c        0x0
                0x000000000800977c                _retained_mem_driver_api_list_start = .
 *(SORT_BY_NAME(SORT_BY_ALIGNMENT(._retained_mem_driver_api.static.*)))
                0x000000000800977c                _retained_mem_driver_api_list_end = .

rtc_driver_api_area
                0x000000000800977c        0x0
                0x000000000800977c                _rtc_driver_api_list_start = .
 *(SORT_BY_NAME(SORT_BY_ALIGNMENT(._rtc_driver_api.static.*)))
                0x000000000800977c                _rtc_driver_api_list_end = .

sdhc_driver_api_area
                0x000000000800977c        0x0
                0x000000000800977c                _sdhc_driver_api_list_start = .
 *(SORT_BY_NAME(SORT_BY_ALIGNMENT(._sdhc_driver_api.static.*)))
                0x000000000800977c                _sdhc_driver_api_list_end = .

sensor_driver_api_area
                0x000000000800977c        0x0
                0x000000000800977c                _sensor_driver_api_list_start = .
 *(SORT_BY_NAME(SORT_BY_ALIGNMENT(._sensor_driver_api.static.*)))
                0x000000000800977c                _sensor_driver_api_list_end = .

smbus_driver_api_area
                0x000000000800977c        0x0
                0x000000000800977c                _smbus_driver_api_list_start = .
 *(SORT_BY_NAME(SORT_BY_ALIGNMENT(._smbus_driver_api.static.*)))